2016-11-29 11:21:43,789 DEBUG  On Start
2016-11-29 11:21:46,426 DEBUG  
Creating SIP account 10.17.0.201:5060
2016-11-29 11:21:47,092 DEBUG  Phoneline created. Ext = 4555
2016-11-29 11:21:47,111 DEBUG  Phone line state changed: RegistrationRequested
2016-11-29 11:21:47,870 DEBUG  Phone line state changed: RegistrationSucceeded
2016-11-29 11:21:47,872 DEBUG  SipExtensionRegister Ext: 4555
2016-11-29 11:21:47,873 DEBUG  Registration succeeded - Online!
2016-11-29 11:21:48,129 DEBUG  Call ID: 1
2016-11-29 11:21:48,411 DEBUG  State Setup
2016-11-29 11:21:48,512 DEBUG  Trying to call: 03929559
2016-11-29 11:21:49,708 DEBUG  State RingingWithEarlyMedia
2016-11-29 11:21:58,515 DEBUG  Dequeue: TimeOut
2016-11-29 11:21:58,518 DEBUG  Call Length: 0 Seconds
2016-11-29 11:21:58,627 DEBUG  Dequeue: End
2016-11-29 11:21:58,630 DEBUG  SetDialerEvent Ext: 4555, RecID: 123456, State: NO_ANSWER
2016-11-29 11:22:16,518 DEBUG  On Start
2016-11-29 11:22:18,895 DEBUG  
Creating SIP account 10.17.0.201:5060
2016-11-29 11:22:19,558 DEBUG  Phoneline created. Ext = 4555
2016-11-29 11:22:19,575 DEBUG  Phone line state changed: RegistrationRequested
2016-11-29 11:22:19,915 DEBUG  Phone line state changed: RegistrationSucceeded
2016-11-29 11:22:19,919 DEBUG  SipExtensionRegister Ext: 4555
2016-11-29 11:22:19,922 DEBUG  Registration succeeded - Online!
2016-11-29 11:22:20,173 DEBUG  Call ID: 1
2016-11-29 11:22:20,469 DEBUG  State Setup
2016-11-29 11:22:20,571 DEBUG  Trying to call: 039295559
2016-11-29 11:22:20,928 DEBUG  State Ringing
2016-11-29 11:22:21,261 DEBUG  State RingingWithEarlyMedia
2016-11-29 11:22:26,734 DEBUG  State InCall
2016-11-29 11:22:26,734 DEBUG  Dequeue: Answer
2016-11-29 11:22:44,303 DEBUG  Dequeue: TimeOut
2016-11-29 11:22:53,731 DEBUG  Dequeue: TimeOut
2016-11-29 11:23:01,427 DEBUG  Dequeue: DTMF2
2016-11-29 11:23:01,429 DEBUG  SetDialerEvent Ext: 4555, RecID: 123456, State: RESCHEDULE
2016-11-29 11:23:04,790 DEBUG  Call Length: 38.0558052 Seconds
2016-11-29 11:23:04,884 DEBUG  Dequeue: End
2016-11-29 11:25:17,824 DEBUG  On Start
2016-11-29 11:25:20,508 DEBUG  
Creating SIP account 10.17.0.201:5060
2016-11-29 11:25:21,260 DEBUG  Phoneline created. Ext = 4555
2016-11-29 11:25:21,279 DEBUG  Phone line state changed: RegistrationRequested
2016-11-29 11:25:21,648 DEBUG  Phone line state changed: RegistrationSucceeded
2016-11-29 11:25:21,651 DEBUG  SipExtensionRegister Ext: 4555
2016-11-29 11:25:21,654 DEBUG  Registration succeeded - Online!
2016-11-29 11:25:21,904 DEBUG  Call ID: 1
2016-11-29 11:25:22,249 DEBUG  State Setup
2016-11-29 11:25:22,371 DEBUG  Trying to call: 039295559
2016-11-29 11:25:22,756 DEBUG  State Ringing
2016-11-29 11:25:22,923 DEBUG  State RingingWithEarlyMedia
2016-11-29 11:25:24,699 DEBUG  State InCall
2016-11-29 11:25:24,699 DEBUG  Dequeue: Answer
2016-11-29 11:25:31,594 DEBUG  Dequeue: DTMF1
2016-11-29 11:25:31,681 DEBUG  State LocalHeld
2016-11-29 11:25:41,625 DEBUG  Dequeue: TimeOut
2016-11-29 11:25:41,731 INFO   Attended transfer to number 4556 failed due timeout ringing
2016-11-29 11:25:41,735 DEBUG  SetDialerEvent Ext: 4555, RecID: 123456, State: NO_ANSWER_AGENT
2016-11-29 11:25:41,740 DEBUG  Call Length: 17.0407039 Seconds
2016-11-29 11:25:41,753 DEBUG  Dequeue: End
2016-11-29 11:26:33,669 DEBUG  On Start
2016-11-29 11:26:36,426 DEBUG  
Creating SIP account 10.17.0.201:5060
2016-11-29 11:26:37,174 DEBUG  Phoneline created. Ext = 4555
2016-11-29 11:26:37,192 DEBUG  Phone line state changed: RegistrationRequested
2016-11-29 11:26:37,541 DEBUG  Phone line state changed: RegistrationSucceeded
2016-11-29 11:26:37,545 DEBUG  SipExtensionRegister Ext: 4555
2016-11-29 11:26:37,548 DEBUG  Registration succeeded - Online!
2016-11-29 11:26:37,819 DEBUG  Call ID: 1
2016-11-29 11:26:38,169 DEBUG  State Setup
2016-11-29 11:26:38,301 DEBUG  Trying to call: 039295559
2016-11-29 11:26:38,671 DEBUG  State Ringing
2016-11-29 11:26:38,831 DEBUG  State RingingWithEarlyMedia
2016-11-29 11:26:41,074 DEBUG  State InCall
2016-11-29 11:26:41,074 DEBUG  Dequeue: Answer
2016-11-29 11:26:47,628 DEBUG  Dequeue: DTMF1
2016-11-29 11:26:47,699 DEBUG  State LocalHeld
2016-11-29 11:26:51,773 DEBUG  Dequeue: Answer
2016-11-29 11:26:51,775 DEBUG  SetDialerEvent Ext: 4555, RecID: 123456, State: CONNECTED
2016-11-29 11:26:52,779 DEBUG  Call Length: 11.7051704 Seconds
2016-11-29 11:26:52,783 DEBUG  Dequeue: Transffering
2016-11-29 11:28:24,540 DEBUG  On Start
2016-11-29 11:28:27,232 DEBUG  
Creating SIP account 10.17.0.201:5060
2016-11-29 11:28:27,962 DEBUG  Phoneline created. Ext = 4555
2016-11-29 11:28:27,979 DEBUG  Phone line state changed: RegistrationRequested
2016-11-29 11:28:28,329 DEBUG  Phone line state changed: RegistrationSucceeded
2016-11-29 11:28:28,333 DEBUG  SipExtensionRegister Ext: 4555
2016-11-29 11:28:28,337 DEBUG  Registration succeeded - Online!
2016-11-29 11:28:28,612 DEBUG  Call ID: 1
2016-11-29 11:28:28,961 DEBUG  State Setup
2016-11-29 11:28:29,092 DEBUG  Trying to call: 039295559
2016-11-29 11:28:29,459 DEBUG  State Ringing
2016-11-29 11:28:29,636 DEBUG  State RingingWithEarlyMedia
2016-11-29 11:28:33,333 DEBUG  State InCall
2016-11-29 11:28:33,334 DEBUG  Dequeue: Answer
2016-11-29 11:28:40,228 DEBUG  Dequeue: DTMF1
2016-11-29 11:28:40,309 DEBUG  State LocalHeld
2016-11-29 11:28:47,307 DEBUG  Dequeue: Answer
2016-11-29 11:28:47,313 DEBUG  SetDialerEvent Ext: 4555, RecID: 123456, State: CONNECTED
2016-11-29 11:28:48,341 DEBUG  Call Length: 15.0085007 Seconds
2016-11-29 11:28:48,345 DEBUG  Dequeue: Transffering
2016-11-29 11:29:42,409 DEBUG  On Start
2016-11-29 11:29:45,170 DEBUG  
Creating SIP account 10.17.0.201:5060
2016-11-29 11:29:45,919 DEBUG  Phoneline created. Ext = 4555
2016-11-29 11:29:45,936 DEBUG  Phone line state changed: RegistrationRequested
2016-11-29 11:29:46,384 DEBUG  Phone line state changed: RegistrationSucceeded
2016-11-29 11:29:46,388 DEBUG  SipExtensionRegister Ext: 4555
2016-11-29 11:29:46,392 DEBUG  Registration succeeded - Online!
2016-11-29 11:29:46,572 DEBUG  Call ID: 1
2016-11-29 11:29:46,931 DEBUG  State Setup
2016-11-29 11:29:47,057 DEBUG  Trying to call: 039295559
2016-11-29 11:29:47,477 DEBUG  State Ringing
2016-11-29 11:29:47,661 DEBUG  State RingingWithEarlyMedia
2016-11-29 11:29:49,579 DEBUG  State InCall
2016-11-29 11:29:49,579 DEBUG  Dequeue: Answer
2016-11-29 11:29:55,975 DEBUG  Dequeue: DTMF1
2016-11-29 11:29:56,035 DEBUG  Dequeue: Transffering
2016-11-29 11:29:56,039 DEBUG  SetDialerEvent Ext: 4555, RecID: 123456, State: CONNECTED
2016-11-29 11:29:56,044 DEBUG  Call Length: 6.4646464 Seconds
2016-11-29 11:29:56,151 DEBUG  Dequeue: End
2016-11-29 11:32:15,596 DEBUG  On Start
2016-11-29 11:32:18,332 DEBUG  
Creating SIP account 10.17.0.201:5060
2016-11-29 11:32:19,098 DEBUG  Phoneline created. Ext = 4555
2016-11-29 11:32:19,117 DEBUG  Phone line state changed: RegistrationRequested
2016-11-29 11:32:19,564 DEBUG  Phone line state changed: RegistrationSucceeded
2016-11-29 11:32:19,568 DEBUG  SipExtensionRegister Ext: 4555
2016-11-29 11:32:19,571 DEBUG  Registration succeeded - Online!
2016-11-29 11:32:19,763 DEBUG  Call ID: 1
2016-11-29 11:32:20,112 DEBUG  State Setup
2016-11-29 11:32:20,238 DEBUG  Trying to call: 039295559
2016-11-29 11:32:20,670 DEBUG  State Ringing
2016-11-29 11:32:20,857 DEBUG  State RingingWithEarlyMedia
2016-11-29 11:32:22,146 DEBUG  State InCall
2016-11-29 11:32:22,147 DEBUG  Dequeue: Answer
2016-11-29 11:32:30,450 DEBUG  Dequeue: DTMF1
2016-11-29 11:32:30,565 DEBUG  State LocalHeld
2016-11-29 11:32:30,569 DEBUG  Dequeue: Transffering
2016-11-29 11:32:30,575 DEBUG  SetDialerEvent Ext: 4555, RecID: 123456, State: CONNECTED
2016-11-29 11:32:30,582 DEBUG  Call Length: 8.4358435 Seconds
2016-11-29 11:32:30,720 DEBUG  Dequeue: End
2016-11-29 11:52:55,210 DEBUG  On Start
2016-11-29 11:52:57,904 DEBUG  
Creating SIP account 10.17.0.201:5060
2016-11-29 11:52:58,667 DEBUG  Phoneline created. Ext = 4555
2016-11-29 11:52:58,684 DEBUG  Phone line state changed: RegistrationRequested
2016-11-29 11:52:59,239 DEBUG  Phone line state changed: RegistrationSucceeded
2016-11-29 11:53:00,231 DEBUG  Registration succeeded - Online!
2016-11-29 11:53:50,254 DEBUG  On Start
2016-11-29 11:53:52,965 DEBUG  
Creating SIP account 10.17.0.201:5060
2016-11-29 11:53:53,708 DEBUG  Phoneline created. Ext = 4555
2016-11-29 11:53:53,727 DEBUG  Phone line state changed: RegistrationRequested
2016-11-29 11:53:54,185 DEBUG  Phone line state changed: RegistrationSucceeded
2016-11-29 11:53:55,440 DEBUG  Registration succeeded - Online!
2016-11-29 11:55:01,215 DEBUG  Call ID: 1
2016-11-29 11:55:01,251 ERROR  ExceptionSystem.ArgumentNullException: Key cannot be null.
Parameter name: key
   at System.Collections.Hashtable.get_Item(Object key)
   at MEDialer.Softphones.get_Item(String index) in c:\Users\michaelep\Documents\Visual Studio 2012\Projects\DialerService\DialerService\Softphone.cs:line 523
   at MEDialer.Dialer.RunScriptThread(Script script, CallID callID) in c:\Users\michaelep\Documents\Visual Studio 2012\Projects\DialerService\DialerService\Dialer.cs:line 83
2016-11-29 12:02:15,204 DEBUG  On Start
2016-11-29 12:02:17,973 DEBUG  
Creating SIP account 10.17.0.201:5060
2016-11-29 12:02:18,765 DEBUG  Phoneline created. Ext = 4555
2016-11-29 12:02:18,785 DEBUG  Phone line state changed: RegistrationRequested
2016-11-29 12:02:19,256 DEBUG  Phone line state changed: RegistrationSucceeded
2016-11-29 12:02:20,591 DEBUG  Registration succeeded - Online!
2016-11-29 12:03:00,762 DEBUG  Call ID: 1
2016-11-29 12:03:01,132 DEBUG  State Setup
2016-11-29 12:03:01,261 DEBUG  Trying to call: 039295559
2016-11-29 12:03:01,646 DEBUG  State Ringing
2016-11-29 12:03:01,813 DEBUG  State RingingWithEarlyMedia
2016-11-29 12:03:04,083 DEBUG  State InCall
2016-11-29 12:03:04,083 DEBUG  Dequeue: Answer
2016-11-29 12:03:14,219 DEBUG  Dequeue: DTMF1
2016-11-29 12:03:14,346 DEBUG  State LocalHeld
2016-11-29 12:03:14,350 DEBUG  Dequeue: Transffering
2016-11-29 12:03:14,374 DEBUG  Call Length: 10.291029 Seconds
2016-11-29 12:03:14,495 DEBUG  Dequeue: End
2016-11-29 12:06:28,808 DEBUG  On Start
2016-11-29 12:06:31,568 DEBUG  
Creating SIP account 10.17.0.201:5060
2016-11-29 12:06:32,343 DEBUG  Phoneline created. Ext = 4555
2016-11-29 12:06:32,362 DEBUG  Phone line state changed: RegistrationRequested
2016-11-29 12:06:32,874 DEBUG  Phone line state changed: RegistrationSucceeded
2016-11-29 12:06:34,105 DEBUG  Registration succeeded - Online!
2016-11-29 12:09:00,717 DEBUG  Dail, Ext: 4555
2016-11-29 12:09:01,015 DEBUG  State Setup
2016-11-29 12:09:01,116 DEBUG  Trying to call: 039295559
2016-11-29 12:09:01,498 DEBUG  State Ringing
2016-11-29 12:09:01,697 DEBUG  State RingingWithEarlyMedia
2016-11-29 12:09:06,069 DEBUG  State InCall
2016-11-29 12:09:06,069 DEBUG  Dequeue: Answer
2016-11-29 12:09:13,362 DEBUG  Dequeue: DTMF2
2016-11-29 12:09:13,674 DEBUG  Dail, Ext: 4555
2016-11-29 12:09:13,684 ERROR  No available softphone
2016-11-29 12:09:16,745 DEBUG  Call Length: 10.6760675 Seconds
2016-11-29 12:09:16,844 DEBUG  Dequeue: End
2016-11-29 12:13:12,979 DEBUG  On Start
2016-11-29 12:13:15,245 DEBUG  
Creating SIP account 10.17.0.201:5060
2016-11-29 12:13:15,926 DEBUG  Phoneline created. Ext = 4555
2016-11-29 12:13:15,941 DEBUG  Phone line state changed: RegistrationRequested
2016-11-29 12:13:16,282 DEBUG  Phone line state changed: RegistrationSucceeded
2016-11-29 12:13:17,327 DEBUG  Registration succeeded - Online!
2016-11-29 12:13:18,296 DEBUG  Dail, Ext: 4555
2016-11-29 12:13:18,628 DEBUG  State Setup
2016-11-29 12:13:18,740 DEBUG  Trying to call: 8932
2016-11-29 12:13:18,861 DEBUG  State Ringing
2016-11-29 12:13:28,746 DEBUG  Dequeue: TimeOut
2016-11-29 12:13:28,759 DEBUG  Call Length: 0 Seconds
2016-11-29 12:13:28,881 DEBUG  Dequeue: End
2016-11-29 12:13:29,208 DEBUG  Dail, Ext: 4555
2016-11-29 12:13:29,229 DEBUG  State Setup
2016-11-29 12:13:29,231 DEBUG  Trying to call: 8932
2016-11-29 12:13:29,278 DEBUG  State Ringing
2016-11-29 12:13:29,278 DEBUG  State Ringing
2016-11-29 12:13:39,232 DEBUG  Dequeue: TimeOut
2016-11-29 12:13:39,233 DEBUG  Call Length: 0 Seconds
2016-11-29 12:13:39,234 DEBUG  Dequeue: End
2016-11-29 12:13:39,366 DEBUG  Dail, Ext: 4555
2016-11-29 12:13:39,379 DEBUG  State Setup
2016-11-29 12:13:39,381 DEBUG  Trying to call: 8932
2016-11-29 12:13:39,426 DEBUG  State Ringing
2016-11-29 12:13:49,382 DEBUG  Dequeue: TimeOut
2016-11-29 12:13:49,383 DEBUG  Call Length: 0 Seconds
2016-11-29 12:13:49,389 DEBUG  Dequeue: End
2016-11-29 12:42:57,757 DEBUG  On Start
2016-11-29 12:43:00,324 DEBUG  
Creating SIP account 10.17.0.201:5060
2016-11-29 12:43:00,986 DEBUG  Phoneline created. Ext = 4555
2016-11-29 12:43:01,004 DEBUG  Phone line state changed: RegistrationRequested
2016-11-29 12:43:01,441 DEBUG  Phone line state changed: RegistrationSucceeded
2016-11-29 12:43:01,446 DEBUG  SipExtensionRegister Ext: 4555
2016-11-29 12:43:01,449 DEBUG  Registration succeeded - Online!
2016-11-29 12:43:01,605 DEBUG  Dail, Ext: 4555, CallTo: 039295559, TranTo: 4556
2016-11-29 12:43:01,910 DEBUG  State Setup
2016-11-29 12:43:02,016 DEBUG  Trying to call: 039295559
2016-11-29 12:43:02,653 DEBUG  State Ringing
2016-11-29 12:43:02,834 DEBUG  State RingingWithEarlyMedia
2016-11-29 12:43:04,493 DEBUG  State InCall
2016-11-29 12:43:04,493 DEBUG  Dequeue: Answer
2016-11-29 12:43:10,007 DEBUG  Dequeue: DTMF3
2016-11-29 12:43:13,375 DEBUG  Call Length: 8.8818881 Seconds
2016-11-29 12:43:13,481 DEBUG  Dequeue: End
2016-11-29 12:43:13,486 DEBUG  SetDialerEvent Ext: 4555, RecID: 123456, State: CANCEL
2016-11-29 12:43:50,899 DEBUG  On Start
2016-11-29 12:43:53,414 DEBUG  
Creating SIP account 10.17.0.201:5060
2016-11-29 12:43:54,098 DEBUG  Phoneline created. Ext = 4555
2016-11-29 12:43:54,117 DEBUG  Phone line state changed: RegistrationRequested
2016-11-29 12:43:54,502 DEBUG  Phone line state changed: RegistrationSucceeded
2016-11-29 12:43:54,505 DEBUG  SipExtensionRegister Ext: 4555
2016-11-29 12:43:55,660 DEBUG  Registration succeeded - Online!
2016-11-29 12:46:59,117 DEBUG  On Start
2016-11-29 12:47:01,559 DEBUG  
Creating SIP account 10.17.0.201:5060
2016-11-29 12:47:02,274 DEBUG  Phoneline created. Ext = 4555
2016-11-29 12:47:02,295 DEBUG  Phone line state changed: RegistrationRequested
2016-11-29 12:47:02,672 DEBUG  Phone line state changed: RegistrationSucceeded
2016-11-29 12:47:02,675 DEBUG  SipExtensionRegister Ext: 4555
2016-11-29 12:47:03,825 DEBUG  Registration succeeded - Online!
2016-11-29 12:48:01,357 DEBUG  Dail, Ext: 4555, CallTo: 039295559, TranTo: 4556
2016-11-29 12:48:01,694 DEBUG  State Setup
2016-11-29 12:48:01,806 DEBUG  Trying to call: 039295559
2016-11-29 12:48:02,183 DEBUG  State Ringing
2016-11-29 12:48:02,348 DEBUG  State RingingWithEarlyMedia
2016-11-29 12:48:11,813 DEBUG  Dequeue: TimeOut
2016-11-29 12:49:04,770 DEBUG  State InCall
2016-11-29 12:50:41,612 DEBUG  On Start
2016-11-29 12:50:43,980 DEBUG  
Creating SIP account 10.17.0.201:5060
2016-11-29 12:50:44,720 DEBUG  Phoneline created. Ext = 4555
2016-11-29 12:50:44,737 DEBUG  Phone line state changed: RegistrationRequested
2016-11-29 12:50:45,111 DEBUG  Phone line state changed: RegistrationSucceeded
2016-11-29 12:50:45,115 DEBUG  SipExtensionRegister Ext: 4555
2016-11-29 12:50:46,239 DEBUG  Registration succeeded - Online!
2016-11-29 12:50:46,597 DEBUG  Dail, Ext: 4555, CallTo: 8932, TranTo: 4556
2016-11-29 12:50:46,946 DEBUG  State Setup
2016-11-29 12:50:47,063 DEBUG  Trying to call: 8932
2016-11-29 12:50:47,173 DEBUG  State Ringing
2016-11-29 12:50:57,072 DEBUG  Dequeue: TimeOut
2016-11-29 12:50:58,104 DEBUG  State InCall
2016-11-29 12:51:35,408 DEBUG  On Start
2016-11-29 12:51:37,781 DEBUG  
Creating SIP account 10.17.0.201:5060
2016-11-29 12:51:38,475 DEBUG  Phoneline created. Ext = 4555
2016-11-29 12:51:38,493 DEBUG  Phone line state changed: RegistrationRequested
2016-11-29 12:51:38,882 DEBUG  Phone line state changed: RegistrationSucceeded
2016-11-29 12:51:38,886 DEBUG  SipExtensionRegister Ext: 4555
2016-11-29 12:51:38,888 DEBUG  Registration succeeded - Online!
2016-11-29 12:51:39,117 DEBUG  Dail, Ext: 4555, CallTo: 039295559, TranTo: 4556
2016-11-29 12:51:39,460 DEBUG  State Setup
2016-11-29 12:51:39,583 DEBUG  Trying to call: 039295559
2016-11-29 12:51:39,957 DEBUG  State Ringing
2016-11-29 12:51:40,090 DEBUG  State RingingWithEarlyMedia
2016-11-29 12:51:42,601 DEBUG  State InCall
2016-11-29 12:51:42,601 DEBUG  Dequeue: Answer
2016-11-29 12:51:48,640 DEBUG  Dequeue: DTMF3
2016-11-29 12:51:52,018 DEBUG  Call Length: 9.4169416 Seconds
2016-11-29 12:51:52,127 DEBUG  Dequeue: End
2016-11-29 12:51:52,132 DEBUG  SetDialerEvent Ext: 4555, RecID: 123456, State: CANCEL
2016-11-29 12:52:05,198 DEBUG  On Start
2016-11-29 12:52:07,595 DEBUG  
Creating SIP account 10.17.0.201:5060
2016-11-29 12:52:08,261 DEBUG  Phoneline created. Ext = 4555
2016-11-29 12:52:08,280 DEBUG  Phone line state changed: RegistrationRequested
2016-11-29 12:52:08,648 DEBUG  Phone line state changed: RegistrationSucceeded
2016-11-29 12:52:08,652 DEBUG  SipExtensionRegister Ext: 4555
2016-11-29 12:52:08,655 DEBUG  Registration succeeded - Online!
2016-11-29 12:52:08,894 DEBUG  Dail, Ext: 4555, CallTo: 03929559, TranTo: 4556
2016-11-29 12:52:09,237 DEBUG  State Setup
2016-11-29 12:52:09,354 DEBUG  Trying to call: 03929559
2016-11-29 12:52:09,653 DEBUG  State RingingWithEarlyMedia
2016-11-29 12:52:18,942 DEBUG  Dequeue: End
2016-11-29 12:56:15,906 DEBUG  On Start
2016-11-29 12:56:18,330 DEBUG  
Creating SIP account 10.17.0.201:5060
2016-11-29 12:56:19,028 DEBUG  Phoneline created. Ext = 4555
2016-11-29 12:56:19,046 DEBUG  Phone line state changed: RegistrationRequested
2016-11-29 12:56:19,486 DEBUG  Phone line state changed: RegistrationSucceeded
2016-11-29 12:56:19,493 DEBUG  SipExtensionRegister Ext: 4555
2016-11-29 12:56:19,497 DEBUG  Registration succeeded - Online!
2016-11-29 12:56:19,660 DEBUG  Dail, Ext: 4555, CallTo: 03929559, TranTo: 4556
2016-11-29 12:56:20,005 DEBUG  State Setup
2016-11-29 12:56:20,119 DEBUG  Trying to call: 03929559
2016-11-29 12:56:20,633 DEBUG  State RingingWithEarlyMedia
2016-11-29 12:56:29,824 DEBUG  Dequeue: End
2016-11-29 12:57:28,385 DEBUG  On Start
2016-11-29 12:57:30,878 DEBUG  
Creating SIP account 10.17.0.201:5060
2016-11-29 12:57:31,666 DEBUG  Phoneline created. Ext = 4555
2016-11-29 12:57:31,688 DEBUG  Phone line state changed: RegistrationRequested
2016-11-29 12:57:32,086 DEBUG  Phone line state changed: RegistrationSucceeded
2016-11-29 12:57:32,093 DEBUG  SipExtensionRegister Ext: 4555
2016-11-29 12:57:33,465 DEBUG  Registration succeeded - Online!
2016-11-29 12:57:56,671 DEBUG  On Start
2016-11-29 12:57:59,057 DEBUG  
Creating SIP account 10.17.0.201:5060
2016-11-29 12:57:59,726 DEBUG  Phoneline created. Ext = 4555
2016-11-29 12:57:59,742 DEBUG  Phone line state changed: RegistrationRequested
2016-11-29 12:58:00,102 DEBUG  Phone line state changed: RegistrationSucceeded
2016-11-29 12:58:00,106 DEBUG  SipExtensionRegister Ext: 4555
2016-11-29 12:58:00,109 DEBUG  Registration succeeded - Online!
2016-11-29 12:58:00,348 DEBUG  Dail, Ext: 4555, CallTo: 03929559, TranTo: 4556
2016-11-29 12:58:00,354 DEBUG  Dail, Ext: 4555, CallTo: 03929559, TranTo: 4556
2016-11-29 12:58:00,366 ERROR  No available softphone
2016-11-29 12:58:00,689 DEBUG  State Setup
2016-11-29 12:58:00,830 DEBUG  Trying to call: 03929559
2016-11-29 12:58:01,217 DEBUG  State RingingWithEarlyMedia
2016-11-29 12:58:15,110 DEBUG  On Start
2016-11-29 12:58:17,485 DEBUG  
Creating SIP account 10.17.0.201:5060
2016-11-29 12:58:18,171 DEBUG  Phoneline created. Ext = 4555
2016-11-29 12:58:18,194 DEBUG  Phone line state changed: RegistrationRequested
2016-11-29 12:58:18,599 DEBUG  Phone line state changed: RegistrationSucceeded
2016-11-29 12:58:18,603 DEBUG  SipExtensionRegister Ext: 4555
2016-11-29 12:58:18,607 DEBUG  Registration succeeded - Online!
2016-11-29 12:58:18,872 DEBUG  Dail, Ext: 4555, CallTo: 039295559, TranTo: 4556
2016-11-29 12:58:18,881 DEBUG  Dail, Ext: 4555, CallTo: 039295559, TranTo: 4556
2016-11-29 12:58:18,888 ERROR  No available softphone
2016-11-29 12:58:19,216 DEBUG  State Setup
2016-11-29 12:58:19,330 DEBUG  Trying to call: 039295559
2016-11-29 12:58:19,717 DEBUG  State Ringing
2016-11-29 12:58:19,922 DEBUG  State RingingWithEarlyMedia
2016-11-29 12:58:21,924 DEBUG  State InCall
2016-11-29 12:58:21,924 DEBUG  Dequeue: Answer
2016-11-29 12:58:29,678 DEBUG  Dequeue: DTMF1
2016-11-29 12:58:29,795 DEBUG  State LocalHeld
2016-11-29 12:58:29,810 DEBUG  Dequeue: Transffering
2016-11-29 12:58:33,192 DEBUG  Call Length: 11.2681267 Seconds
2016-11-29 12:58:33,317 DEBUG  Dequeue: End
2016-11-29 12:58:33,322 DEBUG  SetDialerEvent Ext: 4555, RecID: 123456, State: CONNECTED
2016-11-29 13:09:10,037 DEBUG  On Start
2016-11-29 13:09:12,354 DEBUG  
Creating SIP account 10.17.0.201:5060
2016-11-29 13:09:13,009 DEBUG  Phoneline created. Ext = 4555
2016-11-29 13:09:13,027 DEBUG  Phone line state changed: RegistrationRequested
2016-11-29 13:09:13,498 DEBUG  Phone line state changed: RegistrationSucceeded
2016-11-29 13:09:13,509 DEBUG  SipExtensionRegister Ext: 4555
2016-11-29 13:09:13,513 DEBUG  Registration succeeded - Online!
2016-11-29 13:09:13,622 DEBUG  Dail, Ext: 4555, CallTo: 039295559, TranTo: 4556
2016-11-29 13:09:13,630 DEBUG  Dail, Ext: 4555, CallTo: 039295559, TranTo: 4556
2016-11-29 13:09:13,644 ERROR  No available softphone
2016-11-29 13:09:13,647 DEBUG  SetDialerEvent Ext: 4555, RecID: 123456, State: LINE_IS_BUSY
2016-11-29 13:09:13,927 DEBUG  State Setup
2016-11-29 13:09:14,030 DEBUG  Trying to call: 039295559
2016-11-29 13:09:14,442 DEBUG  State Ringing
2016-11-29 13:09:14,682 DEBUG  State RingingWithEarlyMedia
2016-11-29 13:09:21,551 DEBUG  State InCall
2016-11-29 13:09:21,551 DEBUG  Dequeue: Answer
2016-11-29 13:09:27,617 DEBUG  Dequeue: DTMF2
2016-11-29 13:09:30,987 DEBUG  Call Length: 9.4369436 Seconds
2016-11-29 13:09:31,082 DEBUG  Dequeue: End
2016-11-29 13:09:31,086 DEBUG  SetDialerEvent Ext: 4555, RecID: 123456, State: RESCHEDULE
2016-11-29 14:28:41,032 DEBUG  On Start
2016-11-29 14:28:43,368 DEBUG  
Creating SIP account 10.17.0.201:5060
2016-11-29 14:28:44,106 DEBUG  Phoneline created. Ext = 4555
2016-11-29 14:28:44,132 DEBUG  Phone line state changed: RegistrationRequested
2016-11-29 14:28:44,468 DEBUG  Phone line state changed: RegistrationSucceeded
2016-11-29 14:28:44,471 DEBUG  SipExtensionRegister Ext: 4555
2016-11-29 14:28:44,474 DEBUG  Registration succeeded - Online!
2016-11-29 14:28:44,745 DEBUG  Dail, Ext: 4555, CallTo: 039295559, TranTo: 4556
2016-11-29 14:28:44,763 DEBUG  Dail, Ext: 4555, CallTo: 039295559, TranTo: 4556
2016-11-29 14:28:44,779 ERROR  No available softphone
2016-11-29 14:28:44,781 DEBUG  SetDialerEvent Ext: 4555, RecID: 123456, State: LINE_IS_BUSY
2016-11-29 14:28:45,100 DEBUG  State Setup
2016-11-29 14:28:45,209 DEBUG  Trying to call: 039295559
2016-11-29 14:28:46,175 DEBUG  State Ringing
2016-11-29 14:28:46,322 DEBUG  State RingingWithEarlyMedia
2016-11-29 14:28:55,214 DEBUG  Dequeue: TimeOut
2016-11-29 14:30:05,382 DEBUG  State InCall
2016-11-29 14:30:51,693 DEBUG  On Start
2016-11-29 14:30:54,013 DEBUG  
Creating SIP account 10.17.0.201:5060
2016-11-29 14:30:54,677 DEBUG  Phoneline created. Ext = 4555
2016-11-29 14:30:54,696 DEBUG  Phone line state changed: RegistrationRequested
2016-11-29 14:30:55,028 DEBUG  Phone line state changed: RegistrationSucceeded
2016-11-29 14:30:55,032 DEBUG  SipExtensionRegister Ext: 4555
2016-11-29 14:30:55,035 DEBUG  Registration succeeded - Online!
2016-11-29 14:30:55,307 DEBUG  Dail, Ext: 4555, CallTo: 039295559, TranTo: 4556
2016-11-29 14:30:55,313 DEBUG  Dail, Ext: 4555, CallTo: 039295559, TranTo: 4556
2016-11-29 14:30:55,324 ERROR  No available softphone
2016-11-29 14:30:55,327 DEBUG  SetDialerEvent Ext: 4555, RecID: 123456, State: LINE_IS_BUSY
2016-11-29 14:30:55,617 DEBUG  State Setup
2016-11-29 14:30:55,723 DEBUG  Trying to call: 039295559
2016-11-29 14:30:56,101 DEBUG  State Ringing
2016-11-29 14:30:56,251 DEBUG  State RingingWithEarlyMedia
2016-11-29 14:31:05,728 DEBUG  Dequeue: TimeOut
2016-11-29 14:31:29,935 DEBUG  On Start
2016-11-29 14:31:32,269 DEBUG  
Creating SIP account 10.17.0.201:5060
2016-11-29 14:31:32,977 DEBUG  Phoneline created. Ext = 4555
2016-11-29 14:31:32,996 DEBUG  Phone line state changed: RegistrationRequested
2016-11-29 14:31:33,334 DEBUG  Phone line state changed: RegistrationSucceeded
2016-11-29 14:31:33,338 DEBUG  SipExtensionRegister Ext: 4555
2016-11-29 14:31:34,792 DEBUG  Registration succeeded - Online!
2016-11-29 14:33:01,206 DEBUG  Dail, Ext: 4555, CallTo: 039295559, TranTo: 4556
2016-11-29 14:33:01,533 DEBUG  State Setup
2016-11-29 14:33:01,615 DEBUG  Trying to call: 039295559
2016-11-29 14:33:02,145 DEBUG  State Ringing
2016-11-29 14:33:02,281 DEBUG  State RingingWithEarlyMedia
2016-11-29 14:33:04,778 DEBUG  State InCall
2016-11-29 14:33:04,778 DEBUG  Dequeue: Answer
2016-11-29 14:33:10,993 DEBUG  Dequeue: DTMF3
2016-11-29 14:33:14,358 DEBUG  Call Length: 9.58 Seconds
2016-11-29 14:33:14,465 DEBUG  Dequeue: End
2016-11-29 14:33:14,470 DEBUG  SetDialerEvent Ext: 4555, RecID: 5, State: CANCEL
2016-11-29 14:33:15,164 DEBUG  Dail, Ext: 4555, CallTo: 8932, TranTo: 4556
2016-11-29 14:33:15,178 DEBUG  State Setup
2016-11-29 14:33:15,185 DEBUG  Trying to call: 8932
2016-11-29 14:33:15,227 DEBUG  State Ringing
2016-11-29 14:33:25,187 DEBUG  Dequeue: TimeOut
2016-11-29 14:33:40,405 DEBUG  State InCall
2016-11-29 14:34:33,498 DEBUG  On Start
2016-11-29 14:34:35,823 DEBUG  
Creating SIP account 10.17.0.201:5060
2016-11-29 14:34:36,536 DEBUG  Phoneline created. Ext = 4555
2016-11-29 14:34:36,553 DEBUG  Phone line state changed: RegistrationRequested
2016-11-29 14:34:36,942 DEBUG  Phone line state changed: RegistrationSucceeded
2016-11-29 14:34:36,947 DEBUG  SipExtensionRegister Ext: 4555
2016-11-29 14:34:36,950 DEBUG  Registration succeeded - Online!
2016-11-29 14:34:37,146 DEBUG  Dail, Ext: 4555, CallTo: 039295559, TranTo: 4556
2016-11-29 14:34:37,174 DEBUG  Dail, Ext: 4555, CallTo: 039295559, TranTo: 4556
2016-11-29 14:34:37,187 ERROR  No available softphone
2016-11-29 14:34:37,189 DEBUG  SetDialerEvent Ext: 4555, RecID: 123456, State: LINE_IS_BUSY
2016-11-29 14:34:37,496 DEBUG  State Setup
2016-11-29 14:34:37,615 DEBUG  Trying to call: 039295559
2016-11-29 14:34:37,984 DEBUG  State Ringing
2016-11-29 14:34:38,140 DEBUG  State RingingWithEarlyMedia
2016-11-29 14:34:41,696 DEBUG  State InCall
2016-11-29 14:34:41,697 DEBUG  Dequeue: Answer
2016-11-29 14:34:47,729 DEBUG  Dequeue: DTMF3
2016-11-29 14:34:51,099 DEBUG  Call Length: 9.403 Seconds
2016-11-29 14:34:51,197 DEBUG  Dequeue: End
2016-11-29 14:34:51,200 DEBUG  SetDialerEvent Ext: 4555, RecID: 123456, State: CANCEL
2016-11-29 14:35:12,159 DEBUG  On Start
2016-11-29 14:35:14,500 DEBUG  
Creating SIP account 10.17.0.201:5060
2016-11-29 14:35:15,157 DEBUG  Phoneline created. Ext = 4555
2016-11-29 14:35:15,175 DEBUG  Phone line state changed: RegistrationRequested
2016-11-29 14:35:15,595 DEBUG  Phone line state changed: RegistrationSucceeded
2016-11-29 14:35:15,599 DEBUG  SipExtensionRegister Ext: 4555
2016-11-29 14:35:16,738 DEBUG  Registration succeeded - Online!
2016-11-29 14:35:17,048 DEBUG  Dail, Ext: 4555, CallTo: 8925, TranTo: 4556
2016-11-29 14:35:17,385 DEBUG  State Setup
2016-11-29 14:35:17,497 DEBUG  Trying to call: 8925
2016-11-29 14:35:17,621 DEBUG  State Ringing
2016-11-29 14:35:27,502 DEBUG  Dequeue: TimeOut
2016-11-29 14:35:43,333 DEBUG  State InCall
2016-11-29 14:37:09,192 DEBUG  On Start
2016-11-29 14:37:11,485 DEBUG  
Creating SIP account 10.17.0.201:5060
2016-11-29 14:37:12,146 DEBUG  Phoneline created. Ext = 4555
2016-11-29 14:37:12,162 DEBUG  Phone line state changed: RegistrationRequested
2016-11-29 14:37:12,488 DEBUG  Phone line state changed: RegistrationSucceeded
2016-11-29 14:37:12,492 DEBUG  SipExtensionRegister Ext: 4555
2016-11-29 14:37:13,561 DEBUG  Registration succeeded - Online!
2016-11-29 14:39:00,304 DEBUG  Dail, Ext: 4555, CallTo: 039295559, TranTo: 4556
2016-11-29 14:39:00,637 DEBUG  State Setup
2016-11-29 14:39:00,745 DEBUG  Trying to call: 039295559
2016-11-29 14:39:01,166 DEBUG  State Ringing
2016-11-29 14:39:01,320 DEBUG  State RingingWithEarlyMedia
2016-11-29 14:39:04,772 DEBUG  State InCall
2016-11-29 14:39:04,772 DEBUG  Dequeue: Answer
2016-11-29 14:39:12,344 DEBUG  Dequeue: DTMF3
2016-11-29 14:39:15,711 DEBUG  Call Length: 10.9390938 Seconds
2016-11-29 14:39:15,811 DEBUG  Dequeue: End
2016-11-29 14:39:15,816 DEBUG  SetDialerEvent Ext: 4555, RecID: 5, State: CANCEL
2016-11-29 14:39:16,289 DEBUG  Dail, Ext: 4555, CallTo: 8932, TranTo: 4556
2016-11-29 14:39:16,298 DEBUG  State Setup
2016-11-29 14:39:16,300 DEBUG  Trying to call: 8932
2016-11-29 14:39:16,339 DEBUG  State Ringing
2016-11-29 14:39:26,302 DEBUG  Dequeue: TimeOut
2016-11-29 14:39:26,303 DEBUG  Call Length: 0 Seconds
2016-11-29 14:39:26,314 DEBUG  Dequeue: End
2016-11-29 14:39:26,315 DEBUG  SetDialerEvent Ext: 4555, RecID: 7, State: NO_ANSWER
2016-11-29 14:39:26,431 DEBUG  Dail, Ext: 4555, CallTo: 8925, TranTo: 4556
2016-11-29 14:39:26,443 DEBUG  State Setup
2016-11-29 14:39:26,445 DEBUG  Trying to call: 8925
2016-11-29 14:39:26,465 DEBUG  State Ringing
2016-11-29 14:39:26,465 DEBUG  State Ringing
2016-11-29 14:39:36,446 DEBUG  Dequeue: TimeOut
2016-11-29 14:39:36,448 DEBUG  Call Length: 0 Seconds
2016-11-29 14:39:36,452 DEBUG  Dequeue: End
2016-11-29 14:39:36,458 DEBUG  SetDialerEvent Ext: 4555, RecID: 6, State: NO_ANSWER
2016-11-29 14:40:48,191 DEBUG  On Start
2016-11-29 14:40:50,479 DEBUG  
Creating SIP account 10.17.0.201:5060
2016-11-29 14:40:51,117 DEBUG  Phoneline created. Ext = 4555
2016-11-29 14:40:51,135 DEBUG  Phone line state changed: RegistrationRequested
2016-11-29 14:40:51,458 DEBUG  Phone line state changed: RegistrationSucceeded
2016-11-29 14:40:51,462 DEBUG  SipExtensionRegister Ext: 4555
2016-11-29 14:40:51,465 DEBUG  Registration succeeded - Online!
2016-11-29 14:40:51,738 DEBUG  Dail, Ext: 4555, CallTo: 039295559, TranTo: 4556
2016-11-29 14:40:51,746 DEBUG  Dail, Ext: 4555, CallTo: 039295559, TranTo: 4556
2016-11-29 14:40:51,758 ERROR  No available softphone
2016-11-29 14:40:51,760 DEBUG  SetDialerEvent Ext: 4555, RecID: 123456, State: LINE_IS_BUSY
2016-11-29 14:40:52,054 DEBUG  State Setup
2016-11-29 14:40:52,165 DEBUG  Trying to call: 039295559
2016-11-29 14:40:52,580 DEBUG  State Ringing
2016-11-29 14:40:52,734 DEBUG  State RingingWithEarlyMedia
2016-11-29 14:41:02,173 DEBUG  Dequeue: TimeOut
2016-11-29 14:41:02,187 DEBUG  Call Length: 0 Seconds
2016-11-29 14:41:02,301 DEBUG  Dequeue: End
2016-11-29 14:41:02,305 DEBUG  SetDialerEvent Ext: 4555, RecID: 123456, State: NO_ANSWER
2016-11-29 14:52:50,620 DEBUG  On Start
2016-11-29 14:52:52,933 DEBUG  
Creating SIP account 10.17.0.201:5060
2016-11-29 14:52:53,618 DEBUG  Phoneline created. Ext = 4555
2016-11-29 14:52:53,638 DEBUG  Phone line state changed: RegistrationRequested
2016-11-29 14:52:54,073 DEBUG  Phone line state changed: RegistrationSucceeded
2016-11-29 14:52:54,078 DEBUG  SipExtensionRegister Ext: 4555
2016-11-29 14:52:54,081 DEBUG  Registration succeeded - Online!
2016-11-29 14:52:54,242 DEBUG  Dail, Ext: 4555, CallTo: 039295559, TranTo: 4556
2016-11-29 14:52:54,246 DEBUG  Dail, Ext: 4555, CallTo: 039295559, TranTo: 4556
2016-11-29 14:52:54,255 ERROR  No available softphone
2016-11-29 14:52:54,257 DEBUG  SetDialerEvent Ext: 4555, RecID: 123456, State: LINE_IS_BUSY
2016-11-29 14:52:54,544 DEBUG  State Setup
2016-11-29 14:52:54,655 DEBUG  Trying to call: 039295559
2016-11-29 14:52:55,266 DEBUG  State Ringing
2016-11-29 14:52:55,418 DEBUG  State RingingWithEarlyMedia
2016-11-29 14:53:04,662 DEBUG  Dequeue: TimeOut
2016-11-29 14:53:04,674 DEBUG  Call Length: 0 Seconds
2016-11-29 14:53:04,783 DEBUG  Dequeue: End
2016-11-29 14:53:04,788 DEBUG  SetDialerEvent Ext: 4555, RecID: 123456, State: NO_ANSWER
2016-11-29 14:53:19,291 DEBUG  On Start
2016-11-29 14:53:21,598 DEBUG  
Creating SIP account 10.17.0.201:5060
2016-11-29 14:53:22,273 DEBUG  Phoneline created. Ext = 4555
2016-11-29 14:53:22,291 DEBUG  Phone line state changed: RegistrationRequested
2016-11-29 14:53:22,687 DEBUG  Phone line state changed: RegistrationSucceeded
2016-11-29 14:53:22,691 DEBUG  SipExtensionRegister Ext: 4555
2016-11-29 14:53:23,813 DEBUG  Registration succeeded - Online!
2016-11-29 14:53:23,981 DEBUG  Dail, Ext: 4555, CallTo: 039295559, TranTo: 4556
2016-11-29 14:53:24,296 DEBUG  State Setup
2016-11-29 14:53:24,407 DEBUG  Trying to call: 039295559
2016-11-29 14:53:24,806 DEBUG  State Ringing
2016-11-29 14:53:24,946 DEBUG  State RingingWithEarlyMedia
2016-11-29 14:53:34,414 DEBUG  Dequeue: TimeOut
2016-11-29 14:53:34,425 DEBUG  Call Length: 0 Seconds
2016-11-29 14:53:34,548 DEBUG  Dequeue: End
2016-11-29 14:53:34,554 DEBUG  SetDialerEvent Ext: 4555, RecID: 5, State: NO_ANSWER
2016-11-29 14:53:34,818 DEBUG  Dail, Ext: 4555, CallTo: 8925, TranTo: 4556
2016-11-29 14:53:34,838 DEBUG  State Setup
2016-11-29 14:53:34,839 DEBUG  Trying to call: 8925
2016-11-29 14:53:34,872 DEBUG  State Ringing
2016-11-29 14:53:34,872 DEBUG  State Ringing
2016-11-29 14:53:44,841 DEBUG  Dequeue: TimeOut
2016-11-29 14:53:44,842 DEBUG  Call Length: 0 Seconds
2016-11-29 14:53:44,846 DEBUG  Dequeue: End
2016-11-29 14:53:44,849 DEBUG  SetDialerEvent Ext: 4555, RecID: 6, State: NO_ANSWER
2016-11-29 14:53:44,957 DEBUG  Dail, Ext: 4555, CallTo: 8932, TranTo: 4556
2016-11-29 14:53:44,986 DEBUG  State Setup
2016-11-29 14:53:44,988 DEBUG  Trying to call: 8932
2016-11-29 14:53:45,050 DEBUG  State Ringing
2016-11-29 14:53:47,910 DEBUG  State InCall
2016-11-29 14:53:47,910 DEBUG  Dequeue: Answer
2016-11-29 14:59:59,611 DEBUG  On Start
2016-11-29 15:00:01,933 DEBUG  
Creating SIP account 10.17.0.201:5060
2016-11-29 15:00:02,574 DEBUG  Phoneline created. Ext = 4555
2016-11-29 15:00:02,590 DEBUG  Phone line state changed: RegistrationRequested
2016-11-29 15:00:03,027 DEBUG  Phone line state changed: RegistrationSucceeded
2016-11-29 15:00:03,032 DEBUG  SipExtensionRegister Ext: 4555
2016-11-29 15:00:04,182 DEBUG  Registration succeeded - Online!
2016-11-29 15:00:04,343 DEBUG  Dail, Ext: 4555, CallTo: 039295559, TranTo: 4556
2016-11-29 15:00:04,645 DEBUG  State Setup
2016-11-29 15:00:04,746 DEBUG  Trying to call: 039295559
2016-11-29 15:00:05,237 DEBUG  State Ringing
2016-11-29 15:00:05,529 DEBUG  State RingingWithEarlyMedia
2016-11-29 15:00:08,067 DEBUG  State InCall
2016-11-29 15:00:08,067 DEBUG  Dequeue: Answer
2016-11-29 15:00:16,166 DEBUG  Dequeue: DTMF1
2016-11-29 15:00:16,273 DEBUG  State LocalHeld
2016-11-29 15:00:16,277 DEBUG  Dequeue: Transffering
2016-11-29 15:00:19,647 DEBUG  Call Length: 11.58 Seconds
2016-11-29 15:00:19,655 DEBUG  Dequeue: End
2016-11-29 15:00:19,659 DEBUG  SetDialerEvent Ext: 4555, RecID: 5, State: CONNECTED
2016-11-29 15:00:20,315 DEBUG  Dail, Ext: 4555, CallTo: 8925, TranTo: 4556
2016-11-29 15:00:20,346 DEBUG  State Setup
2016-11-29 15:00:20,350 DEBUG  Trying to call: 8925
2016-11-29 15:00:20,388 DEBUG  State Ringing
2016-11-29 15:00:30,354 DEBUG  Dequeue: TimeOut
2016-11-29 15:00:30,355 DEBUG  Call Length: 0 Seconds
2016-11-29 15:00:30,385 DEBUG  Dequeue: End
2016-11-29 15:00:30,386 DEBUG  SetDialerEvent Ext: 4555, RecID: 6, State: NO_ANSWER
2016-11-29 15:00:30,455 DEBUG  Dail, Ext: 4555, CallTo: 8932, TranTo: 4556
2016-11-29 15:00:30,477 DEBUG  State Setup
2016-11-29 15:00:30,482 DEBUG  Trying to call: 8932
2016-11-29 15:00:30,502 DEBUG  State Ringing
2016-11-29 15:00:40,483 DEBUG  Dequeue: TimeOut
2016-11-29 15:00:40,484 DEBUG  Call Length: 0 Seconds
2016-11-29 15:00:40,485 DEBUG  Dequeue: End
2016-11-29 15:00:40,487 DEBUG  SetDialerEvent Ext: 4555, RecID: 7, State: NO_ANSWER
2016-11-29 15:01:31,292 DEBUG  Dail, Ext: 4555, CallTo: 8925, TranTo: 4556
2016-11-29 15:01:31,304 DEBUG  State Setup
2016-11-29 15:01:31,306 DEBUG  Trying to call: 8925
2016-11-29 15:01:31,335 DEBUG  State Ringing
2016-11-29 15:01:41,308 DEBUG  Dequeue: TimeOut
2016-11-29 15:01:41,309 DEBUG  Call Length: 0 Seconds
2016-11-29 15:01:41,311 DEBUG  Dequeue: End
2016-11-29 15:01:41,312 DEBUG  SetDialerEvent Ext: 4555, RecID: 6, State: NO_ANSWER
2016-11-29 15:01:41,431 DEBUG  Dail, Ext: 4555, CallTo: 8932, TranTo: 4556
2016-11-29 15:01:41,440 DEBUG  State Setup
2016-11-29 15:01:41,442 DEBUG  Trying to call: 8932
2016-11-29 15:01:41,553 DEBUG  State Ringing
2016-11-29 15:01:51,443 DEBUG  Dequeue: TimeOut
2016-11-29 15:01:51,447 DEBUG  Call Length: 0 Seconds
2016-11-29 15:01:51,460 DEBUG  Dequeue: End
2016-11-29 15:01:51,484 DEBUG  SetDialerEvent Ext: 4555, RecID: 7, State: NO_ANSWER
2016-11-29 15:02:42,273 DEBUG  Dail, Ext: 4555, CallTo: 8925, TranTo: 4556
2016-11-29 15:02:42,285 DEBUG  State Setup
2016-11-29 15:02:42,286 DEBUG  Trying to call: 8925
2016-11-29 15:02:42,474 DEBUG  State Ringing
2016-11-29 15:02:52,288 DEBUG  Dequeue: TimeOut
2016-11-29 15:02:52,289 DEBUG  Call Length: 0 Seconds
2016-11-29 15:02:52,295 DEBUG  Dequeue: End
2016-11-29 15:02:52,297 DEBUG  SetDialerEvent Ext: 4555, RecID: 6, State: NO_ANSWER
2016-11-29 15:02:52,412 DEBUG  Dail, Ext: 4555, CallTo: 8932, TranTo: 4556
2016-11-29 15:02:52,420 DEBUG  State Setup
2016-11-29 15:02:52,422 DEBUG  Trying to call: 8932
2016-11-29 15:02:52,443 DEBUG  State Ringing
2016-11-29 15:02:57,439 DEBUG  State InCall
2016-11-29 15:02:57,439 DEBUG  Dequeue: Answer
2016-11-29 15:03:07,694 DEBUG  Dequeue: End
2016-11-29 15:03:11,085 DEBUG  Call Length: 13.6453644 Seconds
2016-11-29 15:03:12,093 DEBUG  Dequeue: TimeOut
2016-11-29 15:03:12,095 DEBUG  SetDialerEvent Ext: 4555, RecID: 7, State: ABND_IVR
2016-11-29 15:04:12,522 DEBUG  Dail, Ext: 4555, CallTo: 8932, TranTo: 4556
2016-11-29 15:04:12,533 DEBUG  State Setup
2016-11-29 15:04:12,540 DEBUG  Trying to call: 8932
2016-11-29 15:04:12,566 DEBUG  State Ringing
2016-11-29 15:04:22,547 DEBUG  Dequeue: TimeOut
2016-11-29 15:04:22,547 DEBUG  Call Length: 0 Seconds
2016-11-29 15:04:22,550 DEBUG  Dequeue: End
2016-11-29 15:04:22,551 DEBUG  SetDialerEvent Ext: 4555, RecID: 7, State: NO_ANSWER
2016-11-29 15:08:00,679 DEBUG  Dail, Ext: 4555, CallTo: 039295559, TranTo: 4556
2016-11-29 15:08:00,690 DEBUG  State Setup
2016-11-29 15:08:00,695 DEBUG  Trying to call: 039295559
2016-11-29 15:08:01,048 DEBUG  State Ringing
2016-11-29 15:08:01,080 DEBUG  State RingingWithEarlyMedia
2016-11-29 15:08:10,701 DEBUG  Dequeue: TimeOut
2016-11-29 15:08:10,704 DEBUG  Call Length: 0 Seconds
2016-11-29 15:08:10,709 DEBUG  Dequeue: End
2016-11-29 15:08:10,713 DEBUG  SetDialerEvent Ext: 4555, RecID: 5, State: NO_ANSWER
2016-11-29 15:09:11,662 DEBUG  Dail, Ext: 4555, CallTo: 039295559, TranTo: 4556
2016-11-29 15:09:11,672 DEBUG  State Setup
2016-11-29 15:09:11,673 DEBUG  Trying to call: 039295559
2016-11-29 15:09:11,900 DEBUG  State Ringing
2016-11-29 15:09:11,930 DEBUG  State RingingWithEarlyMedia
2016-11-29 15:09:21,675 DEBUG  Dequeue: TimeOut
2016-11-29 15:09:21,676 DEBUG  Call Length: 0 Seconds
2016-11-29 15:09:21,684 DEBUG  Dequeue: End
2016-11-29 15:09:21,692 DEBUG  SetDialerEvent Ext: 4555, RecID: 5, State: NO_ANSWER
2016-11-29 15:10:22,643 DEBUG  Dail, Ext: 4555, CallTo: 039295559, TranTo: 4556
2016-11-29 15:10:22,653 DEBUG  State Setup
2016-11-29 15:10:22,654 DEBUG  Trying to call: 039295559
2016-11-29 15:10:23,011 DEBUG  State Ringing
2016-11-29 15:10:23,089 DEBUG  State RingingWithEarlyMedia
2016-11-29 15:10:32,656 DEBUG  Dequeue: TimeOut
2016-11-29 15:10:32,660 DEBUG  Call Length: 0 Seconds
2016-11-29 15:10:32,667 DEBUG  Dequeue: End
2016-11-29 15:10:32,693 DEBUG  SetDialerEvent Ext: 4555, RecID: 5, State: NO_ANSWER
2016-11-29 17:30:05,345 DEBUG  On Start
2016-11-29 17:30:24,040 DEBUG  On Start
2016-11-29 17:30:26,531 DEBUG  
Creating SIP account 10.17.0.201:5060
2016-11-29 17:30:27,181 DEBUG  Phoneline created. Ext = 4555
2016-11-29 17:30:27,198 DEBUG  Phone line state changed: RegistrationRequested
2016-11-29 17:30:27,929 DEBUG  Phone line state changed: RegistrationSucceeded
2016-11-29 17:30:27,933 DEBUG  SipExtensionRegister Ext: 4555
2016-11-29 17:30:27,937 DEBUG  Registration succeeded - Online!
2016-11-29 17:30:28,200 DEBUG  Dail, Ext: 4555, CallTo: 039295559, TranTo: 0547785872
2016-11-29 17:30:28,514 DEBUG  State Setup
2016-11-29 17:30:28,621 DEBUG  Trying to call: 039295559
2016-11-29 17:30:28,990 DEBUG  State Ringing
2016-11-29 17:30:29,132 DEBUG  State RingingWithEarlyMedia
2016-11-29 17:30:37,407 DEBUG  State InCall
2016-11-29 17:30:37,407 DEBUG  Dequeue: Answer
2016-11-29 17:30:39,591 ERROR  Exceeded call max length = 0
2016-11-29 17:30:39,600 ERROR  Reset SofphoneRegistrationRequired: True, DisplayName: miki, UserName: 4555, AuthenticationId: miki, DomainHost: 10.17.0.201, DomainPort: 5060
2016-11-29 17:30:39,764 DEBUG  
Creating SIP account 10.17.0.201:5060
2016-11-29 17:30:39,866 DEBUG  Phoneline created. Ext = 4555
2016-11-29 17:30:39,866 DEBUG  Phone line state changed: RegistrationRequested
2016-11-29 17:30:39,996 DEBUG  Phone line state changed: RegistrationSucceeded
2016-11-29 17:30:39,998 DEBUG  SipExtensionRegister Ext: 4555
2016-11-29 17:30:39,999 DEBUG  Registration succeeded - Online!
2016-11-29 17:30:45,707 ERROR  ExceptionSystem.IO.FileNotFoundException: Could not find file 'C:\Users\michaelep\Documents\Visual Studio 2012\Projects\DialerService\DialerService\bin\Debug\Menu.mp3'.
File name: 'C:\Users\michaelep\Documents\Visual Studio 2012\Projects\DialerService\DialerService\bin\Debug\Menu.mp3'
   at System.IO.__Error.WinIOError(Int32 errorCode, String maybeFullPath)
   at System.IO.FileStream.Init(String path, FileMode mode, FileAccess access, Int32 rights, Boolean useRights, FileShare share, Int32 bufferSize, FileOptions options, SECURITY_ATTRIBUTES secAttrs, String msgPath, Boolean bFromProxy, Boolean useLongPath, Boolean checkHost)
   at System.IO.FileStream..ctor(String path, FileMode mode, FileAccess access, FileShare share, Int32 bufferSize, FileOptions options, String msgPath, Boolean bFromProxy)
   at System.IO.FileStream..ctor(String path, FileMode mode, FileAccess access, FileShare share)
   at System.IO.File.OpenRead(String path)
   at Ozeki.Media.AudioStreamPlayback..ctor(String audioFilePath, Boolean repeat, Boolean cacheStream)
   at Ozeki.Media.AudioStreamPlayback..ctor(String audioFilePath)
   at Ozeki.Media.MP3StreamPlayback..ctor(String audioFilePath)
   at MEDialer.PlayMP3..ctor(String Mp3FileName, IPhoneCall Call) in c:\Users\michaelep\Documents\Visual Studio 2012\Projects\DialerService\DialerService\Softphone.cs:line 89
   at MEDialer.Softphone.StartPlayFile(String fileName) in c:\Users\michaelep\Documents\Visual Studio 2012\Projects\DialerService\DialerService\Softphone.cs:line 194
   at MEDialer.Dialer.RunScriptThread(Script script, CallID callID) in c:\Users\michaelep\Documents\Visual Studio 2012\Projects\DialerService\DialerService\Dialer.cs:line 102
2016-11-29 17:32:12,047 DEBUG  On Start
2016-11-29 17:32:14,351 DEBUG  
Creating SIP account 10.17.0.201:5060
2016-11-29 17:32:14,988 DEBUG  Phoneline created. Ext = 4555
2016-11-29 17:32:15,003 DEBUG  Phone line state changed: RegistrationRequested
2016-11-29 17:32:15,469 DEBUG  Phone line state changed: RegistrationSucceeded
2016-11-29 17:32:15,473 DEBUG  SipExtensionRegister Ext: 4555
2016-11-29 17:32:15,476 DEBUG  Registration succeeded - Online!
2016-11-29 17:32:15,597 DEBUG  Dail, Ext: 4555, CallTo: 039295559, TranTo: 4556
2016-11-29 17:32:15,915 DEBUG  State Setup
2016-11-29 17:32:16,017 DEBUG  Trying to call: 039295559
2016-11-29 17:32:16,511 DEBUG  State Ringing
2016-11-29 17:32:16,653 DEBUG  State RingingWithEarlyMedia
2016-11-29 17:32:18,355 DEBUG  State InCall
2016-11-29 17:32:18,356 DEBUG  Dequeue: Answer
2016-11-29 17:32:25,740 DEBUG  Dequeue: DTMF1
2016-11-29 17:32:25,786 DEBUG  Dequeue: Transffering
2016-11-29 17:32:29,160 DEBUG  Call Length: 10.8050804 Seconds
2016-11-29 17:32:29,270 DEBUG  Dequeue: End
2016-11-29 17:32:29,275 DEBUG  SetDialerEvent Ext: 4555, RecID: 123456, State: CONNECTED
2016-11-29 17:34:39,156 DEBUG  On Start
2016-11-29 17:34:41,430 DEBUG  
Creating SIP account 10.17.0.201:5060
2016-11-29 17:34:42,058 DEBUG  Phoneline created. Ext = 4555
2016-11-29 17:34:42,074 DEBUG  Phone line state changed: RegistrationRequested
2016-11-29 17:34:42,470 DEBUG  Phone line state changed: RegistrationSucceeded
2016-11-29 17:34:42,474 DEBUG  SipExtensionRegister Ext: 4555
2016-11-29 17:34:42,477 DEBUG  Registration succeeded - Online!
2016-11-29 17:34:42,668 DEBUG  Dail, Ext: 4555, CallTo: 039295559, TranTo: 4556
2016-11-29 17:34:42,994 DEBUG  State Setup
2016-11-29 17:34:43,104 DEBUG  Trying to call: 039295559
2016-11-29 17:34:43,523 DEBUG  State Ringing
2016-11-29 17:34:43,681 DEBUG  State RingingWithEarlyMedia
2016-11-29 17:34:53,113 DEBUG  Dequeue: TimeOut
2016-11-29 17:34:53,120 DEBUG  Call Length: 0 Seconds
2016-11-29 17:34:53,227 DEBUG  Dequeue: End
2016-11-29 17:34:53,232 DEBUG  SetDialerEvent Ext: 4555, RecID: 123456, State: NO_ANSWER
2016-11-29 17:35:59,211 DEBUG  SipExtensionRegister Ext: 4555
2016-11-29 17:45:16,083 DEBUG  On Start
2016-11-29 17:45:18,462 DEBUG  
Creating SIP account 10.17.0.201:5060
2016-11-29 17:45:19,126 DEBUG  Phoneline created. Ext = 4555
2016-11-29 17:45:19,146 DEBUG  Phone line state changed: RegistrationRequested
2016-11-29 17:45:19,648 DEBUG  Phone line state changed: RegistrationSucceeded
2016-11-29 17:45:19,652 DEBUG  SipExtensionRegister Ext: 4555
2016-11-29 17:45:19,656 DEBUG  Registration succeeded - Online!
2016-11-29 17:45:19,745 DEBUG  Dail, Ext: 4555, CallTo: 039295559, TranTo: 4556
2016-11-29 17:45:20,049 DEBUG  State Setup
2016-11-29 17:45:20,161 DEBUG  Trying to call: 039295559
2016-11-29 17:45:20,641 DEBUG  State Ringing
2016-11-29 17:45:20,915 DEBUG  State RingingWithEarlyMedia
2016-11-29 17:45:30,167 DEBUG  Dequeue: TimeOut
2016-11-29 17:45:30,173 DEBUG  Call Length: 0 Seconds
2016-11-29 17:45:30,278 DEBUG  Dequeue: End
2016-11-29 17:45:30,282 DEBUG  SetDialerEvent Ext: 4555, RecID: 123456, State: NO_ANSWER
2016-11-29 17:46:31,683 DEBUG  SipExtensionRegister Ext: 4555
2016-11-29 17:46:40,193 DEBUG  On Start
2016-11-29 17:46:42,493 DEBUG  
Creating SIP account 10.17.0.201:5060
2016-11-29 17:46:43,121 DEBUG  Phoneline created. Ext = 4555
2016-11-29 17:46:43,136 DEBUG  Phone line state changed: RegistrationRequested
2016-11-29 17:46:43,329 DEBUG  
Creating SIP account 10.17.0.201:5060
2016-11-29 17:46:43,482 DEBUG  Phone line state changed: RegistrationSucceeded
2016-11-29 17:46:43,487 DEBUG  SipExtensionRegister Ext: 4555
2016-11-29 17:46:43,491 DEBUG  Registration succeeded - Online!
2016-11-29 17:46:43,494 DEBUG  Phoneline created. Ext = 4557
2016-11-29 17:46:43,497 DEBUG  Phone line state changed: RegistrationRequested
2016-11-29 17:46:43,509 DEBUG  Dail, Ext: 4555, CallTo: 039295559, TranTo: 4556
2016-11-29 17:46:43,715 DEBUG  Phone line state changed: RegistrationSucceeded
2016-11-29 17:46:43,718 DEBUG  SipExtensionRegister Ext: 4557
2016-11-29 17:46:43,723 DEBUG  Registration succeeded - Online!
2016-11-29 17:46:43,867 DEBUG  State Setup
2016-11-29 17:46:43,971 DEBUG  Trying to call: 039295559
2016-11-29 17:46:44,527 DEBUG  State Ringing
2016-11-29 17:46:44,672 DEBUG  State RingingWithEarlyMedia
2016-11-29 17:46:53,976 DEBUG  Dequeue: TimeOut
2016-11-29 17:46:53,985 DEBUG  Call Length: 0 Seconds
2016-11-29 17:46:54,101 DEBUG  Dequeue: End
2016-11-29 17:46:54,106 DEBUG  SetDialerEvent Ext: 4555, RecID: 123456, State: NO_ANSWER
2016-11-29 17:47:55,768 DEBUG  SipExtensionRegister Ext: 4555
2016-11-29 17:47:55,869 DEBUG  SipExtensionRegister Ext: 4557
2016-11-29 17:48:55,775 DEBUG  SipExtensionRegister Ext: 4555
2016-11-29 17:48:55,881 DEBUG  SipExtensionRegister Ext: 4557
2016-11-29 17:49:55,795 DEBUG  SipExtensionRegister Ext: 4555
2016-11-29 17:49:55,900 DEBUG  SipExtensionRegister Ext: 4557
2016-11-29 17:50:55,810 DEBUG  SipExtensionRegister Ext: 4555
2016-11-29 17:50:55,917 DEBUG  SipExtensionRegister Ext: 4557
2016-11-29 17:51:55,828 DEBUG  SipExtensionRegister Ext: 4555
2016-11-29 17:51:55,933 DEBUG  SipExtensionRegister Ext: 4557
2016-11-29 17:52:55,844 DEBUG  SipExtensionRegister Ext: 4555
2016-11-29 17:52:55,949 DEBUG  SipExtensionRegister Ext: 4557
2016-11-29 17:53:55,866 DEBUG  SipExtensionRegister Ext: 4555
2016-11-29 17:53:55,972 DEBUG  SipExtensionRegister Ext: 4557
2016-11-29 18:08:01,459 DEBUG  On Start
2016-11-29 18:08:03,804 DEBUG  
Creating SIP account 10.17.0.202:5060
2016-11-29 18:08:04,444 DEBUG  Phoneline created. Ext = 4555
2016-11-29 18:08:04,461 DEBUG  Phone line state changed: RegistrationRequested
2016-11-29 18:08:04,658 DEBUG  
Creating SIP account 10.17.0.201:5060
2016-11-29 18:08:04,767 DEBUG  Phoneline created. Ext = 4557
2016-11-29 18:08:04,771 DEBUG  Phone line state changed: RegistrationRequested
2016-11-29 18:08:05,183 DEBUG  Phone line state changed: RegistrationSucceeded
2016-11-29 18:08:05,189 DEBUG  SipExtensionRegister Ext: 4557
2016-11-29 18:08:05,193 DEBUG  Registration succeeded - Online!
2016-11-29 18:08:05,367 DEBUG  Phone line state changed: Error
2016-11-29 18:08:05,368 DEBUG  SipExtensionSignOut Ext: 4555
2016-11-29 18:08:05,369 DEBUG  
Creating SIP account 10.17.0.202:5060
2016-11-29 18:08:05,477 DEBUG  Phoneline created. Ext = 4555
2016-11-29 18:08:05,478 DEBUG  Phone line state changed: RegistrationRequested
2016-11-29 18:08:05,482 DEBUG  Phone line state changed: Error
2016-11-29 18:08:05,483 DEBUG  SipExtensionSignOut Ext: 4555
2016-11-29 18:08:05,483 DEBUG  
Creating SIP account 10.17.0.202:5060
2016-11-29 18:08:05,580 DEBUG  Dail, Ext: 4557, CallTo: 039295559, TranTo: 4556
2016-11-29 18:08:05,598 DEBUG  Phoneline created. Ext = 4555
2016-11-29 18:08:05,599 DEBUG  Phone line state changed: RegistrationRequested
2016-11-29 18:08:05,604 DEBUG  Phone line state changed: Error
2016-11-29 18:08:05,605 DEBUG  SipExtensionSignOut Ext: 4555
2016-11-29 18:08:05,606 DEBUG  
Creating SIP account 10.17.0.202:5060
2016-11-29 18:08:05,731 DEBUG  Phoneline created. Ext = 4555
2016-11-29 18:08:05,732 DEBUG  Phone line state changed: RegistrationRequested
2016-11-29 18:08:05,738 DEBUG  Phone line state changed: Error
2016-11-29 18:08:05,738 DEBUG  SipExtensionSignOut Ext: 4555
2016-11-29 18:08:05,739 DEBUG  
Creating SIP account 10.17.0.202:5060
2016-11-29 18:08:05,868 DEBUG  Phoneline created. Ext = 4555
2016-11-29 18:08:05,869 DEBUG  Phone line state changed: RegistrationRequested
2016-11-29 18:08:05,878 DEBUG  Phone line state changed: Error
2016-11-29 18:08:05,880 DEBUG  SipExtensionSignOut Ext: 4555
2016-11-29 18:08:05,881 DEBUG  
Creating SIP account 10.17.0.202:5060
2016-11-29 18:08:05,990 DEBUG  State Setup
2016-11-29 18:08:06,015 DEBUG  Phoneline created. Ext = 4555
2016-11-29 18:08:06,019 DEBUG  Phone line state changed: RegistrationRequested
2016-11-29 18:08:06,023 DEBUG  Phone line state changed: Error
2016-11-29 18:08:06,024 DEBUG  SipExtensionSignOut Ext: 4555
2016-11-29 18:08:06,024 DEBUG  
Creating SIP account 10.17.0.202:5060
2016-11-29 18:08:06,118 DEBUG  Trying to call: 039295559
2016-11-29 18:08:06,139 DEBUG  Phoneline created. Ext = 4555
2016-11-29 18:08:06,140 DEBUG  Phone line state changed: RegistrationRequested
2016-11-29 18:08:06,143 DEBUG  Phone line state changed: Error
2016-11-29 18:08:06,144 DEBUG  SipExtensionSignOut Ext: 4555
2016-11-29 18:08:06,145 DEBUG  
Creating SIP account 10.17.0.202:5060
2016-11-29 18:08:06,240 DEBUG  Phoneline created. Ext = 4555
2016-11-29 18:08:06,241 DEBUG  Phone line state changed: RegistrationRequested
2016-11-29 18:08:06,244 DEBUG  Phone line state changed: Error
2016-11-29 18:08:06,245 DEBUG  SipExtensionSignOut Ext: 4555
2016-11-29 18:08:06,246 DEBUG  
Creating SIP account 10.17.0.202:5060
2016-11-29 18:08:06,337 DEBUG  Phoneline created. Ext = 4555
2016-11-29 18:08:06,338 DEBUG  Phone line state changed: RegistrationRequested
2016-11-29 18:08:06,342 DEBUG  Phone line state changed: Error
2016-11-29 18:08:06,342 DEBUG  SipExtensionSignOut Ext: 4555
2016-11-29 18:08:06,343 DEBUG  
Creating SIP account 10.17.0.202:5060
2016-11-29 18:08:06,433 DEBUG  Phoneline created. Ext = 4555
2016-11-29 18:08:06,434 DEBUG  Phone line state changed: RegistrationRequested
2016-11-29 18:08:06,439 DEBUG  Phone line state changed: Error
2016-11-29 18:08:06,440 DEBUG  SipExtensionSignOut Ext: 4555
2016-11-29 18:08:06,440 DEBUG  
Creating SIP account 10.17.0.202:5060
2016-11-29 18:08:06,585 DEBUG  Phoneline created. Ext = 4555
2016-11-29 18:08:06,585 DEBUG  State Ringing
2016-11-29 18:08:06,588 DEBUG  Phone line state changed: RegistrationRequested
2016-11-29 18:08:06,594 DEBUG  Phone line state changed: Error
2016-11-29 18:08:06,595 DEBUG  SipExtensionSignOut Ext: 4555
2016-11-29 18:08:06,596 DEBUG  
Creating SIP account 10.17.0.202:5060
2016-11-29 18:08:06,744 DEBUG  Phoneline created. Ext = 4555
2016-11-29 18:08:06,744 DEBUG  Phone line state changed: RegistrationRequested
2016-11-29 18:08:06,749 DEBUG  Phone line state changed: Error
2016-11-29 18:08:06,750 DEBUG  SipExtensionSignOut Ext: 4555
2016-11-29 18:08:06,751 DEBUG  
Creating SIP account 10.17.0.202:5060
2016-11-29 18:08:06,774 DEBUG  State RingingWithEarlyMedia
2016-11-29 18:08:06,860 DEBUG  Phoneline created. Ext = 4555
2016-11-29 18:08:06,861 DEBUG  Phone line state changed: RegistrationRequested
2016-11-29 18:08:06,865 DEBUG  Phone line state changed: Error
2016-11-29 18:08:06,866 DEBUG  SipExtensionSignOut Ext: 4555
2016-11-29 18:08:06,867 DEBUG  
Creating SIP account 10.17.0.202:5060
2016-11-29 18:08:06,992 DEBUG  Phoneline created. Ext = 4555
2016-11-29 18:08:06,993 DEBUG  Phone line state changed: RegistrationRequested
2016-11-29 18:08:06,996 DEBUG  Phone line state changed: Error
2016-11-29 18:08:06,997 DEBUG  SipExtensionSignOut Ext: 4555
2016-11-29 18:08:06,998 DEBUG  
Creating SIP account 10.17.0.202:5060
2016-11-29 18:08:07,095 DEBUG  Phoneline created. Ext = 4555
2016-11-29 18:08:07,096 DEBUG  Phone line state changed: RegistrationRequested
2016-11-29 18:08:07,101 DEBUG  Phone line state changed: Error
2016-11-29 18:08:07,102 DEBUG  SipExtensionSignOut Ext: 4555
2016-11-29 18:08:07,103 DEBUG  
Creating SIP account 10.17.0.202:5060
2016-11-29 18:08:07,209 DEBUG  Phoneline created. Ext = 4555
2016-11-29 18:08:07,210 DEBUG  Phone line state changed: RegistrationRequested
2016-11-29 18:08:07,214 DEBUG  Phone line state changed: Error
2016-11-29 18:08:07,215 DEBUG  SipExtensionSignOut Ext: 4555
2016-11-29 18:08:07,216 DEBUG  
Creating SIP account 10.17.0.202:5060
2016-11-29 18:08:07,330 DEBUG  Phoneline created. Ext = 4555
2016-11-29 18:08:07,330 DEBUG  Phone line state changed: RegistrationRequested
2016-11-29 18:08:07,335 DEBUG  Phone line state changed: Error
2016-11-29 18:08:07,337 DEBUG  SipExtensionSignOut Ext: 4555
2016-11-29 18:08:07,338 DEBUG  
Creating SIP account 10.17.0.202:5060
2016-11-29 18:08:07,439 DEBUG  Phoneline created. Ext = 4555
2016-11-29 18:08:07,440 DEBUG  Phone line state changed: RegistrationRequested
2016-11-29 18:08:07,444 DEBUG  Phone line state changed: Error
2016-11-29 18:08:07,445 DEBUG  SipExtensionSignOut Ext: 4555
2016-11-29 18:08:07,445 DEBUG  
Creating SIP account 10.17.0.202:5060
2016-11-29 18:08:07,546 DEBUG  Phoneline created. Ext = 4555
2016-11-29 18:08:07,547 DEBUG  Phone line state changed: RegistrationRequested
2016-11-29 18:08:07,551 DEBUG  Phone line state changed: Error
2016-11-29 18:08:07,553 DEBUG  SipExtensionSignOut Ext: 4555
2016-11-29 18:08:07,554 DEBUG  
Creating SIP account 10.17.0.202:5060
2016-11-29 18:08:07,648 DEBUG  Phoneline created. Ext = 4555
2016-11-29 18:08:07,649 DEBUG  Phone line state changed: RegistrationRequested
2016-11-29 18:08:07,653 DEBUG  Phone line state changed: Error
2016-11-29 18:08:07,654 DEBUG  SipExtensionSignOut Ext: 4555
2016-11-29 18:08:07,655 DEBUG  
Creating SIP account 10.17.0.202:5060
2016-11-29 18:08:07,756 DEBUG  Phoneline created. Ext = 4555
2016-11-29 18:08:07,757 DEBUG  Phone line state changed: RegistrationRequested
2016-11-29 18:08:07,776 DEBUG  Phone line state changed: Error
2016-11-29 18:08:07,777 DEBUG  SipExtensionSignOut Ext: 4555
2016-11-29 18:08:07,777 DEBUG  
Creating SIP account 10.17.0.202:5060
2016-11-29 18:08:07,875 DEBUG  Phoneline created. Ext = 4555
2016-11-29 18:08:07,876 DEBUG  Phone line state changed: RegistrationRequested
2016-11-29 18:08:07,880 DEBUG  Phone line state changed: Error
2016-11-29 18:08:07,881 DEBUG  SipExtensionSignOut Ext: 4555
2016-11-29 18:08:07,882 DEBUG  
Creating SIP account 10.17.0.202:5060
2016-11-29 18:08:07,980 DEBUG  Phoneline created. Ext = 4555
2016-11-29 18:08:07,981 DEBUG  Phone line state changed: RegistrationRequested
2016-11-29 18:08:07,985 DEBUG  Phone line state changed: Error
2016-11-29 18:08:07,986 DEBUG  SipExtensionSignOut Ext: 4555
2016-11-29 18:08:07,987 DEBUG  
Creating SIP account 10.17.0.202:5060
2016-11-29 18:08:08,082 DEBUG  Phoneline created. Ext = 4555
2016-11-29 18:08:08,082 DEBUG  Phone line state changed: RegistrationRequested
2016-11-29 18:08:08,088 DEBUG  Phone line state changed: Error
2016-11-29 18:08:08,089 DEBUG  SipExtensionSignOut Ext: 4555
2016-11-29 18:08:08,089 DEBUG  
Creating SIP account 10.17.0.202:5060
2016-11-29 18:08:08,182 DEBUG  Phoneline created. Ext = 4555
2016-11-29 18:08:08,183 DEBUG  Phone line state changed: RegistrationRequested
2016-11-29 18:08:08,188 DEBUG  Phone line state changed: Error
2016-11-29 18:08:08,189 DEBUG  SipExtensionSignOut Ext: 4555
2016-11-29 18:08:08,189 DEBUG  
Creating SIP account 10.17.0.202:5060
2016-11-29 18:08:08,282 DEBUG  Phoneline created. Ext = 4555
2016-11-29 18:08:08,283 DEBUG  Phone line state changed: RegistrationRequested
2016-11-29 18:08:08,288 DEBUG  Phone line state changed: Error
2016-11-29 18:08:08,289 DEBUG  SipExtensionSignOut Ext: 4555
2016-11-29 18:08:08,290 DEBUG  
Creating SIP account 10.17.0.202:5060
2016-11-29 18:08:08,401 DEBUG  Phoneline created. Ext = 4555
2016-11-29 18:08:08,402 DEBUG  Phone line state changed: RegistrationRequested
2016-11-29 18:08:08,407 DEBUG  Phone line state changed: Error
2016-11-29 18:08:08,407 DEBUG  SipExtensionSignOut Ext: 4555
2016-11-29 18:08:08,408 DEBUG  
Creating SIP account 10.17.0.202:5060
2016-11-29 18:08:08,504 DEBUG  Phoneline created. Ext = 4555
2016-11-29 18:08:08,504 DEBUG  Phone line state changed: RegistrationRequested
2016-11-29 18:08:08,508 DEBUG  Phone line state changed: Error
2016-11-29 18:08:08,509 DEBUG  SipExtensionSignOut Ext: 4555
2016-11-29 18:08:08,510 DEBUG  
Creating SIP account 10.17.0.202:5060
2016-11-29 18:08:08,610 DEBUG  Phoneline created. Ext = 4555
2016-11-29 18:08:08,611 DEBUG  Phone line state changed: RegistrationRequested
2016-11-29 18:08:08,615 DEBUG  Phone line state changed: Error
2016-11-29 18:08:08,616 DEBUG  SipExtensionSignOut Ext: 4555
2016-11-29 18:08:08,617 DEBUG  
Creating SIP account 10.17.0.202:5060
2016-11-29 18:08:08,715 DEBUG  Phoneline created. Ext = 4555
2016-11-29 18:08:08,716 DEBUG  Phone line state changed: RegistrationRequested
2016-11-29 18:08:08,721 DEBUG  Phone line state changed: Error
2016-11-29 18:08:08,722 DEBUG  SipExtensionSignOut Ext: 4555
2016-11-29 18:08:08,723 DEBUG  
Creating SIP account 10.17.0.202:5060
2016-11-29 18:08:08,828 DEBUG  Phoneline created. Ext = 4555
2016-11-29 18:08:08,829 DEBUG  Phone line state changed: RegistrationRequested
2016-11-29 18:08:08,833 DEBUG  Phone line state changed: Error
2016-11-29 18:08:08,834 DEBUG  SipExtensionSignOut Ext: 4555
2016-11-29 18:08:08,836 DEBUG  
Creating SIP account 10.17.0.202:5060
2016-11-29 18:08:08,943 DEBUG  Phoneline created. Ext = 4555
2016-11-29 18:08:08,944 DEBUG  Phone line state changed: RegistrationRequested
2016-11-29 18:08:08,949 DEBUG  Phone line state changed: Error
2016-11-29 18:08:08,951 DEBUG  SipExtensionSignOut Ext: 4555
2016-11-29 18:08:08,954 DEBUG  
Creating SIP account 10.17.0.202:5060
2016-11-29 18:08:09,058 DEBUG  Phoneline created. Ext = 4555
2016-11-29 18:08:09,059 DEBUG  Phone line state changed: RegistrationRequested
2016-11-29 18:08:09,063 DEBUG  Phone line state changed: Error
2016-11-29 18:08:09,064 DEBUG  SipExtensionSignOut Ext: 4555
2016-11-29 18:08:09,064 DEBUG  
Creating SIP account 10.17.0.202:5060
2016-11-29 18:08:09,166 DEBUG  Phoneline created. Ext = 4555
2016-11-29 18:08:09,167 DEBUG  Phone line state changed: RegistrationRequested
2016-11-29 18:08:09,173 DEBUG  Phone line state changed: Error
2016-11-29 18:08:09,174 DEBUG  SipExtensionSignOut Ext: 4555
2016-11-29 18:08:09,174 DEBUG  
Creating SIP account 10.17.0.202:5060
2016-11-29 18:08:09,277 DEBUG  Phoneline created. Ext = 4555
2016-11-29 18:08:09,278 DEBUG  Phone line state changed: RegistrationRequested
2016-11-29 18:08:09,282 DEBUG  Phone line state changed: Error
2016-11-29 18:08:09,283 DEBUG  SipExtensionSignOut Ext: 4555
2016-11-29 18:08:09,286 DEBUG  
Creating SIP account 10.17.0.202:5060
2016-11-29 18:08:09,392 DEBUG  Phoneline created. Ext = 4555
2016-11-29 18:08:09,393 DEBUG  Phone line state changed: RegistrationRequested
2016-11-29 18:08:09,396 DEBUG  Phone line state changed: Error
2016-11-29 18:08:09,397 DEBUG  SipExtensionSignOut Ext: 4555
2016-11-29 18:08:09,397 DEBUG  
Creating SIP account 10.17.0.202:5060
2016-11-29 18:08:09,493 DEBUG  Phoneline created. Ext = 4555
2016-11-29 18:08:09,493 DEBUG  Phone line state changed: RegistrationRequested
2016-11-29 18:08:09,497 DEBUG  Phone line state changed: Error
2016-11-29 18:08:09,498 DEBUG  SipExtensionSignOut Ext: 4555
2016-11-29 18:08:09,499 DEBUG  
Creating SIP account 10.17.0.202:5060
2016-11-29 18:08:09,610 DEBUG  Phoneline created. Ext = 4555
2016-11-29 18:08:09,611 DEBUG  Phone line state changed: RegistrationRequested
2016-11-29 18:08:09,614 DEBUG  Phone line state changed: Error
2016-11-29 18:08:09,615 DEBUG  SipExtensionSignOut Ext: 4555
2016-11-29 18:08:09,616 DEBUG  
Creating SIP account 10.17.0.202:5060
2016-11-29 18:08:09,708 DEBUG  Phoneline created. Ext = 4555
2016-11-29 18:08:09,709 DEBUG  Phone line state changed: RegistrationRequested
2016-11-29 18:08:09,713 DEBUG  Phone line state changed: Error
2016-11-29 18:08:09,714 DEBUG  SipExtensionSignOut Ext: 4555
2016-11-29 18:08:09,714 DEBUG  
Creating SIP account 10.17.0.202:5060
2016-11-29 18:08:09,807 DEBUG  Phoneline created. Ext = 4555
2016-11-29 18:08:09,808 DEBUG  Phone line state changed: RegistrationRequested
2016-11-29 18:08:09,812 DEBUG  Phone line state changed: Error
2016-11-29 18:08:09,813 DEBUG  SipExtensionSignOut Ext: 4555
2016-11-29 18:08:09,814 DEBUG  
Creating SIP account 10.17.0.202:5060
2016-11-29 18:08:09,907 DEBUG  Phoneline created. Ext = 4555
2016-11-29 18:08:09,908 DEBUG  Phone line state changed: RegistrationRequested
2016-11-29 18:08:09,911 DEBUG  Phone line state changed: Error
2016-11-29 18:08:09,912 DEBUG  SipExtensionSignOut Ext: 4555
2016-11-29 18:08:09,912 DEBUG  
Creating SIP account 10.17.0.202:5060
2016-11-29 18:08:10,003 DEBUG  Phoneline created. Ext = 4555
2016-11-29 18:08:10,003 DEBUG  Phone line state changed: RegistrationRequested
2016-11-29 18:08:10,007 DEBUG  Phone line state changed: Error
2016-11-29 18:08:10,007 DEBUG  SipExtensionSignOut Ext: 4555
2016-11-29 18:08:10,008 DEBUG  
Creating SIP account 10.17.0.202:5060
2016-11-29 18:08:10,107 DEBUG  Phoneline created. Ext = 4555
2016-11-29 18:08:10,108 DEBUG  Phone line state changed: RegistrationRequested
2016-11-29 18:08:10,111 DEBUG  Phone line state changed: Error
2016-11-29 18:08:10,112 DEBUG  SipExtensionSignOut Ext: 4555
2016-11-29 18:08:10,112 DEBUG  
Creating SIP account 10.17.0.202:5060
2016-11-29 18:08:10,215 DEBUG  Phoneline created. Ext = 4555
2016-11-29 18:08:10,216 DEBUG  Phone line state changed: RegistrationRequested
2016-11-29 18:08:10,222 DEBUG  Phone line state changed: Error
2016-11-29 18:08:10,223 DEBUG  SipExtensionSignOut Ext: 4555
2016-11-29 18:08:10,223 DEBUG  
Creating SIP account 10.17.0.202:5060
2016-11-29 18:08:10,321 DEBUG  Phoneline created. Ext = 4555
2016-11-29 18:08:10,322 DEBUG  Phone line state changed: RegistrationRequested
2016-11-29 18:08:10,325 DEBUG  Phone line state changed: Error
2016-11-29 18:08:10,326 DEBUG  SipExtensionSignOut Ext: 4555
2016-11-29 18:08:10,326 DEBUG  
Creating SIP account 10.17.0.202:5060
2016-11-29 18:08:10,419 DEBUG  Phoneline created. Ext = 4555
2016-11-29 18:08:10,420 DEBUG  Phone line state changed: RegistrationRequested
2016-11-29 18:08:10,423 DEBUG  Phone line state changed: Error
2016-11-29 18:08:10,424 DEBUG  SipExtensionSignOut Ext: 4555
2016-11-29 18:08:10,424 DEBUG  
Creating SIP account 10.17.0.202:5060
2016-11-29 18:08:10,520 DEBUG  Phoneline created. Ext = 4555
2016-11-29 18:08:10,521 DEBUG  Phone line state changed: RegistrationRequested
2016-11-29 18:08:10,524 DEBUG  Phone line state changed: Error
2016-11-29 18:08:10,525 DEBUG  SipExtensionSignOut Ext: 4555
2016-11-29 18:08:10,525 DEBUG  
Creating SIP account 10.17.0.202:5060
2016-11-29 18:08:10,623 DEBUG  Phoneline created. Ext = 4555
2016-11-29 18:08:10,624 DEBUG  Phone line state changed: RegistrationRequested
2016-11-29 18:08:10,627 DEBUG  Phone line state changed: Error
2016-11-29 18:08:10,628 DEBUG  SipExtensionSignOut Ext: 4555
2016-11-29 18:08:10,629 DEBUG  
Creating SIP account 10.17.0.202:5060
2016-11-29 18:08:10,721 DEBUG  Phoneline created. Ext = 4555
2016-11-29 18:08:10,722 DEBUG  Phone line state changed: RegistrationRequested
2016-11-29 18:08:10,725 DEBUG  Phone line state changed: Error
2016-11-29 18:08:10,726 DEBUG  SipExtensionSignOut Ext: 4555
2016-11-29 18:08:10,726 DEBUG  
Creating SIP account 10.17.0.202:5060
2016-11-29 18:08:10,827 DEBUG  Phoneline created. Ext = 4555
2016-11-29 18:08:10,828 DEBUG  Phone line state changed: RegistrationRequested
2016-11-29 18:08:10,833 DEBUG  Phone line state changed: Error
2016-11-29 18:08:10,833 DEBUG  SipExtensionSignOut Ext: 4555
2016-11-29 18:08:10,834 DEBUG  
Creating SIP account 10.17.0.202:5060
2016-11-29 18:08:10,928 DEBUG  Phoneline created. Ext = 4555
2016-11-29 18:08:10,929 DEBUG  Phone line state changed: RegistrationRequested
2016-11-29 18:08:10,932 DEBUG  Phone line state changed: Error
2016-11-29 18:08:10,933 DEBUG  SipExtensionSignOut Ext: 4555
2016-11-29 18:08:10,933 DEBUG  
Creating SIP account 10.17.0.202:5060
2016-11-29 18:08:11,030 DEBUG  Phoneline created. Ext = 4555
2016-11-29 18:08:11,031 DEBUG  Phone line state changed: RegistrationRequested
2016-11-29 18:08:11,034 DEBUG  Phone line state changed: Error
2016-11-29 18:08:11,036 DEBUG  SipExtensionSignOut Ext: 4555
2016-11-29 18:08:11,037 DEBUG  
Creating SIP account 10.17.0.202:5060
2016-11-29 18:08:11,142 DEBUG  Phoneline created. Ext = 4555
2016-11-29 18:08:11,142 DEBUG  Phone line state changed: RegistrationRequested
2016-11-29 18:08:11,145 DEBUG  Phone line state changed: Error
2016-11-29 18:08:11,146 DEBUG  SipExtensionSignOut Ext: 4555
2016-11-29 18:08:11,147 DEBUG  
Creating SIP account 10.17.0.202:5060
2016-11-29 18:08:11,249 DEBUG  Phoneline created. Ext = 4555
2016-11-29 18:08:11,249 DEBUG  Phone line state changed: RegistrationRequested
2016-11-29 18:08:11,254 DEBUG  Phone line state changed: Error
2016-11-29 18:08:11,255 DEBUG  SipExtensionSignOut Ext: 4555
2016-11-29 18:08:11,256 DEBUG  
Creating SIP account 10.17.0.202:5060
2016-11-29 18:08:11,361 DEBUG  Phoneline created. Ext = 4555
2016-11-29 18:08:11,362 DEBUG  Phone line state changed: RegistrationRequested
2016-11-29 18:08:11,365 DEBUG  Phone line state changed: Error
2016-11-29 18:08:11,366 DEBUG  SipExtensionSignOut Ext: 4555
2016-11-29 18:08:11,366 DEBUG  
Creating SIP account 10.17.0.202:5060
2016-11-29 18:08:11,488 DEBUG  Phoneline created. Ext = 4555
2016-11-29 18:08:11,489 DEBUG  Phone line state changed: RegistrationRequested
2016-11-29 18:08:11,493 DEBUG  Phone line state changed: Error
2016-11-29 18:08:11,494 DEBUG  SipExtensionSignOut Ext: 4555
2016-11-29 18:08:11,495 DEBUG  
Creating SIP account 10.17.0.202:5060
2016-11-29 18:08:11,595 DEBUG  Phoneline created. Ext = 4555
2016-11-29 18:08:11,596 DEBUG  Phone line state changed: RegistrationRequested
2016-11-29 18:08:11,599 DEBUG  Phone line state changed: Error
2016-11-29 18:08:11,600 DEBUG  SipExtensionSignOut Ext: 4555
2016-11-29 18:08:11,600 DEBUG  
Creating SIP account 10.17.0.202:5060
2016-11-29 18:08:11,693 DEBUG  Phoneline created. Ext = 4555
2016-11-29 18:08:11,694 DEBUG  Phone line state changed: RegistrationRequested
2016-11-29 18:08:11,697 DEBUG  Phone line state changed: Error
2016-11-29 18:08:11,697 DEBUG  SipExtensionSignOut Ext: 4555
2016-11-29 18:08:11,698 DEBUG  
Creating SIP account 10.17.0.202:5060
2016-11-29 18:08:11,801 DEBUG  Phoneline created. Ext = 4555
2016-11-29 18:08:11,802 DEBUG  Phone line state changed: RegistrationRequested
2016-11-29 18:08:11,806 DEBUG  Phone line state changed: Error
2016-11-29 18:08:11,807 DEBUG  SipExtensionSignOut Ext: 4555
2016-11-29 18:08:11,807 DEBUG  
Creating SIP account 10.17.0.202:5060
2016-11-29 18:08:11,907 DEBUG  Phoneline created. Ext = 4555
2016-11-29 18:08:11,908 DEBUG  Phone line state changed: RegistrationRequested
2016-11-29 18:08:11,913 DEBUG  Phone line state changed: Error
2016-11-29 18:08:11,914 DEBUG  SipExtensionSignOut Ext: 4555
2016-11-29 18:08:11,914 DEBUG  
Creating SIP account 10.17.0.202:5060
2016-11-29 18:08:12,019 DEBUG  Phoneline created. Ext = 4555
2016-11-29 18:08:12,020 DEBUG  Phone line state changed: RegistrationRequested
2016-11-29 18:08:12,023 DEBUG  Phone line state changed: Error
2016-11-29 18:08:12,024 DEBUG  SipExtensionSignOut Ext: 4555
2016-11-29 18:08:12,025 DEBUG  
Creating SIP account 10.17.0.202:5060
2016-11-29 18:08:12,129 DEBUG  Phoneline created. Ext = 4555
2016-11-29 18:08:12,130 DEBUG  Phone line state changed: RegistrationRequested
2016-11-29 18:08:12,135 DEBUG  Phone line state changed: Error
2016-11-29 18:08:12,135 DEBUG  SipExtensionSignOut Ext: 4555
2016-11-29 18:08:12,137 DEBUG  
Creating SIP account 10.17.0.202:5060
2016-11-29 18:08:12,239 DEBUG  Phoneline created. Ext = 4555
2016-11-29 18:08:12,239 DEBUG  Phone line state changed: RegistrationRequested
2016-11-29 18:08:12,242 DEBUG  Phone line state changed: Error
2016-11-29 18:08:12,243 DEBUG  SipExtensionSignOut Ext: 4555
2016-11-29 18:08:12,243 DEBUG  
Creating SIP account 10.17.0.202:5060
2016-11-29 18:08:12,344 DEBUG  Phoneline created. Ext = 4555
2016-11-29 18:08:12,345 DEBUG  Phone line state changed: RegistrationRequested
2016-11-29 18:08:12,348 DEBUG  Phone line state changed: Error
2016-11-29 18:08:12,349 DEBUG  SipExtensionSignOut Ext: 4555
2016-11-29 18:08:12,350 DEBUG  
Creating SIP account 10.17.0.202:5060
2016-11-29 18:08:12,463 DEBUG  Phoneline created. Ext = 4555
2016-11-29 18:08:12,464 DEBUG  Phone line state changed: RegistrationRequested
2016-11-29 18:08:12,469 DEBUG  Phone line state changed: Error
2016-11-29 18:08:12,470 DEBUG  SipExtensionSignOut Ext: 4555
2016-11-29 18:08:12,471 DEBUG  
Creating SIP account 10.17.0.202:5060
2016-11-29 18:08:12,572 DEBUG  Phoneline created. Ext = 4555
2016-11-29 18:08:12,573 DEBUG  Phone line state changed: RegistrationRequested
2016-11-29 18:08:12,576 DEBUG  Phone line state changed: Error
2016-11-29 18:08:12,577 DEBUG  SipExtensionSignOut Ext: 4555
2016-11-29 18:08:12,577 DEBUG  
Creating SIP account 10.17.0.202:5060
2016-11-29 18:08:12,668 DEBUG  Phoneline created. Ext = 4555
2016-11-29 18:08:12,669 DEBUG  Phone line state changed: RegistrationRequested
2016-11-29 18:08:12,672 DEBUG  Phone line state changed: Error
2016-11-29 18:08:12,673 DEBUG  SipExtensionSignOut Ext: 4555
2016-11-29 18:08:12,673 DEBUG  
Creating SIP account 10.17.0.202:5060
2016-11-29 18:08:12,763 DEBUG  Phoneline created. Ext = 4555
2016-11-29 18:08:12,763 DEBUG  Phone line state changed: RegistrationRequested
2016-11-29 18:08:12,766 DEBUG  Phone line state changed: Error
2016-11-29 18:08:12,767 DEBUG  SipExtensionSignOut Ext: 4555
2016-11-29 18:08:12,768 DEBUG  
Creating SIP account 10.17.0.202:5060
2016-11-29 18:08:12,870 DEBUG  Phoneline created. Ext = 4555
2016-11-29 18:08:12,871 DEBUG  Phone line state changed: RegistrationRequested
2016-11-29 18:08:12,874 DEBUG  Phone line state changed: Error
2016-11-29 18:08:12,875 DEBUG  SipExtensionSignOut Ext: 4555
2016-11-29 18:08:12,875 DEBUG  
Creating SIP account 10.17.0.202:5060
2016-11-29 18:08:12,967 DEBUG  Phoneline created. Ext = 4555
2016-11-29 18:08:12,968 DEBUG  Phone line state changed: RegistrationRequested
2016-11-29 18:08:12,972 DEBUG  Phone line state changed: Error
2016-11-29 18:08:12,972 DEBUG  SipExtensionSignOut Ext: 4555
2016-11-29 18:08:12,973 DEBUG  
Creating SIP account 10.17.0.202:5060
2016-11-29 18:08:13,067 DEBUG  Phoneline created. Ext = 4555
2016-11-29 18:08:13,067 DEBUG  Phone line state changed: RegistrationRequested
2016-11-29 18:08:13,071 DEBUG  Phone line state changed: Error
2016-11-29 18:08:13,072 DEBUG  SipExtensionSignOut Ext: 4555
2016-11-29 18:08:13,072 DEBUG  
Creating SIP account 10.17.0.202:5060
2016-11-29 18:08:13,176 DEBUG  Phoneline created. Ext = 4555
2016-11-29 18:08:13,177 DEBUG  Phone line state changed: RegistrationRequested
2016-11-29 18:08:13,181 DEBUG  Phone line state changed: Error
2016-11-29 18:08:13,181 DEBUG  SipExtensionSignOut Ext: 4555
2016-11-29 18:08:13,182 DEBUG  
Creating SIP account 10.17.0.202:5060
2016-11-29 18:08:13,289 DEBUG  Phoneline created. Ext = 4555
2016-11-29 18:08:13,290 DEBUG  Phone line state changed: RegistrationRequested
2016-11-29 18:08:13,294 DEBUG  Phone line state changed: Error
2016-11-29 18:08:13,295 DEBUG  SipExtensionSignOut Ext: 4555
2016-11-29 18:08:13,295 DEBUG  
Creating SIP account 10.17.0.202:5060
2016-11-29 18:08:13,396 DEBUG  Phoneline created. Ext = 4555
2016-11-29 18:08:13,397 DEBUG  Phone line state changed: RegistrationRequested
2016-11-29 18:08:13,400 DEBUG  Phone line state changed: Error
2016-11-29 18:08:13,401 DEBUG  SipExtensionSignOut Ext: 4555
2016-11-29 18:08:13,402 DEBUG  
Creating SIP account 10.17.0.202:5060
2016-11-29 18:08:13,511 DEBUG  Phoneline created. Ext = 4555
2016-11-29 18:08:13,511 DEBUG  Phone line state changed: RegistrationRequested
2016-11-29 18:08:13,514 DEBUG  Phone line state changed: Error
2016-11-29 18:08:13,515 DEBUG  SipExtensionSignOut Ext: 4555
2016-11-29 18:08:13,515 DEBUG  
Creating SIP account 10.17.0.202:5060
2016-11-29 18:08:13,615 DEBUG  Phoneline created. Ext = 4555
2016-11-29 18:08:13,615 DEBUG  Phone line state changed: RegistrationRequested
2016-11-29 18:08:13,619 DEBUG  Phone line state changed: Error
2016-11-29 18:08:13,620 DEBUG  SipExtensionSignOut Ext: 4555
2016-11-29 18:08:13,621 DEBUG  
Creating SIP account 10.17.0.202:5060
2016-11-29 18:08:13,714 DEBUG  Phoneline created. Ext = 4555
2016-11-29 18:08:13,715 DEBUG  Phone line state changed: RegistrationRequested
2016-11-29 18:08:13,719 DEBUG  Phone line state changed: Error
2016-11-29 18:08:13,720 DEBUG  SipExtensionSignOut Ext: 4555
2016-11-29 18:08:13,720 DEBUG  
Creating SIP account 10.17.0.202:5060
2016-11-29 18:08:13,818 DEBUG  Phoneline created. Ext = 4555
2016-11-29 18:08:13,819 DEBUG  Phone line state changed: RegistrationRequested
2016-11-29 18:08:13,822 DEBUG  Phone line state changed: Error
2016-11-29 18:08:13,822 DEBUG  SipExtensionSignOut Ext: 4555
2016-11-29 18:08:13,823 DEBUG  
Creating SIP account 10.17.0.202:5060
2016-11-29 18:08:13,922 DEBUG  Phoneline created. Ext = 4555
2016-11-29 18:08:13,923 DEBUG  Phone line state changed: RegistrationRequested
2016-11-29 18:08:13,926 DEBUG  Phone line state changed: Error
2016-11-29 18:08:13,927 DEBUG  SipExtensionSignOut Ext: 4555
2016-11-29 18:08:13,928 DEBUG  
Creating SIP account 10.17.0.202:5060
2016-11-29 18:08:14,020 DEBUG  Phoneline created. Ext = 4555
2016-11-29 18:08:14,021 DEBUG  Phone line state changed: RegistrationRequested
2016-11-29 18:08:14,025 DEBUG  Phone line state changed: Error
2016-11-29 18:08:14,026 DEBUG  SipExtensionSignOut Ext: 4555
2016-11-29 18:08:14,027 DEBUG  
Creating SIP account 10.17.0.202:5060
2016-11-29 18:08:14,122 DEBUG  Phoneline created. Ext = 4555
2016-11-29 18:08:14,123 DEBUG  Phone line state changed: RegistrationRequested
2016-11-29 18:08:14,127 DEBUG  Phone line state changed: Error
2016-11-29 18:08:14,127 DEBUG  SipExtensionSignOut Ext: 4555
2016-11-29 18:08:14,128 DEBUG  
Creating SIP account 10.17.0.202:5060
2016-11-29 18:08:14,231 DEBUG  Phoneline created. Ext = 4555
2016-11-29 18:08:14,232 DEBUG  Phone line state changed: RegistrationRequested
2016-11-29 18:08:14,236 DEBUG  Phone line state changed: Error
2016-11-29 18:08:14,237 DEBUG  SipExtensionSignOut Ext: 4555
2016-11-29 18:08:14,238 DEBUG  
Creating SIP account 10.17.0.202:5060
2016-11-29 18:08:14,341 DEBUG  Phoneline created. Ext = 4555
2016-11-29 18:08:14,342 DEBUG  Phone line state changed: RegistrationRequested
2016-11-29 18:08:14,346 DEBUG  Phone line state changed: Error
2016-11-29 18:08:14,346 DEBUG  SipExtensionSignOut Ext: 4555
2016-11-29 18:08:14,347 DEBUG  
Creating SIP account 10.17.0.202:5060
2016-11-29 18:08:14,446 DEBUG  Phoneline created. Ext = 4555
2016-11-29 18:08:14,446 DEBUG  Phone line state changed: RegistrationRequested
2016-11-29 18:08:14,449 DEBUG  Phone line state changed: Error
2016-11-29 18:08:14,450 DEBUG  SipExtensionSignOut Ext: 4555
2016-11-29 18:08:14,450 DEBUG  
Creating SIP account 10.17.0.202:5060
2016-11-29 18:08:14,547 DEBUG  Phoneline created. Ext = 4555
2016-11-29 18:08:14,548 DEBUG  Phone line state changed: RegistrationRequested
2016-11-29 18:08:14,552 DEBUG  Phone line state changed: Error
2016-11-29 18:08:14,553 DEBUG  SipExtensionSignOut Ext: 4555
2016-11-29 18:08:14,554 DEBUG  
Creating SIP account 10.17.0.202:5060
2016-11-29 18:08:14,660 DEBUG  Phoneline created. Ext = 4555
2016-11-29 18:08:14,661 DEBUG  Phone line state changed: RegistrationRequested
2016-11-29 18:08:14,664 DEBUG  Phone line state changed: Error
2016-11-29 18:08:14,665 DEBUG  SipExtensionSignOut Ext: 4555
2016-11-29 18:08:14,665 DEBUG  
Creating SIP account 10.17.0.202:5060
2016-11-29 18:08:14,759 DEBUG  Phoneline created. Ext = 4555
2016-11-29 18:08:14,759 DEBUG  Phone line state changed: RegistrationRequested
2016-11-29 18:08:14,763 DEBUG  Phone line state changed: Error
2016-11-29 18:08:14,763 DEBUG  SipExtensionSignOut Ext: 4555
2016-11-29 18:08:14,764 DEBUG  
Creating SIP account 10.17.0.202:5060
2016-11-29 18:08:14,858 DEBUG  Phoneline created. Ext = 4555
2016-11-29 18:08:14,859 DEBUG  Phone line state changed: RegistrationRequested
2016-11-29 18:08:14,862 DEBUG  Phone line state changed: Error
2016-11-29 18:08:14,863 DEBUG  SipExtensionSignOut Ext: 4555
2016-11-29 18:08:14,863 DEBUG  
Creating SIP account 10.17.0.202:5060
2016-11-29 18:08:14,961 DEBUG  Phoneline created. Ext = 4555
2016-11-29 18:08:14,962 DEBUG  Phone line state changed: RegistrationRequested
2016-11-29 18:08:14,965 DEBUG  Phone line state changed: Error
2016-11-29 18:08:14,966 DEBUG  SipExtensionSignOut Ext: 4555
2016-11-29 18:08:14,966 DEBUG  
Creating SIP account 10.17.0.202:5060
2016-11-29 18:08:15,070 DEBUG  Phoneline created. Ext = 4555
2016-11-29 18:08:15,071 DEBUG  Phone line state changed: RegistrationRequested
2016-11-29 18:08:15,074 DEBUG  Phone line state changed: Error
2016-11-29 18:08:15,075 DEBUG  SipExtensionSignOut Ext: 4555
2016-11-29 18:08:15,076 DEBUG  
Creating SIP account 10.17.0.202:5060
2016-11-29 18:08:15,188 DEBUG  Phoneline created. Ext = 4555
2016-11-29 18:08:15,189 DEBUG  Phone line state changed: RegistrationRequested
2016-11-29 18:08:15,192 DEBUG  Phone line state changed: Error
2016-11-29 18:08:15,193 DEBUG  SipExtensionSignOut Ext: 4555
2016-11-29 18:08:15,194 DEBUG  
Creating SIP account 10.17.0.202:5060
2016-11-29 18:08:15,324 DEBUG  Phoneline created. Ext = 4555
2016-11-29 18:08:15,325 DEBUG  Phone line state changed: RegistrationRequested
2016-11-29 18:08:15,328 DEBUG  Phone line state changed: Error
2016-11-29 18:08:15,328 DEBUG  SipExtensionSignOut Ext: 4555
2016-11-29 18:08:15,329 DEBUG  
Creating SIP account 10.17.0.202:5060
2016-11-29 18:08:15,430 DEBUG  Phoneline created. Ext = 4555
2016-11-29 18:08:15,431 DEBUG  Phone line state changed: RegistrationRequested
2016-11-29 18:08:15,434 DEBUG  Phone line state changed: Error
2016-11-29 18:08:15,435 DEBUG  SipExtensionSignOut Ext: 4555
2016-11-29 18:08:15,436 DEBUG  
Creating SIP account 10.17.0.202:5060
2016-11-29 18:08:15,536 DEBUG  Phoneline created. Ext = 4555
2016-11-29 18:08:15,537 DEBUG  Phone line state changed: RegistrationRequested
2016-11-29 18:08:15,541 DEBUG  Phone line state changed: Error
2016-11-29 18:08:15,542 DEBUG  SipExtensionSignOut Ext: 4555
2016-11-29 18:08:15,543 DEBUG  
Creating SIP account 10.17.0.202:5060
2016-11-29 18:08:15,645 DEBUG  Phoneline created. Ext = 4555
2016-11-29 18:08:15,645 DEBUG  Phone line state changed: RegistrationRequested
2016-11-29 18:08:15,648 DEBUG  Phone line state changed: Error
2016-11-29 18:08:15,649 DEBUG  SipExtensionSignOut Ext: 4555
2016-11-29 18:08:15,649 DEBUG  
Creating SIP account 10.17.0.202:5060
2016-11-29 18:08:15,748 DEBUG  Phoneline created. Ext = 4555
2016-11-29 18:08:15,749 DEBUG  Phone line state changed: RegistrationRequested
2016-11-29 18:08:15,753 DEBUG  Phone line state changed: Error
2016-11-29 18:08:15,754 DEBUG  SipExtensionSignOut Ext: 4555
2016-11-29 18:08:15,754 DEBUG  
Creating SIP account 10.17.0.202:5060
2016-11-29 18:08:15,844 DEBUG  Phoneline created. Ext = 4555
2016-11-29 18:08:15,845 DEBUG  Phone line state changed: RegistrationRequested
2016-11-29 18:08:15,848 DEBUG  Phone line state changed: Error
2016-11-29 18:08:15,849 DEBUG  SipExtensionSignOut Ext: 4555
2016-11-29 18:08:15,849 DEBUG  
Creating SIP account 10.17.0.202:5060
2016-11-29 18:08:15,952 DEBUG  Phoneline created. Ext = 4555
2016-11-29 18:08:15,953 DEBUG  Phone line state changed: RegistrationRequested
2016-11-29 18:08:15,956 DEBUG  Phone line state changed: Error
2016-11-29 18:08:15,957 DEBUG  SipExtensionSignOut Ext: 4555
2016-11-29 18:08:15,957 DEBUG  
Creating SIP account 10.17.0.202:5060
2016-11-29 18:08:16,055 DEBUG  Phoneline created. Ext = 4555
2016-11-29 18:08:16,056 DEBUG  Phone line state changed: RegistrationRequested
2016-11-29 18:08:16,060 DEBUG  Phone line state changed: Error
2016-11-29 18:08:16,061 DEBUG  SipExtensionSignOut Ext: 4555
2016-11-29 18:08:16,061 DEBUG  
Creating SIP account 10.17.0.202:5060
2016-11-29 18:08:16,122 DEBUG  Dequeue: TimeOut
2016-11-29 18:08:16,125 DEBUG  Call Length: 0 Seconds
2016-11-29 18:08:16,164 DEBUG  Phoneline created. Ext = 4555
2016-11-29 18:08:16,166 DEBUG  Phone line state changed: RegistrationRequested
2016-11-29 18:08:16,174 DEBUG  Phone line state changed: Error
2016-11-29 18:08:16,175 DEBUG  SipExtensionSignOut Ext: 4555
2016-11-29 18:08:16,176 DEBUG  
Creating SIP account 10.17.0.202:5060
2016-11-29 18:08:16,235 DEBUG  Dequeue: End
2016-11-29 18:08:16,237 DEBUG  SetDialerEvent Ext: 4557, RecID: 123456, State: NO_ANSWER
2016-11-29 18:08:16,285 DEBUG  Phoneline created. Ext = 4555
2016-11-29 18:08:16,286 DEBUG  Phone line state changed: RegistrationRequested
2016-11-29 18:08:16,289 DEBUG  Phone line state changed: Error
2016-11-29 18:08:16,290 DEBUG  SipExtensionSignOut Ext: 4555
2016-11-29 18:08:16,290 DEBUG  
Creating SIP account 10.17.0.202:5060
2016-11-29 18:08:16,403 DEBUG  Phoneline created. Ext = 4555
2016-11-29 18:08:16,404 DEBUG  Phone line state changed: RegistrationRequested
2016-11-29 18:08:16,407 DEBUG  Phone line state changed: Error
2016-11-29 18:08:16,408 DEBUG  SipExtensionSignOut Ext: 4555
2016-11-29 18:08:16,409 DEBUG  
Creating SIP account 10.17.0.202:5060
2016-11-29 18:08:16,510 DEBUG  Phoneline created. Ext = 4555
2016-11-29 18:08:16,511 DEBUG  Phone line state changed: RegistrationRequested
2016-11-29 18:08:16,514 DEBUG  Phone line state changed: Error
2016-11-29 18:08:16,515 DEBUG  SipExtensionSignOut Ext: 4555
2016-11-29 18:08:16,515 DEBUG  
Creating SIP account 10.17.0.202:5060
2016-11-29 18:08:16,616 DEBUG  Phoneline created. Ext = 4555
2016-11-29 18:08:16,617 DEBUG  Phone line state changed: RegistrationRequested
2016-11-29 18:08:16,621 DEBUG  Phone line state changed: Error
2016-11-29 18:08:16,622 DEBUG  SipExtensionSignOut Ext: 4555
2016-11-29 18:08:16,622 DEBUG  
Creating SIP account 10.17.0.202:5060
2016-11-29 18:08:16,724 DEBUG  Phoneline created. Ext = 4555
2016-11-29 18:08:16,725 DEBUG  Phone line state changed: RegistrationRequested
2016-11-29 18:08:16,727 DEBUG  Phone line state changed: Error
2016-11-29 18:08:16,728 DEBUG  SipExtensionSignOut Ext: 4555
2016-11-29 18:08:16,729 DEBUG  
Creating SIP account 10.17.0.202:5060
2016-11-29 18:08:16,825 DEBUG  Phoneline created. Ext = 4555
2016-11-29 18:08:16,826 DEBUG  Phone line state changed: RegistrationRequested
2016-11-29 18:08:16,829 DEBUG  Phone line state changed: Error
2016-11-29 18:08:16,829 DEBUG  SipExtensionSignOut Ext: 4555
2016-11-29 18:08:16,830 DEBUG  
Creating SIP account 10.17.0.202:5060
2016-11-29 18:08:16,924 DEBUG  Phoneline created. Ext = 4555
2016-11-29 18:08:16,925 DEBUG  Phone line state changed: RegistrationRequested
2016-11-29 18:08:16,928 DEBUG  Phone line state changed: Error
2016-11-29 18:08:16,928 DEBUG  SipExtensionSignOut Ext: 4555
2016-11-29 18:08:16,929 DEBUG  
Creating SIP account 10.17.0.202:5060
2016-11-29 18:08:17,027 DEBUG  Phoneline created. Ext = 4555
2016-11-29 18:08:17,028 DEBUG  Phone line state changed: RegistrationRequested
2016-11-29 18:08:17,031 DEBUG  Phone line state changed: Error
2016-11-29 18:08:17,032 DEBUG  SipExtensionSignOut Ext: 4555
2016-11-29 18:08:17,032 DEBUG  
Creating SIP account 10.17.0.202:5060
2016-11-29 18:08:17,138 DEBUG  Phoneline created. Ext = 4555
2016-11-29 18:08:17,138 DEBUG  Phone line state changed: RegistrationRequested
2016-11-29 18:08:17,142 DEBUG  Phone line state changed: Error
2016-11-29 18:08:17,142 DEBUG  SipExtensionSignOut Ext: 4555
2016-11-29 18:08:17,143 DEBUG  
Creating SIP account 10.17.0.202:5060
2016-11-29 18:08:17,240 DEBUG  Phoneline created. Ext = 4555
2016-11-29 18:08:17,241 DEBUG  Phone line state changed: RegistrationRequested
2016-11-29 18:08:17,244 DEBUG  Phone line state changed: Error
2016-11-29 18:08:17,245 DEBUG  SipExtensionSignOut Ext: 4555
2016-11-29 18:08:17,245 DEBUG  
Creating SIP account 10.17.0.202:5060
2016-11-29 18:08:17,346 DEBUG  Phoneline created. Ext = 4555
2016-11-29 18:08:17,346 DEBUG  Phone line state changed: RegistrationRequested
2016-11-29 18:08:17,356 DEBUG  Phone line state changed: Error
2016-11-29 18:08:17,357 DEBUG  SipExtensionSignOut Ext: 4555
2016-11-29 18:08:17,358 DEBUG  
Creating SIP account 10.17.0.202:5060
2016-11-29 18:08:17,458 DEBUG  Phoneline created. Ext = 4555
2016-11-29 18:08:17,458 DEBUG  Phone line state changed: RegistrationRequested
2016-11-29 18:08:17,462 DEBUG  Phone line state changed: Error
2016-11-29 18:08:17,463 DEBUG  SipExtensionSignOut Ext: 4555
2016-11-29 18:08:17,463 DEBUG  
Creating SIP account 10.17.0.202:5060
2016-11-29 18:08:17,580 DEBUG  Phoneline created. Ext = 4555
2016-11-29 18:08:17,580 DEBUG  Phone line state changed: RegistrationRequested
2016-11-29 18:08:17,584 DEBUG  Phone line state changed: Error
2016-11-29 18:08:17,586 DEBUG  SipExtensionSignOut Ext: 4555
2016-11-29 18:08:17,587 DEBUG  
Creating SIP account 10.17.0.202:5060
2016-11-29 18:08:17,684 DEBUG  Phoneline created. Ext = 4555
2016-11-29 18:08:17,685 DEBUG  Phone line state changed: RegistrationRequested
2016-11-29 18:08:17,689 DEBUG  Phone line state changed: Error
2016-11-29 18:08:17,690 DEBUG  SipExtensionSignOut Ext: 4555
2016-11-29 18:08:17,690 DEBUG  
Creating SIP account 10.17.0.202:5060
2016-11-29 18:08:17,789 DEBUG  Phoneline created. Ext = 4555
2016-11-29 18:08:17,790 DEBUG  Phone line state changed: RegistrationRequested
2016-11-29 18:08:17,793 DEBUG  Phone line state changed: Error
2016-11-29 18:08:17,794 DEBUG  SipExtensionSignOut Ext: 4555
2016-11-29 18:08:17,794 DEBUG  
Creating SIP account 10.17.0.202:5060
2016-11-29 18:08:17,897 DEBUG  Phoneline created. Ext = 4555
2016-11-29 18:08:17,898 DEBUG  Phone line state changed: RegistrationRequested
2016-11-29 18:08:17,903 DEBUG  Phone line state changed: Error
2016-11-29 18:08:17,904 DEBUG  SipExtensionSignOut Ext: 4555
2016-11-29 18:08:17,905 DEBUG  
Creating SIP account 10.17.0.202:5060
2016-11-29 18:08:18,008 DEBUG  Phoneline created. Ext = 4555
2016-11-29 18:08:18,009 DEBUG  Phone line state changed: RegistrationRequested
2016-11-29 18:08:18,013 DEBUG  Phone line state changed: Error
2016-11-29 18:08:18,013 DEBUG  SipExtensionSignOut Ext: 4555
2016-11-29 18:08:18,014 DEBUG  
Creating SIP account 10.17.0.202:5060
2016-11-29 18:08:18,111 DEBUG  Phoneline created. Ext = 4555
2016-11-29 18:08:18,112 DEBUG  Phone line state changed: RegistrationRequested
2016-11-29 18:08:18,115 DEBUG  Phone line state changed: Error
2016-11-29 18:08:18,115 DEBUG  SipExtensionSignOut Ext: 4555
2016-11-29 18:08:18,116 DEBUG  
Creating SIP account 10.17.0.202:5060
2016-11-29 18:08:18,211 DEBUG  Phoneline created. Ext = 4555
2016-11-29 18:08:18,212 DEBUG  Phone line state changed: RegistrationRequested
2016-11-29 18:08:18,215 DEBUG  Phone line state changed: Error
2016-11-29 18:08:18,216 DEBUG  SipExtensionSignOut Ext: 4555
2016-11-29 18:08:18,216 DEBUG  
Creating SIP account 10.17.0.202:5060
2016-11-29 18:08:18,307 DEBUG  Phoneline created. Ext = 4555
2016-11-29 18:08:18,307 DEBUG  Phone line state changed: RegistrationRequested
2016-11-29 18:08:18,310 DEBUG  Phone line state changed: Error
2016-11-29 18:08:18,311 DEBUG  SipExtensionSignOut Ext: 4555
2016-11-29 18:08:18,311 DEBUG  
Creating SIP account 10.17.0.202:5060
2016-11-29 18:08:18,401 DEBUG  Phoneline created. Ext = 4555
2016-11-29 18:08:18,402 DEBUG  Phone line state changed: RegistrationRequested
2016-11-29 18:08:18,405 DEBUG  Phone line state changed: Error
2016-11-29 18:08:18,406 DEBUG  SipExtensionSignOut Ext: 4555
2016-11-29 18:08:18,406 DEBUG  
Creating SIP account 10.17.0.202:5060
2016-11-29 18:08:18,497 DEBUG  Phoneline created. Ext = 4555
2016-11-29 18:08:18,498 DEBUG  Phone line state changed: RegistrationRequested
2016-11-29 18:08:18,502 DEBUG  Phone line state changed: Error
2016-11-29 18:08:18,503 DEBUG  SipExtensionSignOut Ext: 4555
2016-11-29 18:08:18,503 DEBUG  
Creating SIP account 10.17.0.202:5060
2016-11-29 18:08:18,607 DEBUG  Phoneline created. Ext = 4555
2016-11-29 18:08:18,608 DEBUG  Phone line state changed: RegistrationRequested
2016-11-29 18:08:18,611 DEBUG  Phone line state changed: Error
2016-11-29 18:08:18,612 DEBUG  SipExtensionSignOut Ext: 4555
2016-11-29 18:08:18,612 DEBUG  
Creating SIP account 10.17.0.202:5060
2016-11-29 18:08:18,716 DEBUG  Phoneline created. Ext = 4555
2016-11-29 18:08:18,717 DEBUG  Phone line state changed: RegistrationRequested
2016-11-29 18:08:18,724 DEBUG  Phone line state changed: Error
2016-11-29 18:08:18,725 DEBUG  SipExtensionSignOut Ext: 4555
2016-11-29 18:08:18,725 DEBUG  
Creating SIP account 10.17.0.202:5060
2016-11-29 18:08:18,828 DEBUG  Phoneline created. Ext = 4555
2016-11-29 18:08:18,829 DEBUG  Phone line state changed: RegistrationRequested
2016-11-29 18:08:18,832 DEBUG  Phone line state changed: Error
2016-11-29 18:08:18,832 DEBUG  SipExtensionSignOut Ext: 4555
2016-11-29 18:08:18,833 DEBUG  
Creating SIP account 10.17.0.202:5060
2016-11-29 18:08:18,949 DEBUG  Phoneline created. Ext = 4555
2016-11-29 18:08:18,950 DEBUG  Phone line state changed: RegistrationRequested
2016-11-29 18:08:18,954 DEBUG  Phone line state changed: Error
2016-11-29 18:08:18,955 DEBUG  SipExtensionSignOut Ext: 4555
2016-11-29 18:08:18,956 DEBUG  
Creating SIP account 10.17.0.202:5060
2016-11-29 18:08:19,061 DEBUG  Phoneline created. Ext = 4555
2016-11-29 18:08:19,062 DEBUG  Phone line state changed: RegistrationRequested
2016-11-29 18:08:19,065 DEBUG  Phone line state changed: Error
2016-11-29 18:08:19,066 DEBUG  SipExtensionSignOut Ext: 4555
2016-11-29 18:08:19,066 DEBUG  
Creating SIP account 10.17.0.202:5060
2016-11-29 18:08:19,164 DEBUG  Phoneline created. Ext = 4555
2016-11-29 18:08:19,164 DEBUG  Phone line state changed: RegistrationRequested
2016-11-29 18:08:19,170 DEBUG  Phone line state changed: Error
2016-11-29 18:08:19,170 DEBUG  SipExtensionSignOut Ext: 4555
2016-11-29 18:08:19,171 DEBUG  
Creating SIP account 10.17.0.202:5060
2016-11-29 18:08:19,262 DEBUG  Phoneline created. Ext = 4555
2016-11-29 18:08:19,263 DEBUG  Phone line state changed: RegistrationRequested
2016-11-29 18:08:19,266 DEBUG  Phone line state changed: Error
2016-11-29 18:08:19,266 DEBUG  SipExtensionSignOut Ext: 4555
2016-11-29 18:08:19,267 DEBUG  
Creating SIP account 10.17.0.202:5060
2016-11-29 18:08:19,375 DEBUG  Phoneline created. Ext = 4555
2016-11-29 18:08:19,376 DEBUG  Phone line state changed: RegistrationRequested
2016-11-29 18:08:19,379 DEBUG  Phone line state changed: Error
2016-11-29 18:08:19,380 DEBUG  SipExtensionSignOut Ext: 4555
2016-11-29 18:08:19,380 DEBUG  
Creating SIP account 10.17.0.202:5060
2016-11-29 18:08:19,483 DEBUG  Phoneline created. Ext = 4555
2016-11-29 18:08:19,484 DEBUG  Phone line state changed: RegistrationRequested
2016-11-29 18:08:19,488 DEBUG  Phone line state changed: Error
2016-11-29 18:08:19,488 DEBUG  SipExtensionSignOut Ext: 4555
2016-11-29 18:08:19,489 DEBUG  
Creating SIP account 10.17.0.202:5060
2016-11-29 18:08:19,594 DEBUG  Phoneline created. Ext = 4555
2016-11-29 18:08:19,595 DEBUG  Phone line state changed: RegistrationRequested
2016-11-29 18:08:19,598 DEBUG  Phone line state changed: Error
2016-11-29 18:08:19,598 DEBUG  SipExtensionSignOut Ext: 4555
2016-11-29 18:08:19,599 DEBUG  
Creating SIP account 10.17.0.202:5060
2016-11-29 18:08:19,694 DEBUG  Phoneline created. Ext = 4555
2016-11-29 18:08:19,695 DEBUG  Phone line state changed: RegistrationRequested
2016-11-29 18:08:19,699 DEBUG  Phone line state changed: Error
2016-11-29 18:08:19,699 DEBUG  SipExtensionSignOut Ext: 4555
2016-11-29 18:08:19,700 DEBUG  
Creating SIP account 10.17.0.202:5060
2016-11-29 18:08:19,794 DEBUG  Phoneline created. Ext = 4555
2016-11-29 18:08:19,794 DEBUG  Phone line state changed: RegistrationRequested
2016-11-29 18:08:19,798 DEBUG  Phone line state changed: Error
2016-11-29 18:08:19,798 DEBUG  SipExtensionSignOut Ext: 4555
2016-11-29 18:08:19,799 DEBUG  
Creating SIP account 10.17.0.202:5060
2016-11-29 18:08:19,899 DEBUG  Phoneline created. Ext = 4555
2016-11-29 18:08:19,900 DEBUG  Phone line state changed: RegistrationRequested
2016-11-29 18:08:19,904 DEBUG  Phone line state changed: Error
2016-11-29 18:08:19,904 DEBUG  SipExtensionSignOut Ext: 4555
2016-11-29 18:08:19,905 DEBUG  
Creating SIP account 10.17.0.202:5060
2016-11-29 18:08:20,001 DEBUG  Phoneline created. Ext = 4555
2016-11-29 18:08:20,002 DEBUG  Phone line state changed: RegistrationRequested
2016-11-29 18:08:20,005 DEBUG  Phone line state changed: Error
2016-11-29 18:08:20,006 DEBUG  SipExtensionSignOut Ext: 4555
2016-11-29 18:08:20,006 DEBUG  
Creating SIP account 10.17.0.202:5060
2016-11-29 18:08:20,108 DEBUG  Phoneline created. Ext = 4555
2016-11-29 18:08:20,109 DEBUG  Phone line state changed: RegistrationRequested
2016-11-29 18:08:20,112 DEBUG  Phone line state changed: Error
2016-11-29 18:08:20,113 DEBUG  SipExtensionSignOut Ext: 4555
2016-11-29 18:08:20,113 DEBUG  
Creating SIP account 10.17.0.202:5060
2016-11-29 18:08:20,220 DEBUG  Phoneline created. Ext = 4555
2016-11-29 18:08:20,221 DEBUG  Phone line state changed: RegistrationRequested
2016-11-29 18:08:20,224 DEBUG  Phone line state changed: Error
2016-11-29 18:08:20,225 DEBUG  SipExtensionSignOut Ext: 4555
2016-11-29 18:08:20,225 DEBUG  
Creating SIP account 10.17.0.202:5060
2016-11-29 18:08:20,317 DEBUG  Phoneline created. Ext = 4555
2016-11-29 18:08:20,319 DEBUG  Phone line state changed: RegistrationRequested
2016-11-29 18:08:20,322 DEBUG  Phone line state changed: Error
2016-11-29 18:08:20,323 DEBUG  SipExtensionSignOut Ext: 4555
2016-11-29 18:08:20,323 DEBUG  
Creating SIP account 10.17.0.202:5060
2016-11-29 18:08:20,416 DEBUG  Phoneline created. Ext = 4555
2016-11-29 18:08:20,418 DEBUG  Phone line state changed: RegistrationRequested
2016-11-29 18:08:20,421 DEBUG  Phone line state changed: Error
2016-11-29 18:08:20,422 DEBUG  SipExtensionSignOut Ext: 4555
2016-11-29 18:08:20,422 DEBUG  
Creating SIP account 10.17.0.202:5060
2016-11-29 18:08:20,528 DEBUG  Phoneline created. Ext = 4555
2016-11-29 18:08:20,529 DEBUG  Phone line state changed: RegistrationRequested
2016-11-29 18:08:20,533 DEBUG  Phone line state changed: Error
2016-11-29 18:08:20,534 DEBUG  SipExtensionSignOut Ext: 4555
2016-11-29 18:08:20,537 DEBUG  
Creating SIP account 10.17.0.202:5060
2016-11-29 18:08:20,641 DEBUG  Phoneline created. Ext = 4555
2016-11-29 18:08:20,641 DEBUG  Phone line state changed: RegistrationRequested
2016-11-29 18:08:20,644 DEBUG  Phone line state changed: Error
2016-11-29 18:08:20,645 DEBUG  SipExtensionSignOut Ext: 4555
2016-11-29 18:08:20,646 DEBUG  
Creating SIP account 10.17.0.202:5060
2016-11-29 18:08:20,735 DEBUG  Phoneline created. Ext = 4555
2016-11-29 18:08:20,736 DEBUG  Phone line state changed: RegistrationRequested
2016-11-29 18:08:20,740 DEBUG  Phone line state changed: Error
2016-11-29 18:08:20,740 DEBUG  SipExtensionSignOut Ext: 4555
2016-11-29 18:08:20,741 DEBUG  
Creating SIP account 10.17.0.202:5060
2016-11-29 18:08:20,834 DEBUG  Phoneline created. Ext = 4555
2016-11-29 18:08:20,835 DEBUG  Phone line state changed: RegistrationRequested
2016-11-29 18:08:20,839 DEBUG  Phone line state changed: Error
2016-11-29 18:08:20,840 DEBUG  SipExtensionSignOut Ext: 4555
2016-11-29 18:08:20,840 DEBUG  
Creating SIP account 10.17.0.202:5060
2016-11-29 18:08:20,944 DEBUG  Phoneline created. Ext = 4555
2016-11-29 18:08:20,946 DEBUG  Phone line state changed: RegistrationRequested
2016-11-29 18:08:20,950 DEBUG  Phone line state changed: Error
2016-11-29 18:08:20,951 DEBUG  SipExtensionSignOut Ext: 4555
2016-11-29 18:08:20,952 DEBUG  
Creating SIP account 10.17.0.202:5060
2016-11-29 18:08:21,064 DEBUG  Phoneline created. Ext = 4555
2016-11-29 18:08:21,065 DEBUG  Phone line state changed: RegistrationRequested
2016-11-29 18:08:21,068 DEBUG  Phone line state changed: Error
2016-11-29 18:08:21,069 DEBUG  SipExtensionSignOut Ext: 4555
2016-11-29 18:08:21,070 DEBUG  
Creating SIP account 10.17.0.202:5060
2016-11-29 18:08:21,169 DEBUG  Phoneline created. Ext = 4555
2016-11-29 18:08:21,170 DEBUG  Phone line state changed: RegistrationRequested
2016-11-29 18:08:21,174 DEBUG  Phone line state changed: Error
2016-11-29 18:08:21,175 DEBUG  SipExtensionSignOut Ext: 4555
2016-11-29 18:08:21,176 DEBUG  
Creating SIP account 10.17.0.202:5060
2016-11-29 18:08:21,274 DEBUG  Phoneline created. Ext = 4555
2016-11-29 18:08:21,275 DEBUG  Phone line state changed: RegistrationRequested
2016-11-29 18:08:21,278 DEBUG  Phone line state changed: Error
2016-11-29 18:08:21,279 DEBUG  SipExtensionSignOut Ext: 4555
2016-11-29 18:08:21,279 DEBUG  
Creating SIP account 10.17.0.202:5060
2016-11-29 18:08:21,379 DEBUG  Phoneline created. Ext = 4555
2016-11-29 18:08:21,379 DEBUG  Phone line state changed: RegistrationRequested
2016-11-29 18:08:21,383 DEBUG  Phone line state changed: Error
2016-11-29 18:08:21,383 DEBUG  SipExtensionSignOut Ext: 4555
2016-11-29 18:08:21,384 DEBUG  
Creating SIP account 10.17.0.202:5060
2016-11-29 18:08:21,484 DEBUG  Phoneline created. Ext = 4555
2016-11-29 18:08:21,485 DEBUG  Phone line state changed: RegistrationRequested
2016-11-29 18:08:21,489 DEBUG  Phone line state changed: Error
2016-11-29 18:08:21,490 DEBUG  SipExtensionSignOut Ext: 4555
2016-11-29 18:08:21,490 DEBUG  
Creating SIP account 10.17.0.202:5060
2016-11-29 18:08:21,588 DEBUG  Phoneline created. Ext = 4555
2016-11-29 18:08:21,589 DEBUG  Phone line state changed: RegistrationRequested
2016-11-29 18:08:21,592 DEBUG  Phone line state changed: Error
2016-11-29 18:08:21,593 DEBUG  SipExtensionSignOut Ext: 4555
2016-11-29 18:08:21,593 DEBUG  
Creating SIP account 10.17.0.202:5060
2016-11-29 18:08:21,683 DEBUG  Phoneline created. Ext = 4555
2016-11-29 18:08:21,684 DEBUG  Phone line state changed: RegistrationRequested
2016-11-29 18:08:21,687 DEBUG  Phone line state changed: Error
2016-11-29 18:08:21,688 DEBUG  SipExtensionSignOut Ext: 4555
2016-11-29 18:08:21,689 DEBUG  
Creating SIP account 10.17.0.202:5060
2016-11-29 18:08:21,783 DEBUG  Phoneline created. Ext = 4555
2016-11-29 18:08:21,783 DEBUG  Phone line state changed: RegistrationRequested
2016-11-29 18:08:21,787 DEBUG  Phone line state changed: Error
2016-11-29 18:08:21,788 DEBUG  SipExtensionSignOut Ext: 4555
2016-11-29 18:08:21,789 DEBUG  
Creating SIP account 10.17.0.202:5060
2016-11-29 18:08:21,878 DEBUG  Phoneline created. Ext = 4555
2016-11-29 18:08:21,879 DEBUG  Phone line state changed: RegistrationRequested
2016-11-29 18:08:21,882 DEBUG  Phone line state changed: Error
2016-11-29 18:08:21,883 DEBUG  SipExtensionSignOut Ext: 4555
2016-11-29 18:08:21,883 DEBUG  
Creating SIP account 10.17.0.202:5060
2016-11-29 18:08:21,971 DEBUG  Phoneline created. Ext = 4555
2016-11-29 18:08:21,972 DEBUG  Phone line state changed: RegistrationRequested
2016-11-29 18:08:21,976 DEBUG  Phone line state changed: Error
2016-11-29 18:08:21,977 DEBUG  SipExtensionSignOut Ext: 4555
2016-11-29 18:08:21,977 DEBUG  
Creating SIP account 10.17.0.202:5060
2016-11-29 18:08:22,080 DEBUG  Phoneline created. Ext = 4555
2016-11-29 18:08:22,081 DEBUG  Phone line state changed: RegistrationRequested
2016-11-29 18:08:22,084 DEBUG  Phone line state changed: Error
2016-11-29 18:08:22,086 DEBUG  SipExtensionSignOut Ext: 4555
2016-11-29 18:08:22,087 DEBUG  
Creating SIP account 10.17.0.202:5060
2016-11-29 18:08:22,191 DEBUG  Phoneline created. Ext = 4555
2016-11-29 18:08:22,192 DEBUG  Phone line state changed: RegistrationRequested
2016-11-29 18:08:22,195 DEBUG  Phone line state changed: Error
2016-11-29 18:08:22,195 DEBUG  SipExtensionSignOut Ext: 4555
2016-11-29 18:08:22,196 DEBUG  
Creating SIP account 10.17.0.202:5060
2016-11-29 18:08:22,299 DEBUG  Phoneline created. Ext = 4555
2016-11-29 18:08:22,300 DEBUG  Phone line state changed: RegistrationRequested
2016-11-29 18:08:22,305 DEBUG  Phone line state changed: Error
2016-11-29 18:08:22,306 DEBUG  SipExtensionSignOut Ext: 4555
2016-11-29 18:08:22,306 DEBUG  
Creating SIP account 10.17.0.202:5060
2016-11-29 18:09:19,365 DEBUG  On Start
2016-11-29 18:09:21,741 DEBUG  
Creating SIP account 10.17.0.202:5060
2016-11-29 18:09:22,378 DEBUG  Phoneline created. Ext = 4555
2016-11-29 18:09:22,393 DEBUG  Phone line state changed: RegistrationRequested
2016-11-29 18:09:22,586 DEBUG  
Creating SIP account 10.17.0.201:5060
2016-11-29 18:09:22,716 DEBUG  Phoneline created. Ext = 4557
2016-11-29 18:09:22,719 DEBUG  Phone line state changed: RegistrationRequested
2016-11-29 18:09:22,747 DEBUG  Phone line state changed: Error
2016-11-29 18:09:22,751 DEBUG  SipExtensionSignOut Ext: 4555
2016-11-29 18:09:22,752 DEBUG  
Creating SIP account 10.17.0.202:5060
2016-11-29 18:09:22,766 DEBUG  Phone line state changed: RegistrationSucceeded
2016-11-29 18:09:22,767 DEBUG  SipExtensionRegister Ext: 4557
2016-11-29 18:09:22,768 DEBUG  Registration succeeded - Online!
2016-11-29 18:09:22,852 DEBUG  Phoneline created. Ext = 4555
2016-11-29 18:09:22,853 DEBUG  Phone line state changed: RegistrationRequested
2016-11-29 18:09:22,858 DEBUG  Phone line state changed: Error
2016-11-29 18:09:22,859 DEBUG  SipExtensionSignOut Ext: 4555
2016-11-29 18:09:22,859 DEBUG  
Creating SIP account 10.17.0.202:5060
2016-11-29 18:09:22,961 DEBUG  Phoneline created. Ext = 4555
2016-11-29 18:09:22,962 DEBUG  Phone line state changed: RegistrationRequested
2016-11-29 18:09:22,966 DEBUG  Phone line state changed: Error
2016-11-29 18:09:22,967 DEBUG  SipExtensionSignOut Ext: 4555
2016-11-29 18:09:22,967 DEBUG  
Creating SIP account 10.17.0.202:5060
2016-11-29 18:09:23,070 DEBUG  Phoneline created. Ext = 4555
2016-11-29 18:09:23,071 DEBUG  Phone line state changed: RegistrationRequested
2016-11-29 18:09:23,075 DEBUG  Phone line state changed: Error
2016-11-29 18:09:23,076 DEBUG  SipExtensionSignOut Ext: 4555
2016-11-29 18:09:23,077 DEBUG  
Creating SIP account 10.17.0.202:5060
2016-11-29 18:09:23,128 DEBUG  Dail, Ext: 4557, CallTo: 039295559, TranTo: 4556
2016-11-29 18:09:23,197 DEBUG  Phoneline created. Ext = 4555
2016-11-29 18:09:23,198 DEBUG  Phone line state changed: RegistrationRequested
2016-11-29 18:09:23,203 DEBUG  Phone line state changed: Error
2016-11-29 18:09:23,204 DEBUG  SipExtensionSignOut Ext: 4555
2016-11-29 18:09:23,207 DEBUG  
Creating SIP account 10.17.0.202:5060
2016-11-29 18:09:23,326 DEBUG  Phoneline created. Ext = 4555
2016-11-29 18:09:23,327 DEBUG  Phone line state changed: RegistrationRequested
2016-11-29 18:09:23,331 DEBUG  Phone line state changed: Error
2016-11-29 18:09:23,332 DEBUG  SipExtensionSignOut Ext: 4555
2016-11-29 18:09:23,333 DEBUG  
Creating SIP account 10.17.0.202:5060
2016-11-29 18:09:23,475 DEBUG  Phoneline created. Ext = 4555
2016-11-29 18:09:23,479 DEBUG  Phone line state changed: RegistrationRequested
2016-11-29 18:09:23,486 DEBUG  Phone line state changed: Error
2016-11-29 18:09:23,493 DEBUG  SipExtensionSignOut Ext: 4555
2016-11-29 18:09:23,494 DEBUG  
Creating SIP account 10.17.0.202:5060
2016-11-29 18:09:23,538 DEBUG  State Setup
2016-11-29 18:09:23,627 DEBUG  Phoneline created. Ext = 4555
2016-11-29 18:09:23,628 DEBUG  Phone line state changed: RegistrationRequested
2016-11-29 18:09:23,632 DEBUG  Phone line state changed: Error
2016-11-29 18:09:23,633 DEBUG  SipExtensionSignOut Ext: 4555
2016-11-29 18:09:23,634 DEBUG  
Creating SIP account 10.17.0.202:5060
2016-11-29 18:09:23,686 DEBUG  Trying to call: 039295559
2016-11-29 18:09:23,748 DEBUG  Phoneline created. Ext = 4555
2016-11-29 18:09:23,749 DEBUG  Phone line state changed: RegistrationRequested
2016-11-29 18:09:23,753 DEBUG  Phone line state changed: Error
2016-11-29 18:09:23,754 DEBUG  SipExtensionSignOut Ext: 4555
2016-11-29 18:09:23,755 DEBUG  
Creating SIP account 10.17.0.202:5060
2016-11-29 18:09:23,850 DEBUG  Phoneline created. Ext = 4555
2016-11-29 18:09:23,854 DEBUG  Phone line state changed: RegistrationRequested
2016-11-29 18:09:23,858 DEBUG  Phone line state changed: Error
2016-11-29 18:09:23,859 DEBUG  SipExtensionSignOut Ext: 4555
2016-11-29 18:09:23,860 DEBUG  
Creating SIP account 10.17.0.202:5060
2016-11-29 18:09:23,949 DEBUG  Phoneline created. Ext = 4555
2016-11-29 18:09:23,950 DEBUG  Phone line state changed: RegistrationRequested
2016-11-29 18:09:23,954 DEBUG  Phone line state changed: Error
2016-11-29 18:09:23,955 DEBUG  SipExtensionSignOut Ext: 4555
2016-11-29 18:09:23,956 DEBUG  
Creating SIP account 10.17.0.202:5060
2016-11-29 18:09:24,059 DEBUG  Phoneline created. Ext = 4555
2016-11-29 18:09:24,060 DEBUG  Phone line state changed: RegistrationRequested
2016-11-29 18:09:24,064 DEBUG  Phone line state changed: Error
2016-11-29 18:09:24,065 DEBUG  SipExtensionSignOut Ext: 4555
2016-11-29 18:09:24,065 DEBUG  
Creating SIP account 10.17.0.202:5060
2016-11-29 18:09:24,161 DEBUG  State Ringing
2016-11-29 18:09:24,204 DEBUG  Phoneline created. Ext = 4555
2016-11-29 18:09:24,207 DEBUG  Phone line state changed: RegistrationRequested
2016-11-29 18:09:24,215 DEBUG  Phone line state changed: Error
2016-11-29 18:09:24,216 DEBUG  SipExtensionSignOut Ext: 4555
2016-11-29 18:09:24,218 DEBUG  
Creating SIP account 10.17.0.202:5060
2016-11-29 18:09:24,330 DEBUG  State RingingWithEarlyMedia
2016-11-29 18:09:24,342 DEBUG  Phoneline created. Ext = 4555
2016-11-29 18:09:24,343 DEBUG  Phone line state changed: RegistrationRequested
2016-11-29 18:09:24,346 DEBUG  Phone line state changed: Error
2016-11-29 18:09:24,347 DEBUG  SipExtensionSignOut Ext: 4555
2016-11-29 18:09:24,348 DEBUG  
Creating SIP account 10.17.0.202:5060
2016-11-29 18:09:24,454 DEBUG  Phoneline created. Ext = 4555
2016-11-29 18:09:24,455 DEBUG  Phone line state changed: RegistrationRequested
2016-11-29 18:09:24,460 DEBUG  Phone line state changed: Error
2016-11-29 18:09:24,461 DEBUG  SipExtensionSignOut Ext: 4555
2016-11-29 18:09:24,462 DEBUG  
Creating SIP account 10.17.0.202:5060
2016-11-29 18:09:24,566 DEBUG  Phoneline created. Ext = 4555
2016-11-29 18:09:24,567 DEBUG  Phone line state changed: RegistrationRequested
2016-11-29 18:09:24,571 DEBUG  Phone line state changed: Error
2016-11-29 18:09:24,572 DEBUG  SipExtensionSignOut Ext: 4555
2016-11-29 18:09:24,573 DEBUG  
Creating SIP account 10.17.0.202:5060
2016-11-29 18:09:24,664 DEBUG  Phoneline created. Ext = 4555
2016-11-29 18:09:24,665 DEBUG  Phone line state changed: RegistrationRequested
2016-11-29 18:09:24,669 DEBUG  Phone line state changed: Error
2016-11-29 18:09:24,670 DEBUG  SipExtensionSignOut Ext: 4555
2016-11-29 18:09:24,671 DEBUG  
Creating SIP account 10.17.0.202:5060
2016-11-29 18:09:24,771 DEBUG  Phoneline created. Ext = 4555
2016-11-29 18:09:24,773 DEBUG  Phone line state changed: RegistrationRequested
2016-11-29 18:09:24,777 DEBUG  Phone line state changed: Error
2016-11-29 18:09:24,777 DEBUG  SipExtensionSignOut Ext: 4555
2016-11-29 18:09:24,778 DEBUG  
Creating SIP account 10.17.0.202:5060
2016-11-29 18:09:24,870 DEBUG  Phoneline created. Ext = 4555
2016-11-29 18:09:24,871 DEBUG  Phone line state changed: RegistrationRequested
2016-11-29 18:09:24,875 DEBUG  Phone line state changed: Error
2016-11-29 18:09:24,876 DEBUG  SipExtensionSignOut Ext: 4555
2016-11-29 18:09:24,877 DEBUG  
Creating SIP account 10.17.0.202:5060
2016-11-29 18:09:24,979 DEBUG  Phoneline created. Ext = 4555
2016-11-29 18:09:24,979 DEBUG  Phone line state changed: RegistrationRequested
2016-11-29 18:09:24,983 DEBUG  Phone line state changed: Error
2016-11-29 18:09:24,984 DEBUG  SipExtensionSignOut Ext: 4555
2016-11-29 18:09:24,985 DEBUG  
Creating SIP account 10.17.0.202:5060
2016-11-29 18:09:25,099 DEBUG  Phoneline created. Ext = 4555
2016-11-29 18:09:25,100 DEBUG  Phone line state changed: RegistrationRequested
2016-11-29 18:09:25,104 DEBUG  Phone line state changed: Error
2016-11-29 18:09:25,106 DEBUG  SipExtensionSignOut Ext: 4555
2016-11-29 18:09:25,107 DEBUG  
Creating SIP account 10.17.0.202:5060
2016-11-29 18:09:25,205 DEBUG  Phoneline created. Ext = 4555
2016-11-29 18:09:25,206 DEBUG  Phone line state changed: RegistrationRequested
2016-11-29 18:09:25,210 DEBUG  Phone line state changed: Error
2016-11-29 18:09:25,210 DEBUG  SipExtensionSignOut Ext: 4555
2016-11-29 18:09:25,211 DEBUG  
Creating SIP account 10.17.0.202:5060
2016-11-29 18:09:25,303 DEBUG  Phoneline created. Ext = 4555
2016-11-29 18:09:25,304 DEBUG  Phone line state changed: RegistrationRequested
2016-11-29 18:09:25,308 DEBUG  Phone line state changed: Error
2016-11-29 18:09:25,309 DEBUG  SipExtensionSignOut Ext: 4555
2016-11-29 18:09:25,310 DEBUG  
Creating SIP account 10.17.0.202:5060
2016-11-29 18:09:25,408 DEBUG  Phoneline created. Ext = 4555
2016-11-29 18:09:25,408 DEBUG  Phone line state changed: RegistrationRequested
2016-11-29 18:09:25,412 DEBUG  Phone line state changed: Error
2016-11-29 18:09:25,412 DEBUG  SipExtensionSignOut Ext: 4555
2016-11-29 18:09:25,413 DEBUG  
Creating SIP account 10.17.0.202:5060
2016-11-29 18:09:25,512 DEBUG  Phoneline created. Ext = 4555
2016-11-29 18:09:25,513 DEBUG  Phone line state changed: RegistrationRequested
2016-11-29 18:09:25,517 DEBUG  Phone line state changed: Error
2016-11-29 18:09:25,517 DEBUG  SipExtensionSignOut Ext: 4555
2016-11-29 18:09:25,518 DEBUG  
Creating SIP account 10.17.0.202:5060
2016-11-29 18:09:25,613 DEBUG  Phoneline created. Ext = 4555
2016-11-29 18:09:25,614 DEBUG  Phone line state changed: RegistrationRequested
2016-11-29 18:09:25,618 DEBUG  Phone line state changed: Error
2016-11-29 18:09:25,618 DEBUG  SipExtensionSignOut Ext: 4555
2016-11-29 18:09:25,619 DEBUG  
Creating SIP account 10.17.0.202:5060
2016-11-29 18:09:25,715 DEBUG  Phoneline created. Ext = 4555
2016-11-29 18:09:25,716 DEBUG  Phone line state changed: RegistrationRequested
2016-11-29 18:09:25,719 DEBUG  Phone line state changed: Error
2016-11-29 18:09:25,721 DEBUG  SipExtensionSignOut Ext: 4555
2016-11-29 18:09:25,722 DEBUG  
Creating SIP account 10.17.0.202:5060
2016-11-29 18:09:25,828 DEBUG  Phoneline created. Ext = 4555
2016-11-29 18:09:25,829 DEBUG  Phone line state changed: RegistrationRequested
2016-11-29 18:09:25,832 DEBUG  Phone line state changed: Error
2016-11-29 18:09:25,833 DEBUG  SipExtensionSignOut Ext: 4555
2016-11-29 18:09:25,834 DEBUG  
Creating SIP account 10.17.0.202:5060
2016-11-29 18:09:25,931 DEBUG  Phoneline created. Ext = 4555
2016-11-29 18:09:25,932 DEBUG  Phone line state changed: RegistrationRequested
2016-11-29 18:09:25,936 DEBUG  Phone line state changed: Error
2016-11-29 18:09:25,937 DEBUG  SipExtensionSignOut Ext: 4555
2016-11-29 18:09:25,938 DEBUG  
Creating SIP account 10.17.0.202:5060
2016-11-29 18:09:26,036 DEBUG  Phoneline created. Ext = 4555
2016-11-29 18:09:26,037 DEBUG  Phone line state changed: RegistrationRequested
2016-11-29 18:09:26,042 DEBUG  Phone line state changed: Error
2016-11-29 18:09:26,043 DEBUG  SipExtensionSignOut Ext: 4555
2016-11-29 18:09:26,044 DEBUG  
Creating SIP account 10.17.0.202:5060
2016-11-29 18:09:26,150 DEBUG  Phoneline created. Ext = 4555
2016-11-29 18:09:26,151 DEBUG  Phone line state changed: RegistrationRequested
2016-11-29 18:09:26,157 DEBUG  Phone line state changed: Error
2016-11-29 18:09:26,158 DEBUG  SipExtensionSignOut Ext: 4555
2016-11-29 18:09:26,159 DEBUG  
Creating SIP account 10.17.0.202:5060
2016-11-29 18:09:26,260 DEBUG  Phoneline created. Ext = 4555
2016-11-29 18:09:26,261 DEBUG  Phone line state changed: RegistrationRequested
2016-11-29 18:09:26,265 DEBUG  Phone line state changed: Error
2016-11-29 18:09:26,265 DEBUG  SipExtensionSignOut Ext: 4555
2016-11-29 18:09:26,266 DEBUG  
Creating SIP account 10.17.0.202:5060
2016-11-29 18:09:26,362 DEBUG  Phoneline created. Ext = 4555
2016-11-29 18:09:26,363 DEBUG  Phone line state changed: RegistrationRequested
2016-11-29 18:09:26,368 DEBUG  Phone line state changed: Error
2016-11-29 18:09:26,368 DEBUG  SipExtensionSignOut Ext: 4555
2016-11-29 18:09:26,369 DEBUG  
Creating SIP account 10.17.0.202:5060
2016-11-29 18:09:26,460 DEBUG  Phoneline created. Ext = 4555
2016-11-29 18:09:26,461 DEBUG  Phone line state changed: RegistrationRequested
2016-11-29 18:09:26,466 DEBUG  Phone line state changed: Error
2016-11-29 18:09:26,466 DEBUG  SipExtensionSignOut Ext: 4555
2016-11-29 18:09:26,467 DEBUG  
Creating SIP account 10.17.0.202:5060
2016-11-29 18:09:26,565 DEBUG  Phoneline created. Ext = 4555
2016-11-29 18:09:26,566 DEBUG  Phone line state changed: RegistrationRequested
2016-11-29 18:09:26,570 DEBUG  Phone line state changed: Error
2016-11-29 18:09:26,571 DEBUG  SipExtensionSignOut Ext: 4555
2016-11-29 18:09:26,572 DEBUG  
Creating SIP account 10.17.0.202:5060
2016-11-29 18:09:26,672 DEBUG  Phoneline created. Ext = 4555
2016-11-29 18:09:26,673 DEBUG  Phone line state changed: RegistrationRequested
2016-11-29 18:09:26,677 DEBUG  Phone line state changed: Error
2016-11-29 18:09:26,678 DEBUG  SipExtensionSignOut Ext: 4555
2016-11-29 18:09:26,679 DEBUG  
Creating SIP account 10.17.0.202:5060
2016-11-29 18:09:26,768 DEBUG  Phoneline created. Ext = 4555
2016-11-29 18:09:26,769 DEBUG  Phone line state changed: RegistrationRequested
2016-11-29 18:09:26,773 DEBUG  Phone line state changed: Error
2016-11-29 18:09:26,774 DEBUG  SipExtensionSignOut Ext: 4555
2016-11-29 18:09:26,775 DEBUG  
Creating SIP account 10.17.0.202:5060
2016-11-29 18:09:26,868 DEBUG  Phoneline created. Ext = 4555
2016-11-29 18:09:26,869 DEBUG  Phone line state changed: RegistrationRequested
2016-11-29 18:09:26,874 DEBUG  Phone line state changed: Error
2016-11-29 18:09:26,875 DEBUG  SipExtensionSignOut Ext: 4555
2016-11-29 18:09:26,875 DEBUG  
Creating SIP account 10.17.0.202:5060
2016-11-29 18:09:26,979 DEBUG  Phoneline created. Ext = 4555
2016-11-29 18:09:26,980 DEBUG  Phone line state changed: RegistrationRequested
2016-11-29 18:09:26,985 DEBUG  Phone line state changed: Error
2016-11-29 18:09:26,985 DEBUG  SipExtensionSignOut Ext: 4555
2016-11-29 18:09:26,986 DEBUG  
Creating SIP account 10.17.0.202:5060
2016-11-29 18:09:27,082 DEBUG  Phoneline created. Ext = 4555
2016-11-29 18:09:27,083 DEBUG  Phone line state changed: RegistrationRequested
2016-11-29 18:09:27,087 DEBUG  Phone line state changed: Error
2016-11-29 18:09:27,089 DEBUG  SipExtensionSignOut Ext: 4555
2016-11-29 18:09:27,090 DEBUG  
Creating SIP account 10.17.0.202:5060
2016-11-29 18:09:27,183 DEBUG  Phoneline created. Ext = 4555
2016-11-29 18:09:27,184 DEBUG  Phone line state changed: RegistrationRequested
2016-11-29 18:09:27,187 DEBUG  Phone line state changed: Error
2016-11-29 18:09:27,188 DEBUG  SipExtensionSignOut Ext: 4555
2016-11-29 18:09:27,189 DEBUG  
Creating SIP account 10.17.0.202:5060
2016-11-29 18:09:27,288 DEBUG  Phoneline created. Ext = 4555
2016-11-29 18:09:27,289 DEBUG  Phone line state changed: RegistrationRequested
2016-11-29 18:09:27,293 DEBUG  Phone line state changed: Error
2016-11-29 18:09:27,293 DEBUG  SipExtensionSignOut Ext: 4555
2016-11-29 18:09:27,294 DEBUG  
Creating SIP account 10.17.0.202:5060
2016-11-29 18:09:27,389 DEBUG  Phoneline created. Ext = 4555
2016-11-29 18:09:27,390 DEBUG  Phone line state changed: RegistrationRequested
2016-11-29 18:09:27,393 DEBUG  Phone line state changed: Error
2016-11-29 18:09:27,394 DEBUG  SipExtensionSignOut Ext: 4555
2016-11-29 18:09:27,394 DEBUG  
Creating SIP account 10.17.0.202:5060
2016-11-29 18:09:27,486 DEBUG  Phoneline created. Ext = 4555
2016-11-29 18:09:27,488 DEBUG  Phone line state changed: RegistrationRequested
2016-11-29 18:09:27,492 DEBUG  Phone line state changed: Error
2016-11-29 18:09:27,493 DEBUG  SipExtensionSignOut Ext: 4555
2016-11-29 18:09:27,493 DEBUG  
Creating SIP account 10.17.0.202:5060
2016-11-29 18:09:27,595 DEBUG  Phoneline created. Ext = 4555
2016-11-29 18:09:27,596 DEBUG  Phone line state changed: RegistrationRequested
2016-11-29 18:09:27,599 DEBUG  Phone line state changed: Error
2016-11-29 18:09:27,600 DEBUG  SipExtensionSignOut Ext: 4555
2016-11-29 18:09:27,601 DEBUG  
Creating SIP account 10.17.0.202:5060
2016-11-29 18:09:27,699 DEBUG  Phoneline created. Ext = 4555
2016-11-29 18:09:27,700 DEBUG  Phone line state changed: RegistrationRequested
2016-11-29 18:09:27,703 DEBUG  Phone line state changed: Error
2016-11-29 18:09:27,704 DEBUG  SipExtensionSignOut Ext: 4555
2016-11-29 18:09:27,705 DEBUG  
Creating SIP account 10.17.0.202:5060
2016-11-29 18:09:27,802 DEBUG  Phoneline created. Ext = 4555
2016-11-29 18:09:27,802 DEBUG  Phone line state changed: RegistrationRequested
2016-11-29 18:09:27,806 DEBUG  Phone line state changed: Error
2016-11-29 18:09:27,807 DEBUG  SipExtensionSignOut Ext: 4555
2016-11-29 18:09:27,808 DEBUG  
Creating SIP account 10.17.0.202:5060
2016-11-29 18:09:27,902 DEBUG  Phoneline created. Ext = 4555
2016-11-29 18:09:27,903 DEBUG  Phone line state changed: RegistrationRequested
2016-11-29 18:09:27,906 DEBUG  Phone line state changed: Error
2016-11-29 18:09:27,907 DEBUG  SipExtensionSignOut Ext: 4555
2016-11-29 18:09:27,907 DEBUG  
Creating SIP account 10.17.0.202:5060
2016-11-29 18:09:27,997 DEBUG  Phoneline created. Ext = 4555
2016-11-29 18:09:27,998 DEBUG  Phone line state changed: RegistrationRequested
2016-11-29 18:09:28,001 DEBUG  Phone line state changed: Error
2016-11-29 18:09:28,001 DEBUG  SipExtensionSignOut Ext: 4555
2016-11-29 18:09:28,002 DEBUG  
Creating SIP account 10.17.0.202:5060
2016-11-29 18:09:28,103 DEBUG  Phoneline created. Ext = 4555
2016-11-29 18:09:28,105 DEBUG  Phone line state changed: RegistrationRequested
2016-11-29 18:09:28,109 DEBUG  Phone line state changed: Error
2016-11-29 18:09:28,109 DEBUG  SipExtensionSignOut Ext: 4555
2016-11-29 18:09:28,110 DEBUG  
Creating SIP account 10.17.0.202:5060
2016-11-29 18:09:28,212 DEBUG  Phoneline created. Ext = 4555
2016-11-29 18:09:28,212 DEBUG  Phone line state changed: RegistrationRequested
2016-11-29 18:09:28,215 DEBUG  Phone line state changed: Error
2016-11-29 18:09:28,216 DEBUG  SipExtensionSignOut Ext: 4555
2016-11-29 18:09:28,216 DEBUG  
Creating SIP account 10.17.0.202:5060
2016-11-29 18:09:28,317 DEBUG  Phoneline created. Ext = 4555
2016-11-29 18:09:28,317 DEBUG  Phone line state changed: RegistrationRequested
2016-11-29 18:09:28,322 DEBUG  Phone line state changed: Error
2016-11-29 18:09:28,323 DEBUG  SipExtensionSignOut Ext: 4555
2016-11-29 18:09:28,324 DEBUG  
Creating SIP account 10.17.0.202:5060
2016-11-29 18:09:28,426 DEBUG  Phoneline created. Ext = 4555
2016-11-29 18:09:28,427 DEBUG  Phone line state changed: RegistrationRequested
2016-11-29 18:09:28,430 DEBUG  Phone line state changed: Error
2016-11-29 18:09:28,431 DEBUG  SipExtensionSignOut Ext: 4555
2016-11-29 18:09:28,431 DEBUG  
Creating SIP account 10.17.0.202:5060
2016-11-29 18:09:28,526 DEBUG  Phoneline created. Ext = 4555
2016-11-29 18:09:28,527 DEBUG  Phone line state changed: RegistrationRequested
2016-11-29 18:09:28,530 DEBUG  Phone line state changed: Error
2016-11-29 18:09:28,531 DEBUG  SipExtensionSignOut Ext: 4555
2016-11-29 18:09:28,531 DEBUG  
Creating SIP account 10.17.0.202:5060
2016-11-29 18:09:28,625 DEBUG  Phoneline created. Ext = 4555
2016-11-29 18:09:28,626 DEBUG  Phone line state changed: RegistrationRequested
2016-11-29 18:09:28,629 DEBUG  Phone line state changed: Error
2016-11-29 18:09:28,630 DEBUG  SipExtensionSignOut Ext: 4555
2016-11-29 18:09:28,630 DEBUG  
Creating SIP account 10.17.0.202:5060
2016-11-29 18:09:28,726 DEBUG  Phoneline created. Ext = 4555
2016-11-29 18:09:28,727 DEBUG  Phone line state changed: RegistrationRequested
2016-11-29 18:09:28,730 DEBUG  Phone line state changed: Error
2016-11-29 18:09:28,731 DEBUG  SipExtensionSignOut Ext: 4555
2016-11-29 18:09:28,732 DEBUG  
Creating SIP account 10.17.0.202:5060
2016-11-29 18:09:28,825 DEBUG  Phoneline created. Ext = 4555
2016-11-29 18:09:28,826 DEBUG  Phone line state changed: RegistrationRequested
2016-11-29 18:09:28,829 DEBUG  Phone line state changed: Error
2016-11-29 18:09:28,830 DEBUG  SipExtensionSignOut Ext: 4555
2016-11-29 18:09:28,830 DEBUG  
Creating SIP account 10.17.0.202:5060
2016-11-29 18:09:28,929 DEBUG  Phoneline created. Ext = 4555
2016-11-29 18:09:28,929 DEBUG  Phone line state changed: RegistrationRequested
2016-11-29 18:09:28,933 DEBUG  Phone line state changed: Error
2016-11-29 18:09:28,933 DEBUG  SipExtensionSignOut Ext: 4555
2016-11-29 18:09:28,934 DEBUG  
Creating SIP account 10.17.0.202:5060
2016-11-29 18:09:29,034 DEBUG  Phoneline created. Ext = 4555
2016-11-29 18:09:29,035 DEBUG  Phone line state changed: RegistrationRequested
2016-11-29 18:09:29,039 DEBUG  Phone line state changed: Error
2016-11-29 18:09:29,040 DEBUG  SipExtensionSignOut Ext: 4555
2016-11-29 18:09:29,040 DEBUG  
Creating SIP account 10.17.0.202:5060
2016-11-29 18:09:29,136 DEBUG  Phoneline created. Ext = 4555
2016-11-29 18:09:29,137 DEBUG  Phone line state changed: RegistrationRequested
2016-11-29 18:09:29,141 DEBUG  Phone line state changed: Error
2016-11-29 18:09:29,142 DEBUG  SipExtensionSignOut Ext: 4555
2016-11-29 18:09:29,142 DEBUG  
Creating SIP account 10.17.0.202:5060
2016-11-29 18:09:29,241 DEBUG  Phoneline created. Ext = 4555
2016-11-29 18:09:29,242 DEBUG  Phone line state changed: RegistrationRequested
2016-11-29 18:09:29,245 DEBUG  Phone line state changed: Error
2016-11-29 18:09:29,246 DEBUG  SipExtensionSignOut Ext: 4555
2016-11-29 18:09:29,246 DEBUG  
Creating SIP account 10.17.0.202:5060
2016-11-29 18:09:29,349 DEBUG  Phoneline created. Ext = 4555
2016-11-29 18:09:29,350 DEBUG  Phone line state changed: RegistrationRequested
2016-11-29 18:09:29,353 DEBUG  Phone line state changed: Error
2016-11-29 18:09:29,354 DEBUG  SipExtensionSignOut Ext: 4555
2016-11-29 18:09:29,355 DEBUG  
Creating SIP account 10.17.0.202:5060
2016-11-29 18:09:29,460 DEBUG  Phoneline created. Ext = 4555
2016-11-29 18:09:29,461 DEBUG  Phone line state changed: RegistrationRequested
2016-11-29 18:09:29,464 DEBUG  Phone line state changed: Error
2016-11-29 18:09:29,465 DEBUG  SipExtensionSignOut Ext: 4555
2016-11-29 18:09:29,465 DEBUG  
Creating SIP account 10.17.0.202:5060
2016-11-29 18:09:29,570 DEBUG  Phoneline created. Ext = 4555
2016-11-29 18:09:29,571 DEBUG  Phone line state changed: RegistrationRequested
2016-11-29 18:09:29,575 DEBUG  Phone line state changed: Error
2016-11-29 18:09:29,576 DEBUG  SipExtensionSignOut Ext: 4555
2016-11-29 18:09:29,576 DEBUG  
Creating SIP account 10.17.0.202:5060
2016-11-29 18:09:29,681 DEBUG  Phoneline created. Ext = 4555
2016-11-29 18:09:29,682 DEBUG  Phone line state changed: RegistrationRequested
2016-11-29 18:09:29,685 DEBUG  Phone line state changed: Error
2016-11-29 18:09:29,685 DEBUG  SipExtensionSignOut Ext: 4555
2016-11-29 18:09:29,686 DEBUG  
Creating SIP account 10.17.0.202:5060
2016-11-29 18:09:29,785 DEBUG  Phoneline created. Ext = 4555
2016-11-29 18:09:29,786 DEBUG  Phone line state changed: RegistrationRequested
2016-11-29 18:09:29,789 DEBUG  Phone line state changed: Error
2016-11-29 18:09:29,790 DEBUG  SipExtensionSignOut Ext: 4555
2016-11-29 18:09:29,790 DEBUG  
Creating SIP account 10.17.0.202:5060
2016-11-29 18:09:29,884 DEBUG  Phoneline created. Ext = 4555
2016-11-29 18:09:29,884 DEBUG  Phone line state changed: RegistrationRequested
2016-11-29 18:09:29,888 DEBUG  Phone line state changed: Error
2016-11-29 18:09:29,889 DEBUG  SipExtensionSignOut Ext: 4555
2016-11-29 18:09:29,890 DEBUG  
Creating SIP account 10.17.0.202:5060
2016-11-29 18:09:29,984 DEBUG  Phoneline created. Ext = 4555
2016-11-29 18:09:29,985 DEBUG  Phone line state changed: RegistrationRequested
2016-11-29 18:09:29,988 DEBUG  Phone line state changed: Error
2016-11-29 18:09:29,989 DEBUG  SipExtensionSignOut Ext: 4555
2016-11-29 18:09:29,990 DEBUG  
Creating SIP account 10.17.0.202:5060
2016-11-29 18:09:30,079 DEBUG  Phoneline created. Ext = 4555
2016-11-29 18:09:30,080 DEBUG  Phone line state changed: RegistrationRequested
2016-11-29 18:09:30,083 DEBUG  Phone line state changed: Error
2016-11-29 18:09:30,084 DEBUG  SipExtensionSignOut Ext: 4555
2016-11-29 18:09:30,084 DEBUG  
Creating SIP account 10.17.0.202:5060
2016-11-29 18:09:30,178 DEBUG  Phoneline created. Ext = 4555
2016-11-29 18:09:30,179 DEBUG  Phone line state changed: RegistrationRequested
2016-11-29 18:09:30,182 DEBUG  Phone line state changed: Error
2016-11-29 18:09:30,183 DEBUG  SipExtensionSignOut Ext: 4555
2016-11-29 18:09:30,183 DEBUG  
Creating SIP account 10.17.0.202:5060
2016-11-29 18:09:30,284 DEBUG  Phoneline created. Ext = 4555
2016-11-29 18:09:30,285 DEBUG  Phone line state changed: RegistrationRequested
2016-11-29 18:09:30,289 DEBUG  Phone line state changed: Error
2016-11-29 18:09:30,290 DEBUG  SipExtensionSignOut Ext: 4555
2016-11-29 18:09:30,290 DEBUG  
Creating SIP account 10.17.0.202:5060
2016-11-29 18:09:30,387 DEBUG  Phoneline created. Ext = 4555
2016-11-29 18:09:30,389 DEBUG  Phone line state changed: RegistrationRequested
2016-11-29 18:09:30,392 DEBUG  Phone line state changed: Error
2016-11-29 18:09:30,393 DEBUG  SipExtensionSignOut Ext: 4555
2016-11-29 18:09:30,393 DEBUG  
Creating SIP account 10.17.0.202:5060
2016-11-29 18:09:30,491 DEBUG  Phoneline created. Ext = 4555
2016-11-29 18:09:30,492 DEBUG  Phone line state changed: RegistrationRequested
2016-11-29 18:09:30,495 DEBUG  Phone line state changed: Error
2016-11-29 18:09:30,495 DEBUG  SipExtensionSignOut Ext: 4555
2016-11-29 18:09:30,496 DEBUG  
Creating SIP account 10.17.0.202:5060
2016-11-29 18:09:30,594 DEBUG  Phoneline created. Ext = 4555
2016-11-29 18:09:30,595 DEBUG  Phone line state changed: RegistrationRequested
2016-11-29 18:09:30,598 DEBUG  Phone line state changed: Error
2016-11-29 18:09:30,598 DEBUG  SipExtensionSignOut Ext: 4555
2016-11-29 18:09:30,599 DEBUG  
Creating SIP account 10.17.0.202:5060
2016-11-29 18:09:30,699 DEBUG  Phoneline created. Ext = 4555
2016-11-29 18:09:30,700 DEBUG  Phone line state changed: RegistrationRequested
2016-11-29 18:09:30,703 DEBUG  Phone line state changed: Error
2016-11-29 18:09:30,704 DEBUG  SipExtensionSignOut Ext: 4555
2016-11-29 18:09:30,706 DEBUG  
Creating SIP account 10.17.0.202:5060
2016-11-29 18:09:30,805 DEBUG  Phoneline created. Ext = 4555
2016-11-29 18:09:30,806 DEBUG  Phone line state changed: RegistrationRequested
2016-11-29 18:09:30,809 DEBUG  Phone line state changed: Error
2016-11-29 18:09:30,810 DEBUG  SipExtensionSignOut Ext: 4555
2016-11-29 18:09:30,810 DEBUG  
Creating SIP account 10.17.0.202:5060
2016-11-29 18:09:30,903 DEBUG  Phoneline created. Ext = 4555
2016-11-29 18:09:30,904 DEBUG  Phone line state changed: RegistrationRequested
2016-11-29 18:09:30,907 DEBUG  Phone line state changed: Error
2016-11-29 18:09:30,908 DEBUG  SipExtensionSignOut Ext: 4555
2016-11-29 18:09:30,908 DEBUG  
Creating SIP account 10.17.0.202:5060
2016-11-29 18:09:31,002 DEBUG  Phoneline created. Ext = 4555
2016-11-29 18:09:31,003 DEBUG  Phone line state changed: RegistrationRequested
2016-11-29 18:09:31,007 DEBUG  Phone line state changed: Error
2016-11-29 18:09:31,008 DEBUG  SipExtensionSignOut Ext: 4555
2016-11-29 18:09:31,008 DEBUG  
Creating SIP account 10.17.0.202:5060
2016-11-29 18:09:31,109 DEBUG  Phoneline created. Ext = 4555
2016-11-29 18:09:31,109 DEBUG  Phone line state changed: RegistrationRequested
2016-11-29 18:09:31,112 DEBUG  Phone line state changed: Error
2016-11-29 18:09:31,113 DEBUG  SipExtensionSignOut Ext: 4555
2016-11-29 18:09:31,113 DEBUG  
Creating SIP account 10.17.0.202:5060
2016-11-29 18:09:31,202 DEBUG  Phoneline created. Ext = 4555
2016-11-29 18:09:31,203 DEBUG  Phone line state changed: RegistrationRequested
2016-11-29 18:09:31,207 DEBUG  Phone line state changed: Error
2016-11-29 18:09:31,207 DEBUG  SipExtensionSignOut Ext: 4555
2016-11-29 18:09:31,208 DEBUG  
Creating SIP account 10.17.0.202:5060
2016-11-29 18:09:31,297 DEBUG  Phoneline created. Ext = 4555
2016-11-29 18:09:31,298 DEBUG  Phone line state changed: RegistrationRequested
2016-11-29 18:09:31,301 DEBUG  Phone line state changed: Error
2016-11-29 18:09:31,302 DEBUG  SipExtensionSignOut Ext: 4555
2016-11-29 18:09:31,302 DEBUG  
Creating SIP account 10.17.0.202:5060
2016-11-29 18:09:31,397 DEBUG  Phoneline created. Ext = 4555
2016-11-29 18:09:31,397 DEBUG  Phone line state changed: RegistrationRequested
2016-11-29 18:09:31,402 DEBUG  Phone line state changed: Error
2016-11-29 18:09:31,402 DEBUG  SipExtensionSignOut Ext: 4555
2016-11-29 18:09:31,403 DEBUG  
Creating SIP account 10.17.0.202:5060
2016-11-29 18:09:31,500 DEBUG  Phoneline created. Ext = 4555
2016-11-29 18:09:31,501 DEBUG  Phone line state changed: RegistrationRequested
2016-11-29 18:09:31,504 DEBUG  Phone line state changed: Error
2016-11-29 18:09:31,506 DEBUG  SipExtensionSignOut Ext: 4555
2016-11-29 18:09:31,507 DEBUG  
Creating SIP account 10.17.0.202:5060
2016-11-29 18:09:31,611 DEBUG  Phoneline created. Ext = 4555
2016-11-29 18:09:31,612 DEBUG  Phone line state changed: RegistrationRequested
2016-11-29 18:09:31,615 DEBUG  Phone line state changed: Error
2016-11-29 18:09:31,615 DEBUG  SipExtensionSignOut Ext: 4555
2016-11-29 18:09:31,616 DEBUG  
Creating SIP account 10.17.0.202:5060
2016-11-29 18:09:31,721 DEBUG  Phoneline created. Ext = 4555
2016-11-29 18:09:31,722 DEBUG  Phone line state changed: RegistrationRequested
2016-11-29 18:09:31,725 DEBUG  Phone line state changed: Error
2016-11-29 18:09:31,726 DEBUG  SipExtensionSignOut Ext: 4555
2016-11-29 18:09:31,726 DEBUG  
Creating SIP account 10.17.0.202:5060
2016-11-29 18:09:31,824 DEBUG  Phoneline created. Ext = 4555
2016-11-29 18:09:31,825 DEBUG  Phone line state changed: RegistrationRequested
2016-11-29 18:09:31,828 DEBUG  Phone line state changed: Error
2016-11-29 18:09:31,829 DEBUG  SipExtensionSignOut Ext: 4555
2016-11-29 18:09:31,830 DEBUG  
Creating SIP account 10.17.0.202:5060
2016-11-29 18:09:31,925 DEBUG  Phoneline created. Ext = 4555
2016-11-29 18:09:31,926 DEBUG  Phone line state changed: RegistrationRequested
2016-11-29 18:09:31,929 DEBUG  Phone line state changed: Error
2016-11-29 18:09:31,930 DEBUG  SipExtensionSignOut Ext: 4555
2016-11-29 18:09:31,930 DEBUG  
Creating SIP account 10.17.0.202:5060
2016-11-29 18:09:32,018 DEBUG  Phoneline created. Ext = 4555
2016-11-29 18:09:32,019 DEBUG  Phone line state changed: RegistrationRequested
2016-11-29 18:09:32,023 DEBUG  Phone line state changed: Error
2016-11-29 18:09:32,023 DEBUG  SipExtensionSignOut Ext: 4555
2016-11-29 18:09:32,024 DEBUG  
Creating SIP account 10.17.0.202:5060
2016-11-29 18:09:32,116 DEBUG  Phoneline created. Ext = 4555
2016-11-29 18:09:32,117 DEBUG  Phone line state changed: RegistrationRequested
2016-11-29 18:09:32,120 DEBUG  Phone line state changed: Error
2016-11-29 18:09:32,120 DEBUG  SipExtensionSignOut Ext: 4555
2016-11-29 18:09:32,121 DEBUG  
Creating SIP account 10.17.0.202:5060
2016-11-29 18:09:32,219 DEBUG  Phoneline created. Ext = 4555
2016-11-29 18:09:32,220 DEBUG  Phone line state changed: RegistrationRequested
2016-11-29 18:09:32,224 DEBUG  Phone line state changed: Error
2016-11-29 18:09:32,225 DEBUG  SipExtensionSignOut Ext: 4555
2016-11-29 18:09:32,226 DEBUG  
Creating SIP account 10.17.0.202:5060
2016-11-29 18:09:32,326 DEBUG  Phoneline created. Ext = 4555
2016-11-29 18:09:32,327 DEBUG  Phone line state changed: RegistrationRequested
2016-11-29 18:09:32,330 DEBUG  Phone line state changed: Error
2016-11-29 18:09:32,331 DEBUG  SipExtensionSignOut Ext: 4555
2016-11-29 18:09:32,331 DEBUG  
Creating SIP account 10.17.0.202:5060
2016-11-29 18:09:32,431 DEBUG  Phoneline created. Ext = 4555
2016-11-29 18:09:32,432 DEBUG  Phone line state changed: RegistrationRequested
2016-11-29 18:09:32,435 DEBUG  Phone line state changed: Error
2016-11-29 18:09:32,436 DEBUG  SipExtensionSignOut Ext: 4555
2016-11-29 18:09:32,437 DEBUG  
Creating SIP account 10.17.0.202:5060
2016-11-29 18:09:32,544 DEBUG  Phoneline created. Ext = 4555
2016-11-29 18:09:32,545 DEBUG  Phone line state changed: RegistrationRequested
2016-11-29 18:09:32,550 DEBUG  Phone line state changed: Error
2016-11-29 18:09:32,551 DEBUG  SipExtensionSignOut Ext: 4555
2016-11-29 18:09:32,552 DEBUG  
Creating SIP account 10.17.0.202:5060
2016-11-29 18:09:32,711 DEBUG  Phoneline created. Ext = 4555
2016-11-29 18:09:32,712 DEBUG  Phone line state changed: RegistrationRequested
2016-11-29 18:09:32,717 DEBUG  Phone line state changed: Error
2016-11-29 18:09:32,718 DEBUG  SipExtensionSignOut Ext: 4555
2016-11-29 18:09:32,718 DEBUG  
Creating SIP account 10.17.0.202:5060
2016-11-29 18:09:32,854 DEBUG  Phoneline created. Ext = 4555
2016-11-29 18:09:32,856 DEBUG  Phone line state changed: RegistrationRequested
2016-11-29 18:09:32,860 DEBUG  Phone line state changed: Error
2016-11-29 18:09:32,861 DEBUG  SipExtensionSignOut Ext: 4555
2016-11-29 18:09:32,861 DEBUG  
Creating SIP account 10.17.0.202:5060
2016-11-29 18:09:32,965 DEBUG  Phoneline created. Ext = 4555
2016-11-29 18:09:32,965 DEBUG  Phone line state changed: RegistrationRequested
2016-11-29 18:09:32,969 DEBUG  Phone line state changed: Error
2016-11-29 18:09:32,969 DEBUG  SipExtensionSignOut Ext: 4555
2016-11-29 18:09:32,970 DEBUG  
Creating SIP account 10.17.0.202:5060
2016-11-29 18:09:33,076 DEBUG  Phoneline created. Ext = 4555
2016-11-29 18:09:33,077 DEBUG  Phone line state changed: RegistrationRequested
2016-11-29 18:09:33,080 DEBUG  Phone line state changed: Error
2016-11-29 18:09:33,080 DEBUG  SipExtensionSignOut Ext: 4555
2016-11-29 18:09:33,081 DEBUG  
Creating SIP account 10.17.0.202:5060
2016-11-29 18:09:33,168 DEBUG  Phoneline created. Ext = 4555
2016-11-29 18:09:33,169 DEBUG  Phone line state changed: RegistrationRequested
2016-11-29 18:09:33,172 DEBUG  Phone line state changed: Error
2016-11-29 18:09:33,173 DEBUG  SipExtensionSignOut Ext: 4555
2016-11-29 18:09:33,174 DEBUG  
Creating SIP account 10.17.0.202:5060
2016-11-29 18:09:33,272 DEBUG  Phoneline created. Ext = 4555
2016-11-29 18:09:33,273 DEBUG  Phone line state changed: RegistrationRequested
2016-11-29 18:09:33,276 DEBUG  Phone line state changed: Error
2016-11-29 18:09:33,276 DEBUG  SipExtensionSignOut Ext: 4555
2016-11-29 18:09:33,277 DEBUG  
Creating SIP account 10.17.0.202:5060
2016-11-29 18:09:33,373 DEBUG  Phoneline created. Ext = 4555
2016-11-29 18:09:33,374 DEBUG  Phone line state changed: RegistrationRequested
2016-11-29 18:09:33,378 DEBUG  Phone line state changed: Error
2016-11-29 18:09:33,379 DEBUG  SipExtensionSignOut Ext: 4555
2016-11-29 18:09:33,380 DEBUG  
Creating SIP account 10.17.0.202:5060
2016-11-29 18:09:33,476 DEBUG  Phoneline created. Ext = 4555
2016-11-29 18:09:33,477 DEBUG  Phone line state changed: RegistrationRequested
2016-11-29 18:09:33,481 DEBUG  Phone line state changed: Error
2016-11-29 18:09:33,482 DEBUG  SipExtensionSignOut Ext: 4555
2016-11-29 18:09:33,484 DEBUG  
Creating SIP account 10.17.0.202:5060
2016-11-29 18:09:33,588 DEBUG  Phoneline created. Ext = 4555
2016-11-29 18:09:33,589 DEBUG  Phone line state changed: RegistrationRequested
2016-11-29 18:09:33,593 DEBUG  Phone line state changed: Error
2016-11-29 18:09:33,594 DEBUG  SipExtensionSignOut Ext: 4555
2016-11-29 18:09:33,594 DEBUG  
Creating SIP account 10.17.0.202:5060
2016-11-29 18:09:33,691 DEBUG  Dequeue: TimeOut
2016-11-29 18:09:33,695 DEBUG  Call Length: 0 Seconds
2016-11-29 18:09:33,697 DEBUG  Phoneline created. Ext = 4555
2016-11-29 18:09:33,698 DEBUG  Phone line state changed: RegistrationRequested
2016-11-29 18:09:33,701 DEBUG  Phone line state changed: Error
2016-11-29 18:09:33,702 DEBUG  SipExtensionSignOut Ext: 4555
2016-11-29 18:09:33,703 DEBUG  
Creating SIP account 10.17.0.202:5060
2016-11-29 18:09:33,815 DEBUG  Dequeue: End
2016-11-29 18:09:33,818 DEBUG  SetDialerEvent Ext: 4557, RecID: 123456, State: NO_ANSWER
2016-11-29 18:09:33,837 DEBUG  Phoneline created. Ext = 4555
2016-11-29 18:09:33,838 DEBUG  Phone line state changed: RegistrationRequested
2016-11-29 18:09:33,841 DEBUG  Phone line state changed: Error
2016-11-29 18:09:33,842 DEBUG  SipExtensionSignOut Ext: 4555
2016-11-29 18:09:33,843 DEBUG  
Creating SIP account 10.17.0.202:5060
2016-11-29 18:09:33,936 DEBUG  Phoneline created. Ext = 4555
2016-11-29 18:09:33,936 DEBUG  Phone line state changed: RegistrationRequested
2016-11-29 18:09:33,940 DEBUG  Phone line state changed: Error
2016-11-29 18:09:33,941 DEBUG  SipExtensionSignOut Ext: 4555
2016-11-29 18:09:33,941 DEBUG  
Creating SIP account 10.17.0.202:5060
2016-11-29 18:09:34,056 DEBUG  Phoneline created. Ext = 4555
2016-11-29 18:09:34,057 DEBUG  Phone line state changed: RegistrationRequested
2016-11-29 18:09:34,060 DEBUG  Phone line state changed: Error
2016-11-29 18:09:34,061 DEBUG  SipExtensionSignOut Ext: 4555
2016-11-29 18:09:34,062 DEBUG  
Creating SIP account 10.17.0.202:5060
2016-11-29 18:09:34,164 DEBUG  Phoneline created. Ext = 4555
2016-11-29 18:09:34,165 DEBUG  Phone line state changed: RegistrationRequested
2016-11-29 18:09:34,168 DEBUG  Phone line state changed: Error
2016-11-29 18:09:34,169 DEBUG  SipExtensionSignOut Ext: 4555
2016-11-29 18:09:34,169 DEBUG  
Creating SIP account 10.17.0.202:5060
2016-11-29 18:09:34,271 DEBUG  Phoneline created. Ext = 4555
2016-11-29 18:09:34,272 DEBUG  Phone line state changed: RegistrationRequested
2016-11-29 18:09:34,275 DEBUG  Phone line state changed: Error
2016-11-29 18:09:34,276 DEBUG  SipExtensionSignOut Ext: 4555
2016-11-29 18:09:34,277 DEBUG  
Creating SIP account 10.17.0.202:5060
2016-11-29 18:09:34,378 DEBUG  Phoneline created. Ext = 4555
2016-11-29 18:09:34,379 DEBUG  Phone line state changed: RegistrationRequested
2016-11-29 18:09:34,382 DEBUG  Phone line state changed: Error
2016-11-29 18:09:34,383 DEBUG  SipExtensionSignOut Ext: 4555
2016-11-29 18:09:34,383 DEBUG  
Creating SIP account 10.17.0.202:5060
2016-11-29 18:09:34,480 DEBUG  Phoneline created. Ext = 4555
2016-11-29 18:09:34,481 DEBUG  Phone line state changed: RegistrationRequested
2016-11-29 18:09:34,485 DEBUG  Phone line state changed: Error
2016-11-29 18:09:34,486 DEBUG  SipExtensionSignOut Ext: 4555
2016-11-29 18:09:34,486 DEBUG  
Creating SIP account 10.17.0.202:5060
2016-11-29 18:09:34,586 DEBUG  Phoneline created. Ext = 4555
2016-11-29 18:09:34,587 DEBUG  Phone line state changed: RegistrationRequested
2016-11-29 18:09:34,591 DEBUG  Phone line state changed: Error
2016-11-29 18:09:34,592 DEBUG  SipExtensionSignOut Ext: 4555
2016-11-29 18:09:34,593 DEBUG  
Creating SIP account 10.17.0.202:5060
2016-11-29 18:09:34,683 DEBUG  Phoneline created. Ext = 4555
2016-11-29 18:09:34,684 DEBUG  Phone line state changed: RegistrationRequested
2016-11-29 18:09:34,689 DEBUG  Phone line state changed: Error
2016-11-29 18:09:34,689 DEBUG  SipExtensionSignOut Ext: 4555
2016-11-29 18:09:34,694 DEBUG  
Creating SIP account 10.17.0.202:5060
2016-11-29 18:09:34,792 DEBUG  Phoneline created. Ext = 4555
2016-11-29 18:09:34,793 DEBUG  Phone line state changed: RegistrationRequested
2016-11-29 18:09:34,797 DEBUG  Phone line state changed: Error
2016-11-29 18:09:34,797 DEBUG  SipExtensionSignOut Ext: 4555
2016-11-29 18:09:34,798 DEBUG  
Creating SIP account 10.17.0.202:5060
2016-11-29 18:09:34,903 DEBUG  Phoneline created. Ext = 4555
2016-11-29 18:09:34,905 DEBUG  Phone line state changed: RegistrationRequested
2016-11-29 18:09:34,909 DEBUG  Phone line state changed: Error
2016-11-29 18:09:34,910 DEBUG  SipExtensionSignOut Ext: 4555
2016-11-29 18:09:34,911 DEBUG  
Creating SIP account 10.17.0.202:5060
2016-11-29 18:09:58,618 DEBUG  On Start
2016-11-29 18:10:01,056 DEBUG  
Creating SIP account 10.17.0.201:5060
2016-11-29 18:10:01,716 DEBUG  Phoneline created. Ext = 4555
2016-11-29 18:10:01,733 DEBUG  Phone line state changed: RegistrationRequested
2016-11-29 18:10:01,935 DEBUG  
Creating SIP account 10.17.0.201:5060
2016-11-29 18:10:02,076 DEBUG  Phoneline created. Ext = 4557
2016-11-29 18:10:02,079 DEBUG  Phone line state changed: RegistrationRequested
2016-11-29 18:10:02,178 DEBUG  Phone line state changed: RegistrationSucceeded
2016-11-29 18:10:02,179 DEBUG  Phone line state changed: RegistrationSucceeded
2016-11-29 18:10:02,183 DEBUG  SipExtensionRegister Ext: 4557
2016-11-29 18:10:02,184 DEBUG  SipExtensionRegister Ext: 4555
2016-11-29 18:10:02,189 DEBUG  Registration succeeded - Online!
2016-11-29 18:10:02,191 DEBUG  Registration succeeded - Online!
2016-11-29 18:10:02,494 DEBUG  Dail, Ext: 4555, CallTo: 039295559, TranTo: 4556
2016-11-29 18:10:02,823 DEBUG  State Setup
2016-11-29 18:10:02,930 DEBUG  Trying to call: 039295559
2016-11-29 18:10:03,302 DEBUG  State Ringing
2016-11-29 18:10:03,459 DEBUG  State RingingWithEarlyMedia
2016-11-29 18:10:12,936 DEBUG  Dequeue: TimeOut
2016-11-29 18:10:12,941 DEBUG  Call Length: 0 Seconds
2016-11-29 18:10:13,046 DEBUG  Dequeue: End
2016-11-29 18:10:13,050 DEBUG  SetDialerEvent Ext: 4555, RecID: 123456, State: NO_ANSWER
2016-11-29 18:11:08,743 DEBUG  SipExtensionRegister Ext: 4555
2016-11-29 18:11:08,843 DEBUG  SipExtensionRegister Ext: 4557
2016-11-29 18:11:38,151 DEBUG  On Start
2016-11-29 18:11:40,473 DEBUG  
Creating SIP account 10.17.0.202:5060
2016-11-29 18:11:41,120 DEBUG  Phoneline created. Ext = 4555
2016-11-29 18:11:41,135 DEBUG  Phone line state changed: RegistrationRequested
2016-11-29 18:11:41,462 DEBUG  Phone line state changed: Error
2016-11-29 18:11:41,466 DEBUG  SipExtensionSignOut Ext: 4555
2016-11-29 18:11:41,468 DEBUG  
Creating SIP account 10.17.0.202:5060
2016-11-29 18:11:41,574 DEBUG  Phoneline created. Ext = 4555
2016-11-29 18:11:41,575 DEBUG  Phone line state changed: RegistrationRequested
2016-11-29 18:11:41,580 DEBUG  Phone line state changed: Error
2016-11-29 18:11:41,584 DEBUG  SipExtensionSignOut Ext: 4555
2016-11-29 18:11:41,585 DEBUG  
Creating SIP account 10.17.0.202:5060
2016-11-29 18:11:41,684 DEBUG  Phoneline created. Ext = 4555
2016-11-29 18:11:41,685 DEBUG  Phone line state changed: RegistrationRequested
2016-11-29 18:11:41,688 DEBUG  Phone line state changed: Error
2016-11-29 18:11:41,688 DEBUG  SipExtensionSignOut Ext: 4555
2016-11-29 18:11:41,689 DEBUG  
Creating SIP account 10.17.0.202:5060
2016-11-29 18:11:41,792 DEBUG  Phoneline created. Ext = 4555
2016-11-29 18:11:41,793 DEBUG  Phone line state changed: RegistrationRequested
2016-11-29 18:11:41,798 DEBUG  Phone line state changed: Error
2016-11-29 18:11:41,798 DEBUG  SipExtensionSignOut Ext: 4555
2016-11-29 18:11:41,799 DEBUG  
Creating SIP account 10.17.0.202:5060
2016-11-29 18:11:41,890 DEBUG  Phoneline created. Ext = 4555
2016-11-29 18:11:41,891 DEBUG  Phone line state changed: RegistrationRequested
2016-11-29 18:11:41,895 DEBUG  Phone line state changed: Error
2016-11-29 18:11:41,896 DEBUG  SipExtensionSignOut Ext: 4555
2016-11-29 18:11:41,897 DEBUG  
Creating SIP account 10.17.0.202:5060
2016-11-29 18:11:41,991 DEBUG  Phoneline created. Ext = 4555
2016-11-29 18:11:41,992 DEBUG  Phone line state changed: RegistrationRequested
2016-11-29 18:11:42,000 DEBUG  Phone line state changed: Error
2016-11-29 18:11:42,000 DEBUG  SipExtensionSignOut Ext: 4555
2016-11-29 18:11:42,001 DEBUG  
Creating SIP account 10.17.0.202:5060
2016-11-29 18:11:42,101 DEBUG  Phoneline created. Ext = 4555
2016-11-29 18:11:42,102 DEBUG  Phone line state changed: RegistrationRequested
2016-11-29 18:11:42,106 DEBUG  Phone line state changed: Error
2016-11-29 18:11:42,107 DEBUG  SipExtensionSignOut Ext: 4555
2016-11-29 18:11:42,107 DEBUG  
Creating SIP account 10.17.0.202:5060
2016-11-29 18:11:42,219 DEBUG  Phoneline created. Ext = 4555
2016-11-29 18:11:42,220 DEBUG  Phone line state changed: RegistrationRequested
2016-11-29 18:11:42,223 DEBUG  Phone line state changed: Error
2016-11-29 18:11:42,224 DEBUG  SipExtensionSignOut Ext: 4555
2016-11-29 18:11:42,225 DEBUG  
Creating SIP account 10.17.0.202:5060
2016-11-29 18:11:42,324 DEBUG  Phoneline created. Ext = 4555
2016-11-29 18:11:42,326 DEBUG  Phone line state changed: RegistrationRequested
2016-11-29 18:11:42,332 DEBUG  Phone line state changed: Error
2016-11-29 18:11:42,332 DEBUG  SipExtensionSignOut Ext: 4555
2016-11-29 18:11:42,333 DEBUG  
Creating SIP account 10.17.0.202:5060
2016-11-29 18:11:42,434 DEBUG  Phoneline created. Ext = 4555
2016-11-29 18:11:42,435 DEBUG  Phone line state changed: RegistrationRequested
2016-11-29 18:11:42,439 DEBUG  Phone line state changed: Error
2016-11-29 18:11:42,440 DEBUG  SipExtensionSignOut Ext: 4555
2016-11-29 18:11:42,440 DEBUG  
Creating SIP account 10.17.0.202:5060
2016-11-29 18:11:42,564 DEBUG  Phoneline created. Ext = 4555
2016-11-29 18:11:42,565 DEBUG  Phone line state changed: RegistrationRequested
2016-11-29 18:11:42,569 DEBUG  Phone line state changed: Error
2016-11-29 18:11:42,570 DEBUG  SipExtensionSignOut Ext: 4555
2016-11-29 18:11:42,571 DEBUG  
Creating SIP account 10.17.0.202:5060
2016-11-29 18:11:42,669 DEBUG  Phoneline created. Ext = 4555
2016-11-29 18:11:42,670 DEBUG  Phone line state changed: RegistrationRequested
2016-11-29 18:11:42,673 DEBUG  Phone line state changed: Error
2016-11-29 18:11:42,674 DEBUG  SipExtensionSignOut Ext: 4555
2016-11-29 18:11:42,675 DEBUG  
Creating SIP account 10.17.0.202:5060
2016-11-29 18:11:42,776 DEBUG  Phoneline created. Ext = 4555
2016-11-29 18:11:42,777 DEBUG  Phone line state changed: RegistrationRequested
2016-11-29 18:11:42,782 DEBUG  Phone line state changed: Error
2016-11-29 18:11:42,783 DEBUG  SipExtensionSignOut Ext: 4555
2016-11-29 18:11:42,784 DEBUG  
Creating SIP account 10.17.0.202:5060
2016-11-29 18:11:42,885 DEBUG  Phoneline created. Ext = 4555
2016-11-29 18:11:42,886 DEBUG  Phone line state changed: RegistrationRequested
2016-11-29 18:11:42,890 DEBUG  Phone line state changed: Error
2016-11-29 18:11:42,890 DEBUG  SipExtensionSignOut Ext: 4555
2016-11-29 18:11:42,891 DEBUG  
Creating SIP account 10.17.0.202:5060
2016-11-29 18:11:42,928 ERROR  No available softphone for long time
2016-11-29 18:14:21,911 DEBUG  On Start
2016-11-29 18:14:24,233 DEBUG  
Creating SIP account 10.17.0.202:5060
2016-11-29 18:14:24,903 DEBUG  Phoneline created. Ext = 4555
2016-11-29 18:14:24,919 DEBUG  Phone line state changed: RegistrationRequested
2016-11-29 18:14:25,276 DEBUG  Phone line state changed: Error
2016-11-29 18:14:25,279 DEBUG  SipExtensionSignOut Ext: 4555
2016-11-29 18:14:25,283 DEBUG  
Creating SIP account 10.17.0.202:5060
2016-11-29 18:14:25,394 DEBUG  Phoneline created. Ext = 4555
2016-11-29 18:14:25,395 DEBUG  Phone line state changed: RegistrationRequested
2016-11-29 18:14:25,400 DEBUG  Phone line state changed: Error
2016-11-29 18:14:25,405 DEBUG  SipExtensionSignOut Ext: 4555
2016-11-29 18:14:25,405 DEBUG  
Creating SIP account 10.17.0.202:5060
2016-11-29 18:14:25,500 DEBUG  Phoneline created. Ext = 4555
2016-11-29 18:14:25,500 DEBUG  Phone line state changed: RegistrationRequested
2016-11-29 18:14:25,504 DEBUG  Phone line state changed: Error
2016-11-29 18:14:25,505 DEBUG  SipExtensionSignOut Ext: 4555
2016-11-29 18:14:25,505 DEBUG  
Creating SIP account 10.17.0.202:5060
2016-11-29 18:14:25,596 DEBUG  Phoneline created. Ext = 4555
2016-11-29 18:14:25,597 DEBUG  Phone line state changed: RegistrationRequested
2016-11-29 18:14:25,601 DEBUG  Phone line state changed: Error
2016-11-29 18:14:25,602 DEBUG  SipExtensionSignOut Ext: 4555
2016-11-29 18:14:25,603 DEBUG  
Creating SIP account 10.17.0.202:5060
2016-11-29 18:14:25,707 DEBUG  Phoneline created. Ext = 4555
2016-11-29 18:14:25,707 DEBUG  Phone line state changed: RegistrationRequested
2016-11-29 18:14:25,711 DEBUG  Phone line state changed: Error
2016-11-29 18:14:25,712 DEBUG  SipExtensionSignOut Ext: 4555
2016-11-29 18:14:25,713 DEBUG  
Creating SIP account 10.17.0.202:5060
2016-11-29 18:14:25,803 DEBUG  Phoneline created. Ext = 4555
2016-11-29 18:14:25,803 DEBUG  Phone line state changed: RegistrationRequested
2016-11-29 18:14:25,812 DEBUG  Phone line state changed: Error
2016-11-29 18:14:25,812 DEBUG  SipExtensionSignOut Ext: 4555
2016-11-29 18:14:25,813 DEBUG  
Creating SIP account 10.17.0.202:5060
2016-11-29 18:14:25,899 DEBUG  Phoneline created. Ext = 4555
2016-11-29 18:14:25,900 DEBUG  Phone line state changed: RegistrationRequested
2016-11-29 18:14:25,903 DEBUG  Phone line state changed: Error
2016-11-29 18:14:25,904 DEBUG  SipExtensionSignOut Ext: 4555
2016-11-29 18:14:25,905 DEBUG  
Creating SIP account 10.17.0.202:5060
2016-11-29 18:14:25,993 DEBUG  Phoneline created. Ext = 4555
2016-11-29 18:14:25,994 DEBUG  Phone line state changed: RegistrationRequested
2016-11-29 18:14:25,999 DEBUG  Phone line state changed: Error
2016-11-29 18:14:26,000 DEBUG  SipExtensionSignOut Ext: 4555
2016-11-29 18:14:26,000 DEBUG  
Creating SIP account 10.17.0.202:5060
2016-11-29 18:14:26,102 DEBUG  Phoneline created. Ext = 4555
2016-11-29 18:14:26,103 DEBUG  Phone line state changed: RegistrationRequested
2016-11-29 18:14:26,107 DEBUG  Phone line state changed: Error
2016-11-29 18:14:26,108 DEBUG  SipExtensionSignOut Ext: 4555
2016-11-29 18:14:26,108 DEBUG  
Creating SIP account 10.17.0.202:5060
2016-11-29 18:14:26,213 DEBUG  Phoneline created. Ext = 4555
2016-11-29 18:14:26,215 DEBUG  Phone line state changed: RegistrationRequested
2016-11-29 18:14:26,221 DEBUG  Phone line state changed: Error
2016-11-29 18:14:26,222 DEBUG  SipExtensionSignOut Ext: 4555
2016-11-29 18:14:26,222 DEBUG  
Creating SIP account 10.17.0.202:5060
2016-11-29 18:14:26,321 DEBUG  Phoneline created. Ext = 4555
2016-11-29 18:14:26,322 DEBUG  Phone line state changed: RegistrationRequested
2016-11-29 18:14:26,326 DEBUG  Phone line state changed: Error
2016-11-29 18:14:26,326 DEBUG  SipExtensionSignOut Ext: 4555
2016-11-29 18:14:26,327 DEBUG  
Creating SIP account 10.17.0.202:5060
2016-11-29 18:14:26,427 DEBUG  Phoneline created. Ext = 4555
2016-11-29 18:14:26,428 DEBUG  Phone line state changed: RegistrationRequested
2016-11-29 18:14:26,432 DEBUG  Phone line state changed: Error
2016-11-29 18:14:26,433 DEBUG  SipExtensionSignOut Ext: 4555
2016-11-29 18:14:26,434 DEBUG  
Creating SIP account 10.17.0.202:5060
2016-11-29 18:14:26,531 DEBUG  Phoneline created. Ext = 4555
2016-11-29 18:14:26,532 DEBUG  Phone line state changed: RegistrationRequested
2016-11-29 18:14:26,536 DEBUG  Phone line state changed: Error
2016-11-29 18:14:26,537 DEBUG  SipExtensionSignOut Ext: 4555
2016-11-29 18:14:26,538 DEBUG  
Creating SIP account 10.17.0.202:5060
2016-11-29 18:14:26,634 DEBUG  Phoneline created. Ext = 4555
2016-11-29 18:14:26,635 DEBUG  Phone line state changed: RegistrationRequested
2016-11-29 18:14:26,638 DEBUG  Phone line state changed: Error
2016-11-29 18:14:26,639 DEBUG  SipExtensionSignOut Ext: 4555
2016-11-29 18:14:26,640 DEBUG  
Creating SIP account 10.17.0.202:5060
2016-11-29 18:14:26,737 DEBUG  Phoneline created. Ext = 4555
2016-11-29 18:14:26,738 DEBUG  Phone line state changed: RegistrationRequested
2016-11-29 18:14:26,742 DEBUG  Phone line state changed: Error
2016-11-29 18:14:26,742 DEBUG  SipExtensionSignOut Ext: 4555
2016-11-29 18:14:26,743 DEBUG  
Creating SIP account 10.17.0.202:5060
2016-11-29 18:14:26,744 ERROR  No available softphone for long time
2016-11-29 18:17:31,964 DEBUG  On Start
2016-11-29 18:17:34,377 DEBUG  
Creating SIP account 10.17.0.202:5060
2016-11-29 18:17:35,073 DEBUG  Phoneline created. Ext = 4555
2016-11-29 18:17:35,091 DEBUG  Phone line state changed: RegistrationRequested
2016-11-29 18:17:35,413 DEBUG  Phone line state changed: Error
2016-11-29 18:17:35,416 DEBUG  SipExtensionSignOut Ext: 4555
2016-11-29 18:17:36,882 ERROR  No available softphone for long time
2016-11-29 18:19:24,110 DEBUG  On Start
2016-11-29 18:19:26,411 DEBUG  
Creating SIP account 10.17.0.202:5060
2016-11-29 18:19:27,065 DEBUG  Phoneline created. Ext = 4555
2016-11-29 18:19:27,082 DEBUG  Phone line state changed: RegistrationRequested
2016-11-29 18:19:27,415 DEBUG  Phone line state changed: Error
2016-11-29 18:19:27,419 DEBUG  SipExtensionSignOut Ext: 4555
2016-11-29 18:19:28,891 ERROR  No available softphone for long time
2016-11-29 18:19:28,920 ERROR  ExceptionSystem.NullReferenceException: Object reference not set to an instance of an object.
   at MEDialer.ServiceCallBack.Dial(DialData dialData) in c:\Users\michaelep\Documents\Visual Studio 2012\Projects\DialerService\DialerService\Message.cs:line 73
2016-11-29 18:31:09,431 DEBUG  On Start
2016-11-29 18:31:11,804 DEBUG  
Creating SIP account 10.17.0.201:5060
2016-11-29 18:31:12,455 DEBUG  Phoneline created. Ext = 4555
2016-11-29 18:31:12,475 DEBUG  Phone line state changed: RegistrationRequested
2016-11-29 18:31:12,911 DEBUG  Phone line state changed: RegistrationSucceeded
2016-11-29 18:31:12,916 DEBUG  SipExtensionRegister Ext: 4555
2016-11-29 18:31:12,919 DEBUG  Registration succeeded - Online!
2016-11-29 18:31:13,095 DEBUG  Phone line state changed: UnregRequested
2016-11-29 18:31:13,126 DEBUG  Phone line state changed: NotRegistered
2016-11-29 18:31:13,127 DEBUG  SipExtensionSignOut Ext: 4555
2016-11-29 18:31:13,640 DEBUG  Phone line state changed: Error
2016-11-29 18:31:13,647 DEBUG  SipExtensionSignOut Ext: 4555
2016-11-29 18:31:33,099 DEBUG  Dail, Ext: 4555, CallTo: 039295559, TranTo: 4556
2016-11-29 18:31:33,173 ERROR  ExceptionOzeki.Common.VoIPException: Error Code: 10006. Line must be registered!
   at ?..(IPhoneLine , DialParameters , String , Int32 )
   at ?..(IPhoneLine , DialParameters , String , Int32 )
   at ?..CreateCallObject(IPhoneLine , DialParameters )
   at ?..CreateCallObject(IPhoneLine , String )
   at MEDialer.Softphone.CreateCall(String member) in c:\Users\michaelep\Documents\Visual Studio 2012\Projects\DialerService\DialerService\Softphone.cs:line 498
   at MEDialer.CallHandler.Dial(String callToNumber) in c:\Users\michaelep\Documents\Visual Studio 2012\Projects\DialerService\DialerService\CallHandler.cs:line 134
   at MEDialer.Softphone.StartCall(String callToNumber, CallID callID) in c:\Users\michaelep\Documents\Visual Studio 2012\Projects\DialerService\DialerService\Softphone.cs:line 509
   at MEDialer.Dialer.RunScriptThread(Script script, CallID callID) in c:\Users\michaelep\Documents\Visual Studio 2012\Projects\DialerService\DialerService\Dialer.cs:line 94
2016-11-29 18:31:43,127 DEBUG  
Creating SIP account 10.17.0.201:5060
2016-11-29 18:31:43,236 DEBUG  Phoneline created. Ext = 4555
2016-11-29 18:31:43,237 DEBUG  Phone line state changed: RegistrationRequested
2016-11-29 18:31:43,364 DEBUG  Phone line state changed: RegistrationSucceeded
2016-11-29 18:31:43,366 DEBUG  SipExtensionRegister Ext: 4555
2016-11-29 18:31:43,367 DEBUG  Registration succeeded - Online!
2016-11-29 18:31:43,650 DEBUG  
Creating SIP account 10.17.0.201:5060
2016-11-29 18:31:43,776 DEBUG  Phoneline created. Ext = 4555
2016-11-29 18:31:43,777 DEBUG  Phone line state changed: RegistrationRequested
2016-11-29 18:31:44,000 DEBUG  Phone line state changed: RegistrationSucceeded
2016-11-29 18:31:44,002 DEBUG  SipExtensionRegister Ext: 4555
2016-11-29 18:31:44,003 DEBUG  Registration succeeded - Online!
2016-11-29 18:37:55,434 DEBUG  On Start
2016-11-29 18:37:57,596 DEBUG  
Creating SIP account 10.17.0.201:5060
2016-11-29 18:37:58,221 DEBUG  Phoneline created. Ext = 4555
2016-11-29 18:37:58,236 DEBUG  Phone line state changed: RegistrationRequested
2016-11-29 18:37:58,654 DEBUG  Phone line state changed: RegistrationSucceeded
2016-11-29 18:37:58,659 DEBUG  SipExtensionRegister Ext: 4555
2016-11-29 18:37:58,662 DEBUG  Registration succeeded - Online!
2016-11-29 18:37:58,834 DEBUG  Dail, Ext: 4555, CallTo: 039295559, TranTo: 4556
2016-11-29 18:37:59,163 DEBUG  State Setup
2016-11-29 18:37:59,263 DEBUG  Trying to call: 039295559
2016-11-29 18:37:59,672 DEBUG  State Ringing
2016-11-29 18:37:59,820 DEBUG  State RingingWithEarlyMedia
2016-11-29 18:38:09,268 DEBUG  Dequeue: TimeOut
2016-11-29 18:38:09,276 DEBUG  Call Length: 0 Seconds
2016-11-29 18:38:09,385 DEBUG  Dequeue: End
2016-11-29 18:38:09,389 DEBUG  SetDialerEvent Ext: 4555, RecID: 123456, State: NO_ANSWER
2016-11-29 18:39:10,866 DEBUG  SipExtensionRegister Ext: 4555
2016-11-29 18:40:10,874 DEBUG  SipExtensionRegister Ext: 4555
2016-11-29 18:41:10,880 DEBUG  SipExtensionRegister Ext: 4555
2016-11-29 18:42:10,894 DEBUG  SipExtensionRegister Ext: 4555
2016-11-29 18:43:10,905 DEBUG  SipExtensionRegister Ext: 4555
2016-11-29 18:44:10,912 DEBUG  SipExtensionRegister Ext: 4555
2016-11-30 19:05:47,489 DEBUG  On Start
2016-11-30 19:05:51,599 DEBUG  
Creating SIP account 10.17.0.201:5060
2016-11-30 19:05:52,372 DEBUG  Phoneline created. Ext = 4555
2016-11-30 19:05:52,391 DEBUG  Phone line state changed: RegistrationRequested
2016-11-30 19:05:52,855 DEBUG  Phone line state changed: RegistrationSucceeded
2016-11-30 19:05:52,861 DEBUG  SipExtensionRegister Ext: 4555
2016-11-30 19:05:52,865 DEBUG  Registration succeeded - Online!
2016-11-30 19:05:53,015 DEBUG  Dail, Ext: 4555, CallTo: 039295559, TranTo: 4556
2016-11-30 19:05:53,417 DEBUG  State Setup
2016-11-30 19:05:53,534 DEBUG  Trying to call: 039295559
2016-11-30 19:05:54,571 DEBUG  State Ringing
2016-11-30 19:05:55,246 DEBUG  State RingingWithEarlyMedia
2016-11-30 19:06:00,369 DEBUG  State InCall
2016-11-30 19:06:00,369 DEBUG  Dequeue: Answer
2016-11-30 19:06:06,159 DEBUG  Dequeue: End
2016-11-30 19:14:52,387 DEBUG  On Start
2016-11-30 19:14:56,179 DEBUG  
Creating SIP account 10.17.0.201:5060
2016-11-30 19:14:56,936 DEBUG  Phoneline created. Ext = 4555
2016-11-30 19:14:56,951 DEBUG  Phone line state changed: RegistrationRequested
2016-11-30 19:14:57,460 DEBUG  Phone line state changed: RegistrationSucceeded
2016-11-30 19:14:57,465 DEBUG  SipExtensionRegister Ext: 4555
2016-11-30 19:14:57,469 DEBUG  Registration succeeded - Online!
2016-11-30 19:14:57,553 DEBUG  Dail, Ext: 4555, CallTo: 039295559, TranTo: 4556
2016-11-30 19:14:57,922 DEBUG  State Setup
2016-11-30 19:14:58,044 DEBUG  Trying to call: 039295559
2016-11-30 19:14:58,437 DEBUG  State Ringing
2016-11-30 19:14:58,618 DEBUG  State RingingWithEarlyMedia
2016-11-30 19:16:00,472 DEBUG  On Start
2016-11-30 19:17:15,916 DEBUG  On Start
2016-11-30 19:17:39,457 DEBUG  
Creating SIP account 10.17.0.201:5060
2016-11-30 19:17:40,213 DEBUG  Phoneline created. Ext = 4555
2016-11-30 19:17:40,229 DEBUG  Phone line state changed: RegistrationRequested
2016-11-30 19:17:40,705 DEBUG  Phone line state changed: RegistrationSucceeded
2016-11-30 19:17:40,710 DEBUG  SipExtensionRegister Ext: 4555
2016-11-30 19:17:40,715 DEBUG  Registration succeeded - Online!
2016-11-30 19:17:40,859 DEBUG  Dail, Ext: 4555, CallTo: 039295559, TranTo: 4556
2016-11-30 19:17:41,206 DEBUG  State Setup
2016-11-30 19:17:41,324 DEBUG  Trying to call: 039295559
2016-11-30 19:17:41,816 DEBUG  State Ringing
2016-11-30 19:17:42,067 DEBUG  State RingingWithEarlyMedia
2016-11-30 19:17:47,624 DEBUG  State InCall
2016-11-30 19:17:47,625 DEBUG  Dequeue: Answer
